Archive member included to satisfy reference by file (symbol)

C:/Program Files/SEGGER/SEGGER Embedded Studio for ARM 4.22/lib/libc_v7em_fpv4_sp_d16_hard_t_le_eabi.a(libc2.o)
                              Output/ble_app_blinky_pca10040_s132 Debug/Obj/nrf_log_str_formatter.o (isprint)
C:/Program Files/SEGGER/SEGGER Embedded Studio for ARM 4.22/lib/libc_v7em_fpv4_sp_d16_hard_t_le_eabi.a(libc2_asm.o)
                              Output/ble_app_blinky_pca10040_s132 Debug/Obj/nrf_log_frontend.o (memcpy)
C:/Program Files/SEGGER/SEGGER Embedded Studio for ARM 4.22/lib/libc_v7em_fpv4_sp_d16_hard_t_le_eabi.a(libc.o)
                              C:/Program Files/SEGGER/SEGGER Embedded Studio for ARM 4.22/lib/libc_v7em_fpv4_sp_d16_hard_t_le_eabi.a(libc2.o) (__heap_lock)
C:/Program Files/SEGGER/SEGGER Embedded Studio for ARM 4.22/lib/libc_v7em_fpv4_sp_d16_hard_t_le_eabi.a(libc_asm.o)
                              C:/Program Files/SEGGER/SEGGER Embedded Studio for ARM 4.22/lib/libc_v7em_fpv4_sp_d16_hard_t_le_eabi.a(libc2.o) (__aeabi_uldivmod)
C:/Program Files/SEGGER/SEGGER Embedded Studio for ARM 4.22/lib/libdebugio_v7em_fpv4_sp_d16_hard_t_le_eabi.a(libdebugio.o)
                              Output/ble_app_blinky_pca10040_s132 Debug/Obj/thumb_crt0.o (debug_fopen)
C:/Program Files/SEGGER/SEGGER Embedded Studio for ARM 4.22/lib/libdebugio_mempoll_v7em_fpv4_sp_d16_hard_t_le_eabi.a(mempoll_debug_operations.o)
                              C:/Program Files/SEGGER/SEGGER Embedded Studio for ARM 4.22/lib/libdebugio_v7em_fpv4_sp_d16_hard_t_le_eabi.a(libdebugio.o) (__do_debug_operation)
C:/Program Files/SEGGER/SEGGER Embedded Studio for ARM 4.22/lib/libdebugio_mempoll_v7em_fpv4_sp_d16_hard_t_le_eabi.a(do_nv_debug_operation.o)
                              C:/Program Files/SEGGER/SEGGER Embedded Studio for ARM 4.22/lib/libdebugio_v7em_fpv4_sp_d16_hard_t_le_eabi.a(libdebugio.o) (__do_nvdebug_operation)
C:/Program Files/SEGGER/SEGGER Embedded Studio for ARM 4.22/lib/libm_v7em_fpv4_sp_d16_hard_t_le_eabi.a(libm_asm.o)
                              C:/Program Files/SEGGER/SEGGER Embedded Studio for ARM 4.22/lib/libc_v7em_fpv4_sp_d16_hard_t_le_eabi.a(libc2.o) (__aeabi_i2d)
C:/Program Files/SEGGER/SEGGER Embedded Studio for ARM 4.22/lib/libm_v7em_fpv4_sp_d16_hard_t_le_eabi.a(libm2.o)
                              C:/Program Files/SEGGER/SEGGER Embedded Studio for ARM 4.22/lib/libvfprintf_v7em_fpv4_sp_d16_hard_t_le_eabi.o (frexp)
C:/Program Files/SEGGER/SEGGER Embedded Studio for ARM 4.22/lib/libm_v7em_fpv4_sp_d16_hard_t_le_eabi.a(libm2_asm.o)
                              C:/Program Files/SEGGER/SEGGER Embedded Studio for ARM 4.22/lib/libm_v7em_fpv4_sp_d16_hard_t_le_eabi.a(libm2.o) (fabs)

Discarded input sections

 .text          0x0000000000000000        0x0 Output/ble_app_blinky_pca10040_s132 Debug/Obj/thumb_crt0.o
 .data          0x0000000000000000        0x0 Output/ble_app_blinky_pca10040_s132 Debug/Obj/thumb_crt0.o
 .bss           0x0000000000000000        0x0 Output/ble_app_blinky_pca10040_s132 Debug/Obj/thumb_crt0.o
 .text.__aeabi_read_tp
                0x0000000000000000        0x8 Output/ble_app_blinky_pca10040_s132 Debug/Obj/thumb_crt0.o
 .text.abort    0x0000000000000000        0x2 Output/ble_app_blinky_pca10040_s132 Debug/Obj/thumb_crt0.o
 .text.__assert
                0x0000000000000000        0x2 Output/ble_app_blinky_pca10040_s132 Debug/Obj/thumb_crt0.o
 .text.__aeabi_assert
                0x0000000000000000        0x2 Output/ble_app_blinky_pca10040_s132 Debug/Obj/thumb_crt0.o
 .text.__sync_synchronize
                0x0000000000000000        0x2 Output/ble_app_blinky_pca10040_s132 Debug/Obj/thumb_crt0.o
 .text.__getchar
                0x0000000000000000        0x4 Output/ble_app_blinky_pca10040_s132 Debug/Obj/thumb_crt0.o
 .text.__putchar
                0x0000000000000000        0x4 Output/ble_app_blinky_pca10040_s132 Debug/Obj/thumb_crt0.o
 .text.__open   0x0000000000000000        0x4 Output/ble_app_blinky_pca10040_s132 Debug/Obj/thumb_crt0.o
 .text.__close  0x0000000000000000        0x4 Output/ble_app_blinky_pca10040_s132 Debug/Obj/thumb_crt0.o
 .text.__write  0x0000000000000000        0xa Output/ble_app_blinky_pca10040_s132 Debug/Obj/thumb_crt0.o
 .text.__read   0x0000000000000000        0xa Output/ble_app_blinky_pca10040_s132 Debug/Obj/thumb_crt0.o
 .text.__seek   0x0000000000000000       0x1a Output/ble_app_blinky_pca10040_s132 Debug/Obj/thumb_crt0.o
 .bss.__user_locale_name_buffer
                0x0000000000000000        0x4 Output/ble_app_blinky_pca10040_s132 Debug/Obj/thumb_crt0.o
 .stack         0x0000000000000000        0x0 Output/ble_app_blinky_pca10040_s132 Debug/Obj/thumb_crt0.o
 .stack_process
                0x0000000000000000        0x0 Output/ble_app_blinky_pca10040_s132 Debug/Obj/thumb_crt0.o
 .heap          0x0000000000000000        0x0 Output/ble_app_blinky_pca10040_s132 Debug/Obj/thumb_crt0.o
[...]
Memory Configuration

Name             Origin             Length             Attributes
UNPLACED_SECTIONS 0x0000000100000000 0x0000000000000000 xw
RAM              0x0000000020000000 0x0000000000010000 xw
FLASH            0x0000000000000000 0x0000000000080000 xw
*default*        0x0000000000000000 0xffffffffffffffff

Linker script and memory map

                0x0000000000000000                __vfprintf = __vfprintf_long
                0x0000000000000000                __vfscanf = __vfscanf_int
                0x0000000020000000                __RAM_segment_start__ = 0x20000000
                0x0000000020010000                __RAM_segment_end__ = 0x20010000
                0x0000000000010000                __RAM_segment_size__ = 0x10000
                0x0000000000000000                __FLASH_segment_start__ = 0x0
                0x0000000000080000                __FLASH_segment_end__ = 0x80000
                0x0000000000080000                __FLASH_segment_size__ = 0x80000
                0x0000000000000200                __HEAPSIZE__ = 0x200
                0x0000000000000000                __STACKSIZE_PROCESS__ = 0x0
                0x0000000000000800                __STACKSIZE__ = 0x800
                0x0000000020000000                __reserved_ram_load_start__ = 0x20000000

.reserved_ram   0x0000000020000000     0x2180
                0x0000000020000000                __reserved_ram_start__ = .
 *(.reserved_ram .reserved_ram.*)
                0x0000000020002180                . = MAX (((__reserved_ram_start__ + 0x20002180) - 0x20000000), .)
 *fill*         0x0000000020000000     0x2180 
                0x0000000020002180                __reserved_ram_end__ = (__reserved_ram_start__ + SIZEOF (.reserved_ram))
                0x0000000000002180                __reserved_ram_size__ = SIZEOF (.reserved_ram)
                0x0000000020002180                __reserved_ram_load_end__ = __reserved_ram_end__
                0x0000000000000001                . = ASSERT (((__reserved_ram_start__ == __reserved_ram_end__) || ((__reserved_ram_end__ - __RAM_segment_start__) <= __RAM_segment_size__)), error: .reserved_ram is too large to fit in RAM memory segment)
                0x0000000020002180                __vectors_ram_load_start__ = 0x20002180

.vectors_ram    0x0000000020002180        0x0
                0x0000000020002180                __vectors_ram_start__ = .
                0x0000000020002180                __app_ram_start__ = __vectors_ram_start__
 *(.vectors_ram .vectors_ram.*)
                0x0000000020002180                __vectors_ram_end__ = (__vectors_ram_start__ + SIZEOF (.vectors_ram))
                0x0000000000000000                __vectors_ram_size__ = SIZEOF (.vectors_ram)
                0x0000000020002180                __vectors_ram_load_end__ = __vectors_ram_end__
                0x0000000000000001                . = ASSERT (((__vectors_ram_start__ == __vectors_ram_end__) || ((__vectors_ram_end__ - __RAM_segment_start__) <= __RAM_segment_size__)), error: .vectors_ram is too large to fit in RAM memory segment)
                0x0000000000000001                . = ASSERT ((__reserved_ram_end__ <= __vectors_ram_start__), error: section .reserved_ram overlaps absolute placed section .vectors_ram)
                0x0000000020002180                __nrf_sections_run_load_start__ = ALIGN (__vectors_ram_end__, 0x4)

.nrf_sections_run
                0x0000000020002180        0x0
                0x0000000020002180                __nrf_sections_run_start__ = .
                0x0000000020002180                __start_nrf_sections_run = __nrf_sections_run_start__
 *(.nrf_sections_run .nrf_sections_run.*)
                0x0000000020002180                __nrf_sections_run_end__ = (__nrf_sections_run_start__ + SIZEOF (.nrf_sections_run))
                0x0000000000000000                __nrf_sections_run_size__ = SIZEOF (.nrf_sections_run)
                0x0000000020002180                __nrf_sections_run_load_end__ = __nrf_sections_run_end__
                0x0000000000000001                . = ASSERT (((__nrf_sections_run_start__ == __nrf_sections_run_end__) || ((__nrf_sections_run_end__ - __RAM_segment_start__) <= __RAM_segment_size__)), error: .nrf_sections_run is too large to fit in RAM memory segment)
                0x0000000000000000                __reserved_flash_load_start__ = 0x0

.reserved_flash
                0x0000000000000000    0x23000
                0x0000000000000000                __reserved_flash_start__ = .
 *(.reserved_flash .reserved_flash.*)
                0x0000000000023000                . = MAX (((__reserved_flash_start__ + 0x23000) - 0x0), .)
 *fill*         0x0000000000000000    0x23000 
                0x0000000000023000                __reserved_flash_end__ = (__reserved_flash_start__ + SIZEOF (.reserved_flash))
                0x0000000000023000                __reserved_flash_size__ = SIZEOF (.reserved_flash)
                0x0000000000023000                __reserved_flash_load_end__ = __reserved_flash_end__
                0x0000000000000001                . = ASSERT (((__reserved_flash_start__ == __reserved_flash_end__) || ((__reserved_flash_end__ - __FLASH_segment_start__) <= __FLASH_segment_size__)), error: .reserved_flash is too large to fit in FLASH memory segment)
                0x0000000000023000                __vectors_load_start__ = 0x23000

.vectors        0x0000000000023000       0xdc
                0x0000000000023000                __vectors_start__ = .
 *(.vectors .vectors.*)
 .vectors       0x0000000000023000       0xdc Output/ble_app_blinky_pca10040_s132 Debug/Obj/ses_nrf52_Vectors.o
                0x0000000000023000                _vectors
                0x00000000000230dc                __vectors_end__ = (__vectors_start__ + SIZEOF (.vectors))
                0x00000000000000dc                __vectors_size__ = SIZEOF (.vectors)
                0x00000000000230dc                __vectors_load_end__ = __vectors_end__
                0x0000000000000001                . = ASSERT (((__vectors_start__ == __vectors_end__) || ((__vectors_end__ - __FLASH_segment_start__) <= __FLASH_segment_size__)), error: .vectors is too large to fit in FLASH memory segment)
                0x0000000000000001                . = ASSERT ((__reserved_flash_end__ <= __vectors_start__), error: section .reserved_flash overlaps absolute placed section .vectors)
                0x00000000000230dc                __init_load_start__ = ALIGN (__vectors_end__, 0x4)

.init           0x00000000000230dc      0x214
                0x00000000000230dc                __init_start__ = .
 *(.init .init.*)
 .init          0x00000000000230dc      0x15c Output/ble_app_blinky_pca10040_s132 Debug/Obj/thumb_crt0.o
                0x00000000000230dc                _start
                0x0000000000023190                exit
 .init          0x0000000000023238       0x58 Output/ble_app_blinky_pca10040_s132 Debug/Obj/ses_nRF_Startup.o
                0x0000000000023238                Reset_Handler
                0x000000000002325c                InitializeUserMemorySections
 .init          0x0000000000023290       0x60 Output/ble_app_blinky_pca10040_s132 Debug/Obj/ses_nrf52_Vectors.o
                0x0000000000023290                NMI_Handler
                0x0000000000023292                HardFault_Handler
                0x0000000000023294                MemoryManagement_Handler
                0x0000000000023296                BusFault_Handler
                0x0000000000023298                UsageFault_Handler
                0x000000000002329a                SVC_Handler
                0x000000000002329c                DebugMon_Handler
                0x000000000002329e                PendSV_Handler
                0x00000000000232a0                SysTick_Handler
                0x00000000000232a6                RADIO_IRQHandler
                0x00000000000232aa                SPIM0_SPIS0_TWIM0_TWIS0_SPI0_TWI0_IRQHandler
                0x00000000000232ac                SPIM1_SPIS1_TWIM1_TWIS1_SPI1_TWI1_IRQHandler
                0x00000000000232ae                NFCT_IRQHandler
                0x00000000000232b2                SAADC_IRQHandler
                0x00000000000232b4                TIMER0_IRQHandler
                0x00000000000232b6                TIMER1_IRQHandler
                0x00000000000232b8                TIMER2_IRQHandler
                0x00000000000232ba                RTC0_IRQHandler
                0x00000000000232bc                TEMP_IRQHandler
                0x00000000000232be                RNG_IRQHandler
                0x00000000000232c0                ECB_IRQHandler
                0x00000000000232c2                CCM_AAR_IRQHandler
                0x00000000000232c4                WDT_IRQHandler
                0x00000000000232c8                QDEC_IRQHandler
                0x00000000000232ca                COMP_LPCOMP_IRQHandler
                0x00000000000232ce                SWI1_EGU1_IRQHandler
                0x00000000000232d2                SWI3_EGU3_IRQHandler
                0x00000000000232d4                SWI4_EGU4_IRQHandler
                0x00000000000232d6                SWI5_EGU5_IRQHandler
                0x00000000000232d8                TIMER3_IRQHandler
                0x00000000000232da                TIMER4_IRQHandler
                0x00000000000232dc                PWM0_IRQHandler
                0x00000000000232de                PDM_IRQHandler
                0x00000000000232e0                MWU_IRQHandler
                0x00000000000232e2                PWM1_IRQHandler
                0x00000000000232e4                PWM2_IRQHandler
                0x00000000000232e6                SPIM2_SPIS2_SPI2_IRQHandler
                0x00000000000232e8                RTC2_IRQHandler
                0x00000000000232ea                I2S_IRQHandler
                0x00000000000232ec                FPU_IRQHandler
                0x00000000000232f0                __init_end__ = (__init_start__ + SIZEOF (.init))
                0x0000000000000214                __init_size__ = SIZEOF (.init)
                0x00000000000232f0                __init_load_end__ = __init_end__
                0x0000000000000001                . = ASSERT (((__init_start__ == __init_end__) || ((__init_end__ - __FLASH_segment_start__) <= __FLASH_segment_size__)), error: .init is too large to fit in FLASH memory segment)
                0x00000000000232f0                __init_rodata_load_start__ = ALIGN (__init_end__, 0x4)

.init_rodata    0x00000000000232f0        0x0
                0x00000000000232f0                __init_rodata_start__ = .
 *(.init_rodata .init_rodata.*)
                0x00000000000232f0                __init_rodata_end__ = (__init_rodata_start__ + SIZEOF (.init_rodata))
                0x0000000000000000                __init_rodata_size__ = SIZEOF (.init_rodata)
                0x00000000000232f0                __init_rodata_load_end__ = __init_rodata_end__
                0x0000000000000001                . = ASSERT (((__init_rodata_start__ == __init_rodata_end__) || ((__init_rodata_end__ - __FLASH_segment_start__) <= __FLASH_segment_size__)), error: .init_rodata is too large to fit in FLASH memory segment)
                0x00000000000232f0                __text_load_start__ = ALIGN (__init_rodata_end__, 0x4)

.text           0x00000000000232f0     0x8fce
                0x00000000000232f0                __text_start__ = .
 *(.text .text.* .glue_7t .glue_7 .gnu.linkonce.t.* .gcc_except_table .ARM.extab* .gnu.linkonce.armextab.*)
 .glue_7        0x00000000000232f0        0x0 linker stubs
 .glue_7t       0x00000000000232f0        0x0 linker stubs
 .text.nrf_log_backend_serial_put
                0x00000000000232f0      0x14c Output/ble_app_blinky_pca10040_s132 Debug/Obj/nrf_log_backend_serial.o
                0x00000000000232f0                nrf_log_backend_serial_put
 .text.uart_evt_handler
                0x000000000002343c       0x18 Output/ble_app_blinky_pca10040_s132 Debug/Obj/nrf_log_backend_uart.o
 .text.uart_init
                0x0000000000023454       0x88 Output/ble_app_blinky_pca10040_s132 Debug/Obj/nrf_log_backend_uart.o
 .text.nrf_log_backend_uart_init
                0x00000000000234dc       0x1c Output/ble_app_blinky_pca10040_s132 Debug/Obj/nrf_log_backend_uart.o
                0x00000000000234dc                nrf_log_backend_uart_init
 .text.serial_tx
                0x00000000000234f8       0x6c Output/ble_app_blinky_pca10040_s132 Debug/Obj/nrf_log_backend_uart.o
 .text.nrf_log_backend_uart_put
                0x0000000000023564       0x28 Output/ble_app_blinky_pca10040_s132 Debug/Obj/nrf_log_backend_uart.o
 .text.nrf_log_backend_uart_flush
                0x000000000002358c        0xa Output/ble_app_blinky_pca10040_s132 Debug/Obj/nrf_log_backend_uart.o
 *fill*         0x0000000000023596        0x2 
 .text.nrf_log_backend_uart_panic_set
                0x0000000000023598       0x20 Output/ble_app_blinky_pca10040_s132 Debug/Obj/nrf_log_backend_uart.o
 .text.nrf_log_backend_enable
                0x00000000000235b8       0x10 Output/ble_app_blinky_pca10040_s132 Debug/Obj/nrf_log_default_backends.o
 .text.nrf_log_default_backends_init
                0x00000000000235c8       0x3c Output/ble_app_blinky_pca10040_s132 Debug/Obj/nrf_log_default_backends.o
                0x00000000000235c8                nrf_log_default_backends_init
 .text.nrf_log_backend_put
                0x0000000000023604       0x1c Output/ble_app_blinky_pca10040_s132 Debug/Obj/nrf_log_frontend.o
 .text.nrf_log_backend_panic_set
                0x0000000000023620       0x18 Output/ble_app_blinky_pca10040_s132 Debug/Obj/nrf_log_frontend.o
 .text.nrf_log_backend_id_set
                0x0000000000023638       0x18 Output/ble_app_blinky_pca10040_s132 Debug/Obj/nrf_log_frontend.o
 .text.nrf_log_backend_id_get
                0x0000000000023650        0xe Output/ble_app_blinky_pca10040_s132 Debug/Obj/nrf_log_frontend.o
 .text.nrf_log_backend_enable
                0x000000000002365e       0x10 Output/ble_app_blinky_pca10040_s132 Debug/Obj/nrf_log_frontend.o
 .text.nrf_log_backend_is_enabled
                0x000000000002366e        0xe Output/ble_app_blinky_pca10040_s132 Debug/Obj/nrf_log_frontend.o
 .text.nrf_atomic_u32_or
                0x000000000002367c       0x30 Output/ble_app_blinky_pca10040_s132 Debug/Obj/nrf_log_frontend.o
 .text.nrf_atomic_u32_fetch_and
                0x00000000000236ac       0x30 Output/ble_app_blinky_pca10040_s132 Debug/Obj/nrf_log_frontend.o
 .text.nrf_atomic_flag_set
                0x00000000000236dc       0x18 Output/ble_app_blinky_pca10040_s132 Debug/Obj/nrf_log_frontend.o
 .text.nrf_atomic_flag_clear_fetch
                0x00000000000236f4       0x18 Output/ble_app_blinky_pca10040_s132 Debug/Obj/nrf_log_frontend.o
 .text.nrf_log_init
                0x000000000002370c       0x98 Output/ble_app_blinky_pca10040_s132 Debug/Obj/nrf_log_frontend.o
                0x000000000002370c                nrf_log_init
 .text.nrf_log_module_cnt_get
                0x00000000000237a4       0x14 Output/ble_app_blinky_pca10040_s132 Debug/Obj/nrf_log_frontend.o
                0x00000000000237a4                nrf_log_module_cnt_get
 .text.module_idx_get
                0x00000000000237b8       0x6c Output/ble_app_blinky_pca10040_s132 Debug/Obj/nrf_log_frontend.o
 .text.nrf_log_module_name_get
                0x0000000000023824       0x40 Output/ble_app_blinky_pca10040_s132 Debug/Obj/nrf_log_frontend.o
                0x0000000000023824                nrf_log_module_name_get
 .text.nrf_log_color_id_get
                0x0000000000023864       0x70 Output/ble_app_blinky_pca10040_s132 Debug/Obj/nrf_log_frontend.o
                0x0000000000023864                nrf_log_color_id_get
 .text.log_skip
                0x00000000000238d4      0x11c Output/ble_app_blinky_pca10040_s132 Debug/Obj/nrf_log_frontend.o
 .text.std_header_set
                0x00000000000239f0       0xb8 Output/ble_app_blinky_pca10040_s132 Debug/Obj/nrf_log_frontend.o
 .text.buf_prealloc
                0x0000000000023aa8       0xb4 Output/ble_app_blinky_pca10040_s132 Debug/Obj/nrf_log_frontend.o
 .text.std_n    0x0000000000023b5c       0x90 Output/ble_app_blinky_pca10040_s132 Debug/Obj/nrf_log_frontend.o
 .text.nrf_log_frontend_std_0
                0x0000000000023bec       0x1c Output/ble_app_blinky_pca10040_s132 Debug/Obj/nrf_log_frontend.o
                0x0000000000023bec                nrf_log_frontend_std_0
 .text.nrf_log_frontend_std_1
                0x0000000000023c08       0x22 Output/ble_app_blinky_pca10040_s132 Debug/Obj/nrf_log_frontend.o
                0x0000000000023c08                nrf_log_frontend_std_1
 .text.nrf_log_frontend_std_2
                0x0000000000023c2a       0x28 Output/ble_app_blinky_pca10040_s132 Debug/Obj/nrf_log_frontend.o
                0x0000000000023c2a                nrf_log_frontend_std_2
 .text.nrf_log_frontend_std_4
                0x0000000000023c52       0x30 Output/ble_app_blinky_pca10040_s132 Debug/Obj/nrf_log_frontend.o
                0x0000000000023c52                nrf_log_frontend_std_4
 *fill*         0x0000000000023c82        0x2 
 .text.buffer_is_empty
                0x0000000000023c84       0x1c Output/ble_app_blinky_pca10040_s132 Debug/Obj/nrf_log_frontend.o
                0x0000000000023c84                buffer_is_empty
 .text.nrf_log_frontend_dequeue
                0x0000000000023ca0      0x384 Output/ble_app_blinky_pca10040_s132 Debug/Obj/nrf_log_frontend.o
                0x0000000000023ca0                nrf_log_frontend_dequeue
 .text.backend_id_assign
                0x0000000000024024       0x68 Output/ble_app_blinky_pca10040_s132 Debug/Obj/nrf_log_frontend.o
 .text.nrf_log_backend_add
                0x000000000002408c       0x68 Output/ble_app_blinky_pca10040_s132 Debug/Obj/nrf_log_frontend.o
                0x000000000002408c                nrf_log_backend_add
 .text.nrf_log_panic
                0x00000000000240f4       0x3c Output/ble_app_blinky_pca10040_s132 Debug/Obj/nrf_log_frontend.o
                0x00000000000240f4                nrf_log_panic
 .text.prefix_process
                0x0000000000024130       0x80 Output/ble_app_blinky_pca10040_s132 Debug/Obj/nrf_log_str_formatter.o
 .text.postfix_process
                0x00000000000241b0       0x68 Output/ble_app_blinky_pca10040_s132 Debug/Obj/nrf_log_str_formatter.o
 .text.nrf_log_std_entry_process
                0x0000000000024218      0x144 Output/ble_app_blinky_pca10040_s132 Debug/Obj/nrf_log_str_formatter.o
                0x0000000000024218                nrf_log_std_entry_process
 .text.nrf_log_hexdump_entry_process
                0x000000000002435c       0xe8 Output/ble_app_blinky_pca10040_s132 Debug/Obj/nrf_log_str_formatter.o
                0x000000000002435c                nrf_log_hexdump_entry_process
 .text.detection_delay_timeout_handler
                0x0000000000024444       0xd8 Output/ble_app_blinky_pca10040_s132 Debug/Obj/app_button.o
 .text.gpiote_event_handler
                0x000000000002451c       0xa0 Output/ble_app_blinky_pca10040_s132 Debug/Obj/app_button.o
 .text.app_button_init
                0x00000000000245bc       0xe4 Output/ble_app_blinky_pca10040_s132 Debug/Obj/app_button.o
                0x00000000000245bc                app_button_init
 .text.app_button_enable
                0x00000000000246a0       0x58 Output/ble_app_blinky_pca10040_s132 Debug/Obj/app_button.o
                0x00000000000246a0                app_button_enable
 .text.app_button_disable
                0x00000000000246f8       0x60 Output/ble_app_blinky_pca10040_s132 Debug/Obj/app_button.o
                0x00000000000246f8                app_button_disable
 .text.app_error_handler
                0x0000000000024758       0x30 Output/ble_app_blinky_pca10040_s132 Debug/Obj/app_error.o
                0x0000000000024758                app_error_handler
 .text.app_error_save_and_stop
                0x0000000000024788       0x98 Output/ble_app_blinky_pca10040_s132 Debug/Obj/app_error.o
                0x0000000000024788                app_error_save_and_stop
 .text.app_error_fault_handler
                0x0000000000024820      0x120 Output/ble_app_blinky_pca10040_s132 Debug/Obj/app_error_weak.o
                0x0000000000024820                app_error_fault_handler
 .text.NVIC_EnableIRQ
                0x0000000000024940       0x2c Output/ble_app_blinky_pca10040_s132 Debug/Obj/app_timer.o
 .text.NVIC_DisableIRQ
                0x000000000002496c       0x30 Output/ble_app_blinky_pca10040_s132 Debug/Obj/app_timer.o
 .text.NVIC_SetPendingIRQ
                0x000000000002499c       0x30 Output/ble_app_blinky_pca10040_s132 Debug/Obj/app_timer.o
 .text.NVIC_ClearPendingIRQ
                0x00000000000249cc       0x30 Output/ble_app_blinky_pca10040_s132 Debug/Obj/app_timer.o
 .text.NVIC_SetPriority
                0x00000000000249fc       0x50 Output/ble_app_blinky_pca10040_s132 Debug/Obj/app_timer.o
 .text.nrf_delay_us
                0x0000000000024a4c       0xa0 Output/ble_app_blinky_pca10040_s132 Debug/Obj/app_timer.o
 .text.rtc1_init
                0x0000000000024aec       0x24 Output/ble_app_blinky_pca10040_s132 Debug/Obj/app_timer.o
 .text.rtc1_start
                0x0000000000024b10       0x40 Output/ble_app_blinky_pca10040_s132 Debug/Obj/app_timer.o
 .text.rtc1_stop
                0x0000000000024b50       0x50 Output/ble_app_blinky_pca10040_s132 Debug/Obj/app_timer.o
 .text.rtc1_counter_get
                0x0000000000024ba0       0x10 Output/ble_app_blinky_pca10040_s132 Debug/Obj/app_timer.o
 .text.ticks_diff_get
                0x0000000000024bb0       0x16 Output/ble_app_blinky_pca10040_s132 Debug/Obj/app_timer.o
 *fill*         0x0000000000024bc6        0x2 
 .text.rtc1_compare0_set
                0x0000000000024bc8       0x18 Output/ble_app_blinky_pca10040_s132 Debug/Obj/app_timer.o
 .text.timer_list_insert
                0x0000000000024be0       0xac Output/ble_app_blinky_pca10040_s132 Debug/Obj/app_timer.o
 .text.timer_list_remove
                0x0000000000024c8c       0xc0 Output/ble_app_blinky_pca10040_s132 Debug/Obj/app_timer.o
 .text.timer_timeouts_check_sched
                0x0000000000024d4c        0xc Output/ble_app_blinky_pca10040_s132 Debug/Obj/app_timer.o
 .text.timer_list_handler_sched
                0x0000000000024d58        0xc Output/ble_app_blinky_pca10040_s132 Debug/Obj/app_timer.o
 .text.timeout_handler_exec
                0x0000000000024d64       0x1a Output/ble_app_blinky_pca10040_s132 Debug/Obj/app_timer.o
 *fill*         0x0000000000024d7e        0x2 
 .text.timer_timeouts_check
                0x0000000000024d80       0xc8 Output/ble_app_blinky_pca10040_s132 Debug/Obj/app_timer.o
 .text.elapsed_ticks_acquire
                0x0000000000024e48       0x78 Output/ble_app_blinky_pca10040_s132 Debug/Obj/app_timer.o
 .text.expired_timers_handler
                0x0000000000024ec0       0x94 Output/ble_app_blinky_pca10040_s132 Debug/Obj/app_timer.o
 .text.list_insertions_handler
                0x0000000000024f54      0x1bc Output/ble_app_blinky_pca10040_s132 Debug/Obj/app_timer.o
 .text.compare_reg_update
                0x0000000000025110       0xb0 Output/ble_app_blinky_pca10040_s132 Debug/Obj/app_timer.o
 .text.timer_list_handler
                0x00000000000251c0       0x80 Output/ble_app_blinky_pca10040_s132 Debug/Obj/app_timer.o
 .text.user_op_enque
                0x0000000000025240       0x1c Output/ble_app_blinky_pca10040_s132 Debug/Obj/app_timer.o
 .text.user_op_alloc
                0x000000000002525c       0x5c Output/ble_app_blinky_pca10040_s132 Debug/Obj/app_timer.o
 .text.timer_start_op_schedule
                0x00000000000252b8       0x88 Output/ble_app_blinky_pca10040_s132 Debug/Obj/app_timer.o
 .text.timer_stop_op_schedule
                0x0000000000025340       0x6e Output/ble_app_blinky_pca10040_s132 Debug/Obj/app_timer.o
 *fill*         0x00000000000253ae        0x2 
 .text.RTC1_IRQHandler
                0x00000000000253b0       0x40 Output/ble_app_blinky_pca10040_s132 Debug/Obj/app_timer.o
                0x00000000000253b0                RTC1_IRQHandler
 .text.SWI0_EGU0_IRQHandler
                0x00000000000253f0        0xa Output/ble_app_blinky_pca10040_s132 Debug/Obj/app_timer.o
                0x00000000000253f0                SWI0_EGU0_IRQHandler
 *fill*         0x00000000000253fa        0x2 
 .text.app_timer_init
                0x00000000000253fc       0x68 Output/ble_app_blinky_pca10040_s132 Debug/Obj/app_timer.o
                0x00000000000253fc                app_timer_init
 .text.app_timer_create
                0x0000000000025464       0x60 Output/ble_app_blinky_pca10040_s132 Debug/Obj/app_timer.o
                0x0000000000025464                app_timer_create
 .text.app_timer_start
                0x00000000000254c4       0x64 Output/ble_app_blinky_pca10040_s132 Debug/Obj/app_timer.o
                0x00000000000254c4                app_timer_start
 .text.app_timer_stop
                0x0000000000025528       0x44 Output/ble_app_blinky_pca10040_s132 Debug/Obj/app_timer.o
                0x0000000000025528                app_timer_stop
 .text.__sd_nvic_irq_disable
                0x000000000002556c       0x16 Output/ble_app_blinky_pca10040_s132 Debug/Obj/app_util_platform.o
 .text.__sd_nvic_irq_enable
                0x0000000000025582        0x6 Output/ble_app_blinky_pca10040_s132 Debug/Obj/app_util_platform.o
 .text.sd_nvic_critical_region_enter
                0x0000000000025588       0x74 Output/ble_app_blinky_pca10040_s132 Debug/Obj/app_util_platform.o
 .text.sd_nvic_critical_region_exit
                0x00000000000255fc       0x54 Output/ble_app_blinky_pca10040_s132 Debug/Obj/app_util_platform.o
 .text.app_util_critical_region_enter
                0x0000000000025650       0x2c Output/ble_app_blinky_pca10040_s132 Debug/Obj/app_util_platform.o
                0x0000000000025650                app_util_critical_region_enter
 .text.app_util_critical_region_exit
                0x000000000002567c       0x34 Output/ble_app_blinky_pca10040_s132 Debug/Obj/app_util_platform.o
                0x000000000002567c                app_util_critical_region_exit
 .text.privilege_level_get
                0x00000000000256b0       0x3a Output/ble_app_blinky_pca10040_s132 Debug/Obj/app_util_platform.o
                0x00000000000256b0                privilege_level_get
 *fill*         0x00000000000256ea        0x2 
 .text.nrf_balloc_idx2block
                0x00000000000256ec       0x38 Output/ble_app_blinky_pca10040_s132 Debug/Obj/nrf_balloc.o
 .text.nrf_balloc_block2idx
                0x0000000000025724       0x34 Output/ble_app_blinky_pca10040_s132 Debug/Obj/nrf_balloc.o
 .text.nrf_balloc_init
                0x0000000000025758       0xb0 Output/ble_app_blinky_pca10040_s132 Debug/Obj/nrf_balloc.o
                0x0000000000025758                nrf_balloc_init
 .text.nrf_balloc_alloc
                0x0000000000025808       0x90 Output/ble_app_blinky_pca10040_s132 Debug/Obj/nrf_balloc.o
                0x0000000000025808                nrf_balloc_alloc
 .text.nrf_balloc_free
                0x0000000000025898       0x68 Output/ble_app_blinky_pca10040_s132 Debug/Obj/nrf_balloc.o
                0x0000000000025898                nrf_balloc_free
 .text.nrf_fprintf_buffer_flush
                0x0000000000025900       0x44 Output/ble_app_blinky_pca10040_s132 Debug/Obj/nrf_fprintf.o
                0x0000000000025900                nrf_fprintf_buffer_flush
 .text.nrf_fprintf
                0x0000000000025944       0x74 Output/ble_app_blinky_pca10040_s132 Debug/Obj/nrf_fprintf.o
                0x0000000000025944                nrf_fprintf
 .text.buffer_add
                0x00000000000259b8       0x3c Output/ble_app_blinky_pca10040_s132 Debug/Obj/nrf_fprintf_format.o
 .text.string_print
                0x00000000000259f4       0xc2 Output/ble_app_blinky_pca10040_s132 Debug/Obj/nrf_fprintf_format.o
 *fill*         0x0000000000025ab6        0x2 
 .text.unsigned_print
                0x0000000000025ab8      0x130 Output/ble_app_blinky_pca10040_s132 Debug/Obj/nrf_fprintf_format.o
 .text.int_print
                0x0000000000025be8      0x11c Output/ble_app_blinky_pca10040_s132 Debug/Obj/nrf_fprintf_format.o
 .text.nrf_fprintf_fmt
                0x0000000000025d04      0x43c Output/ble_app_blinky_pca10040_s132 Debug/Obj/nrf_fprintf_format.o
                0x0000000000025d04                nrf_fprintf_fmt
 .text.nrf_atomic_u32_add
                0x0000000000026140       0x30 Output/ble_app_blinky_pca10040_s132 Debug/Obj/nrf_memobj.o
 .text.nrf_atomic_u32_sub
                0x0000000000026170       0x30 Output/ble_app_blinky_pca10040_s132 Debug/Obj/nrf_memobj.o
 .text.nrf_memobj_pool_init
                0x00000000000261a0       0x16 Output/ble_app_blinky_pca10040_s132 Debug/Obj/nrf_memobj.o
                0x00000000000261a0                nrf_memobj_pool_init
 .text.nrf_memobj_alloc
                0x00000000000261b6       0xae Output/ble_app_blinky_pca10040_s132 Debug/Obj/nrf_memobj.o
                0x00000000000261b6                nrf_memobj_alloc
 .text.nrf_memobj_free
                0x0000000000026264       0x72 Output/ble_app_blinky_pca10040_s132 Debug/Obj/nrf_memobj.o
                0x0000000000026264                nrf_memobj_free
 .text.nrf_memobj_get
                0x00000000000262d6       0x1e Output/ble_app_blinky_pca10040_s132 Debug/Obj/nrf_memobj.o
                0x00000000000262d6                nrf_memobj_get
 .text.nrf_memobj_put
                0x00000000000262f4       0x34 Output/ble_app_blinky_pca10040_s132 Debug/Obj/nrf_memobj.o
                0x00000000000262f4                nrf_memobj_put
 .text.memobj_op
                0x0000000000026328      0x100 Output/ble_app_blinky_pca10040_s132 Debug/Obj/nrf_memobj.o
 .text.nrf_memobj_write
                0x0000000000026428       0x24 Output/ble_app_blinky_pca10040_s132 Debug/Obj/nrf_memobj.o
                0x0000000000026428                nrf_memobj_write
 .text.nrf_memobj_read
                0x000000000002644c       0x24 Output/ble_app_blinky_pca10040_s132 Debug/Obj/nrf_memobj.o
                0x000000000002644c                nrf_memobj_read
 .text.nrf_section_iter_init
                0x0000000000026470       0x54 Output/ble_app_blinky_pca10040_s132 Debug/Obj/nrf_section_iter.o
                0x0000000000026470                nrf_section_iter_init
 .text.nrf_section_iter_next
                0x00000000000264c4       0x64 Output/ble_app_blinky_pca10040_s132 Debug/Obj/nrf_section_iter.o
                0x00000000000264c4                nrf_section_iter_next
 .text.nrf_strerror_get
                0x0000000000026528       0x28 Output/ble_app_blinky_pca10040_s132 Debug/Obj/nrf_strerror.o
                0x0000000000026528                nrf_strerror_get
 .text.nrf_strerror_find
                0x0000000000026550       0x68 Output/ble_app_blinky_pca10040_s132 Debug/Obj/nrf_strerror.o
                0x0000000000026550                nrf_strerror_find
 .text.sdk_mapped_flags_set_by_index
                0x00000000000265b8       0x24 Output/ble_app_blinky_pca10040_s132 Debug/Obj/sdk_mapped_flags.o
 .text.sdk_mapped_flags_clear_by_index
                0x00000000000265dc       0x26 Output/ble_app_blinky_pca10040_s132 Debug/Obj/sdk_mapped_flags.o
 .text.sdk_mapped_flags_get_by_index
                0x0000000000026602       0x2a Output/ble_app_blinky_pca10040_s132 Debug/Obj/sdk_mapped_flags.o
 .text.sdk_mapped_flags_first_key_index_get
                0x000000000002662c       0x44 Output/ble_app_blinky_pca10040_s132 Debug/Obj/sdk_mapped_flags.o
                0x000000000002662c                sdk_mapped_flags_first_key_index_get
 .text.sdk_mapped_flags_update_by_key
                0x0000000000026670       0x36 Output/ble_app_blinky_pca10040_s132 Debug/Obj/sdk_mapped_flags.o
                0x0000000000026670                sdk_mapped_flags_update_by_key
 .text.sdk_mapped_flags_bulk_update_by_key
                0x00000000000266a6       0x92 Output/ble_app_blinky_pca10040_s132 Debug/Obj/sdk_mapped_flags.o
                0x00000000000266a6                sdk_mapped_flags_bulk_update_by_key
 .text.sdk_mapped_flags_key_list_get
                0x0000000000026738       0x68 Output/ble_app_blinky_pca10040_s132 Debug/Obj/sdk_mapped_flags.o
                0x0000000000026738                sdk_mapped_flags_key_list_get
 .text.nrf_gpio_pin_port_decode
                0x00000000000267a0       0x28 Output/ble_app_blinky_pca10040_s132 Debug/Obj/boards.o
 .text.nrf_gpio_cfg
                0x00000000000267c8       0x62 Output/ble_app_blinky_pca10040_s132 Debug/Obj/boards.o
 .text.nrf_gpio_cfg_output
                0x000000000002682a       0x22 Output/ble_app_blinky_pca10040_s132 Debug/Obj/boards.o
 .text.nrf_gpio_pin_set
                0x000000000002684c       0x28 Output/ble_app_blinky_pca10040_s132 Debug/Obj/boards.o
 .text.nrf_gpio_pin_clear
                0x0000000000026874       0x28 Output/ble_app_blinky_pca10040_s132 Debug/Obj/boards.o
 .text.nrf_gpio_pin_write
                0x000000000002689c       0x24 Output/ble_app_blinky_pca10040_s132 Debug/Obj/boards.o
 .text.nrf_gpio_port_out_set
                0x00000000000268c0       0x14 Output/ble_app_blinky_pca10040_s132 Debug/Obj/boards.o
 .text.nrf_gpio_port_out_clear
                0x00000000000268d4       0x14 Output/ble_app_blinky_pca10040_s132 Debug/Obj/boards.o
 .text.bsp_board_led_on
                0x00000000000268e8       0x34 Output/ble_app_blinky_pca10040_s132 Debug/Obj/boards.o
                0x00000000000268e8                bsp_board_led_on
 .text.bsp_board_led_off
                0x000000000002691c       0x34 Output/ble_app_blinky_pca10040_s132 Debug/Obj/boards.o
                0x000000000002691c                bsp_board_led_off
 .text.bsp_board_leds_off
                0x0000000000026950       0x24 Output/ble_app_blinky_pca10040_s132 Debug/Obj/boards.o
                0x0000000000026950                bsp_board_leds_off
 .text.bsp_board_leds_init
                0x0000000000026974       0x34 Output/ble_app_blinky_pca10040_s132 Debug/Obj/boards.o
                0x0000000000026974                bsp_board_leds_init
 .text.NVIC_DisableIRQ
                0x00000000000269a8       0x30 Output/ble_app_blinky_pca10040_s132 Debug/Obj/nrf_drv_clock.o
 .text.nrf_clock_int_disable
                0x00000000000269d8       0x14 Output/ble_app_blinky_pca10040_s132 Debug/Obj/nrf_drv_clock.o
 .text.nrf_clock_task_trigger
                0x00000000000269ec       0x1a Output/ble_app_blinky_pca10040_s132 Debug/Obj/nrf_drv_clock.o
 .text.nrf_clock_event_clear
                0x0000000000026a06       0x28 Output/ble_app_blinky_pca10040_s132 Debug/Obj/nrf_drv_clock.o
 .text.nrf_clock_event_check
                0x0000000000026a2e       0x22 Output/ble_app_blinky_pca10040_s132 Debug/Obj/nrf_drv_clock.o
 .text.nrf_clock_lf_src_set
                0x0000000000026a50       0x1e Output/ble_app_blinky_pca10040_s132 Debug/Obj/nrf_drv_clock.o
 .text.nrf_clock_lf_is_running
                0x0000000000026a6e       0x1c Output/ble_app_blinky_pca10040_s132 Debug/Obj/nrf_drv_clock.o
 *fill*         0x0000000000026a8a        0x2 
 .text.nrf_drv_common_irq_enable_check
                0x0000000000026a8c       0x38 Output/ble_app_blinky_pca10040_s132 Debug/Obj/nrf_drv_clock.o
 .text.nrf_drv_common_power_clock_irq_init
                0x0000000000026ac4       0x20 Output/ble_app_blinky_pca10040_s132 Debug/Obj/nrf_drv_clock.o
 .text.lfclk_stop
                0x0000000000026ae4       0x40 Output/ble_app_blinky_pca10040_s132 Debug/Obj/nrf_drv_clock.o
 .text.nrf_drv_clock_init
                0x0000000000026b24       0x5c Output/ble_app_blinky_pca10040_s132 Debug/Obj/nrf_drv_clock.o
                0x0000000000026b24                nrf_drv_clock_init
 .text.item_dequeue
                0x0000000000026b80       0x20 Output/ble_app_blinky_pca10040_s132 Debug/Obj/nrf_drv_clock.o
 .text.nrf_drv_clock_lfclk_release
                0x0000000000026ba0       0x68 Output/ble_app_blinky_pca10040_s132 Debug/Obj/nrf_drv_clock.o
                0x0000000000026ba0                nrf_drv_clock_lfclk_release
 .text.clock_clk_started_notify
                0x0000000000026c08       0x4c Output/ble_app_blinky_pca10040_s132 Debug/Obj/nrf_drv_clock.o
 .text.POWER_CLOCK_IRQHandler
                0x0000000000026c54       0x5c Output/ble_app_blinky_pca10040_s132 Debug/Obj/nrf_drv_clock.o
                0x0000000000026c54                POWER_CLOCK_IRQHandler
 .text.soc_evt_handler
                0x0000000000026cb0       0x1c Output/ble_app_blinky_pca10040_s132 Debug/Obj/nrf_drv_clock.o
 .text.sd_state_evt_handler
                0x0000000000026ccc       0x94 Output/ble_app_blinky_pca10040_s132 Debug/Obj/nrf_drv_clock.o
 .text.NVIC_EnableIRQ
                0x0000000000026d60       0x2c Output/ble_app_blinky_pca10040_s132 Debug/Obj/nrf_drv_common.o
 .text.NVIC_ClearPendingIRQ
                0x0000000000026d8c       0x30 Output/ble_app_blinky_pca10040_s132 Debug/Obj/nrf_drv_common.o
 .text.NVIC_SetPriority
                0x0000000000026dbc       0x50 Output/ble_app_blinky_pca10040_s132 Debug/Obj/nrf_drv_common.o
 .text.nrf_drv_common_irq_enable
                0x0000000000026e0c       0x6c Output/ble_app_blinky_pca10040_s132 Debug/Obj/nrf_drv_common.o
                0x0000000000026e0c                nrf_drv_common_irq_enable
 .text.nrf_gpiote_event_is_set
                0x0000000000026e78       0x2a Output/ble_app_blinky_pca10040_s132 Debug/Obj/nrf_drv_gpiote.o
 .text.nrf_gpiote_event_clear
                0x0000000000026ea2       0x36 Output/ble_app_blinky_pca10040_s132 Debug/Obj/nrf_drv_gpiote.o
 .text.nrf_gpiote_event_addr_get
                0x0000000000026ed8       0x1a Output/ble_app_blinky_pca10040_s132 Debug/Obj/nrf_drv_gpiote.o
 *fill*         0x0000000000026ef2        0x2 
 .text.nrf_gpiote_int_enable
                0x0000000000026ef4       0x18 Output/ble_app_blinky_pca10040_s132 Debug/Obj/nrf_drv_gpiote.o
 .text.nrf_gpiote_int_disable
                0x0000000000026f0c       0x18 Output/ble_app_blinky_pca10040_s132 Debug/Obj/nrf_drv_gpiote.o
 .text.nrf_gpiote_int_is_enabled
                0x0000000000026f24       0x18 Output/ble_app_blinky_pca10040_s132 Debug/Obj/nrf_drv_gpiote.o
 .text.nrf_gpiote_event_enable
                0x0000000000026f3c       0x2c Output/ble_app_blinky_pca10040_s132 Debug/Obj/nrf_drv_gpiote.o
 .text.nrf_gpiote_event_disable
                0x0000000000026f68       0x2c Output/ble_app_blinky_pca10040_s132 Debug/Obj/nrf_drv_gpiote.o
 .text.nrf_gpiote_event_configure
                0x0000000000026f94       0x64 Output/ble_app_blinky_pca10040_s132 Debug/Obj/nrf_drv_gpiote.o
 .text.nrf_gpiote_event_pin_get
                0x0000000000026ff8       0x20 Output/ble_app_blinky_pca10040_s132 Debug/Obj/nrf_drv_gpiote.o
 .text.nrf_gpiote_event_polarity_get
                0x0000000000027018       0x24 Output/ble_app_blinky_pca10040_s132 Debug/Obj/nrf_drv_gpiote.o
 .text.nrf_gpio_pin_port_decode
                0x000000000002703c       0x28 Output/ble_app_blinky_pca10040_s132 Debug/Obj/nrf_drv_gpiote.o
 .text.nrf_gpio_cfg
                0x0000000000027064       0x62 Output/ble_app_blinky_pca10040_s132 Debug/Obj/nrf_drv_gpiote.o
 .text.nrf_gpio_cfg_input
                0x00000000000270c6       0x2c Output/ble_app_blinky_pca10040_s132 Debug/Obj/nrf_drv_gpiote.o
 .text.nrf_gpio_cfg_watcher
                0x00000000000270f2       0x38 Output/ble_app_blinky_pca10040_s132 Debug/Obj/nrf_drv_gpiote.o
 .text.nrf_gpio_cfg_sense_set
                0x000000000002712a       0x5c Output/ble_app_blinky_pca10040_s132 Debug/Obj/nrf_drv_gpiote.o
 .text.nrf_gpio_pin_read
                0x0000000000027186       0x2a Output/ble_app_blinky_pca10040_s132 Debug/Obj/nrf_drv_gpiote.o
 .text.nrf_gpio_pin_sense_get
                0x00000000000271b0       0x2c Output/ble_app_blinky_pca10040_s132 Debug/Obj/nrf_drv_gpiote.o
 .text.nrf_gpio_port_in_read
                0x00000000000271dc       0x10 Output/ble_app_blinky_pca10040_s132 Debug/Obj/nrf_drv_gpiote.o
 .text.nrf_gpio_ports_read
                0x00000000000271ec       0x68 Output/ble_app_blinky_pca10040_s132 Debug/Obj/nrf_drv_gpiote.o
 .text.nrf_bitmask_bit_is_set
                0x0000000000027254       0x30 Output/ble_app_blinky_pca10040_s132 Debug/Obj/nrf_drv_gpiote.o
 .text.nrf_bitmask_bit_set
                0x0000000000027284       0x40 Output/ble_app_blinky_pca10040_s132 Debug/Obj/nrf_drv_gpiote.o
 .text.pin_in_use_by_te
                0x00000000000272c4       0x3c Output/ble_app_blinky_pca10040_s132 Debug/Obj/nrf_drv_gpiote.o
 .text.pin_in_use_by_port
                0x0000000000027300       0x24 Output/ble_app_blinky_pca10040_s132 Debug/Obj/nrf_drv_gpiote.o
 .text.pin_in_use_by_gpiote
                0x0000000000027324       0x24 Output/ble_app_blinky_pca10040_s132 Debug/Obj/nrf_drv_gpiote.o
 .text.pin_in_use_by_te_set
                0x0000000000027348       0x50 Output/ble_app_blinky_pca10040_s132 Debug/Obj/nrf_drv_gpiote.o
 .text.pin_in_use_clear
                0x0000000000027398       0x1c Output/ble_app_blinky_pca10040_s132 Debug/Obj/nrf_drv_gpiote.o
 .text.channel_port_get
                0x00000000000273b4       0x1c Output/ble_app_blinky_pca10040_s132 Debug/Obj/nrf_drv_gpiote.o
 .text.channel_handler_get
                0x00000000000273d0       0x18 Output/ble_app_blinky_pca10040_s132 Debug/Obj/nrf_drv_gpiote.o
 .text.channel_port_alloc
                0x00000000000273e8       0x7c Output/ble_app_blinky_pca10040_s132 Debug/Obj/nrf_drv_gpiote.o
 .text.channel_free
                0x0000000000027464       0x38 Output/ble_app_blinky_pca10040_s132 Debug/Obj/nrf_drv_gpiote.o
 .text.nrf_drv_gpiote_init
                0x000000000002749c       0x90 Output/ble_app_blinky_pca10040_s132 Debug/Obj/nrf_drv_gpiote.o
                0x000000000002749c                nrf_drv_gpiote_init
 .text.nrf_drv_gpiote_is_init
                0x000000000002752c       0x18 Output/ble_app_blinky_pca10040_s132 Debug/Obj/nrf_drv_gpiote.o
                0x000000000002752c                nrf_drv_gpiote_is_init
 .text.nrf_drv_gpiote_in_init
                0x0000000000027544       0xc8 Output/ble_app_blinky_pca10040_s132 Debug/Obj/nrf_drv_gpiote.o
                0x0000000000027544                nrf_drv_gpiote_in_init
 .text.nrf_drv_gpiote_in_event_enable
                0x000000000002760c      0x110 Output/ble_app_blinky_pca10040_s132 Debug/Obj/nrf_drv_gpiote.o
                0x000000000002760c                nrf_drv_gpiote_in_event_enable
 .text.nrf_drv_gpiote_in_event_disable
                0x000000000002771c       0x7c Output/ble_app_blinky_pca10040_s132 Debug/Obj/nrf_drv_gpiote.o
                0x000000000002771c                nrf_drv_gpiote_in_event_disable
 .text.nrf_drv_gpiote_in_is_set
                0x0000000000027798       0x34 Output/ble_app_blinky_pca10040_s132 Debug/Obj/nrf_drv_gpiote.o
                0x0000000000027798                nrf_drv_gpiote_in_is_set
 .text.GPIOTE_IRQHandler
                0x00000000000277cc      0x2e0 Output/ble_app_blinky_pca10040_s132 Debug/Obj/nrf_drv_gpiote.o
                0x00000000000277cc                GPIOTE_IRQHandler
 .text.NVIC_DisableIRQ
                0x0000000000027aac       0x30 Output/ble_app_blinky_pca10040_s132 Debug/Obj/nrf_drv_uart.o
 .text.nrf_uart_event_clear
                0x0000000000027adc       0x2a Output/ble_app_blinky_pca10040_s132 Debug/Obj/nrf_drv_uart.o
 .text.nrf_uart_event_check
                0x0000000000027b06       0x24 Output/ble_app_blinky_pca10040_s132 Debug/Obj/nrf_drv_uart.o
 .text.nrf_uart_int_enable
                0x0000000000027b2a       0x14 Output/ble_app_blinky_pca10040_s132 Debug/Obj/nrf_drv_uart.o
 .text.nrf_uart_int_enable_check
                0x0000000000027b3e       0x20 Output/ble_app_blinky_pca10040_s132 Debug/Obj/nrf_drv_uart.o
 .text.nrf_uart_int_disable
                0x0000000000027b5e       0x14 Output/ble_app_blinky_pca10040_s132 Debug/Obj/nrf_drv_uart.o
 .text.nrf_uart_errorsrc_get_and_clear
                0x0000000000027b72       0x1c Output/ble_app_blinky_pca10040_s132 Debug/Obj/nrf_drv_uart.o
 .text.nrf_uart_enable
                0x0000000000027b8e       0x12 Output/ble_app_blinky_pca10040_s132 Debug/Obj/nrf_drv_uart.o
 .text.nrf_uart_disable
                0x0000000000027ba0       0x12 Output/ble_app_blinky_pca10040_s132 Debug/Obj/nrf_drv_uart.o
 .text.nrf_uart_txrx_pins_set
                0x0000000000027bb2       0x1e Output/ble_app_blinky_pca10040_s132 Debug/Obj/nrf_drv_uart.o
 .text.nrf_uart_txrx_pins_disconnect
                0x0000000000027bd0       0x1c Output/ble_app_blinky_pca10040_s132 Debug/Obj/nrf_drv_uart.o
 .text.nrf_uart_tx_pin_get
                0x0000000000027bec       0x10 Output/ble_app_blinky_pca10040_s132 Debug/Obj/nrf_drv_uart.o
 .text.nrf_uart_rx_pin_get
                0x0000000000027bfc       0x10 Output/ble_app_blinky_pca10040_s132 Debug/Obj/nrf_drv_uart.o
 .text.nrf_uart_rts_pin_get
                0x0000000000027c0c       0x10 Output/ble_app_blinky_pca10040_s132 Debug/Obj/nrf_drv_uart.o
 .text.nrf_uart_cts_pin_get
                0x0000000000027c1c       0x10 Output/ble_app_blinky_pca10040_s132 Debug/Obj/nrf_drv_uart.o
 .text.nrf_uart_hwfc_pins_set
                0x0000000000027c2c       0x1e Output/ble_app_blinky_pca10040_s132 Debug/Obj/nrf_drv_uart.o
 .text.nrf_uart_hwfc_pins_disconnect
                0x0000000000027c4a       0x1c Output/ble_app_blinky_pca10040_s132 Debug/Obj/nrf_drv_uart.o
 .text.nrf_uart_rxd_get
                0x0000000000027c66       0x12 Output/ble_app_blinky_pca10040_s132 Debug/Obj/nrf_drv_uart.o
 .text.nrf_uart_txd_set
                0x0000000000027c78       0x1a Output/ble_app_blinky_pca10040_s132 Debug/Obj/nrf_drv_uart.o
 .text.nrf_uart_task_trigger
                0x0000000000027c92       0x1c Output/ble_app_blinky_pca10040_s132 Debug/Obj/nrf_drv_uart.o
 .text.nrf_uart_configure
                0x0000000000027cae       0x2a Output/ble_app_blinky_pca10040_s132 Debug/Obj/nrf_drv_uart.o
 .text.nrf_uart_baudrate_set
                0x0000000000027cd8       0x14 Output/ble_app_blinky_pca10040_s132 Debug/Obj/nrf_drv_uart.o
 .text.nrf_uarte_event_clear
                0x0000000000027cec       0x2a Output/ble_app_blinky_pca10040_s132 Debug/Obj/nrf_drv_uart.o
 .text.nrf_uarte_event_check
                0x0000000000027d16       0x24 Output/ble_app_blinky_pca10040_s132 Debug/Obj/nrf_drv_uart.o
 .text.nrf_uarte_shorts_disable
                0x0000000000027d3a       0x1e Output/ble_app_blinky_pca10040_s132 Debug/Obj/nrf_drv_uart.o
 .text.nrf_uarte_int_enable
                0x0000000000027d58       0x14 Output/ble_app_blinky_pca10040_s132 Debug/Obj/nrf_drv_uart.o
 .text.nrf_uarte_int_disable
                0x0000000000027d6c       0x14 Output/ble_app_blinky_pca10040_s132 Debug/Obj/nrf_drv_uart.o
 .text.nrf_uarte_errorsrc_get_and_clear
                0x0000000000027d80       0x1c Output/ble_app_blinky_pca10040_s132 Debug/Obj/nrf_drv_uart.o
 .text.nrf_uarte_enable
                0x0000000000027d9c       0x12 Output/ble_app_blinky_pca10040_s132 Debug/Obj/nrf_drv_uart.o
 .text.nrf_uarte_disable
                0x0000000000027dae       0x12 Output/ble_app_blinky_pca10040_s132 Debug/Obj/nrf_drv_uart.o
 .text.nrf_uarte_txrx_pins_set
                0x0000000000027dc0       0x1e Output/ble_app_blinky_pca10040_s132 Debug/Obj/nrf_drv_uart.o
 .text.nrf_uarte_txrx_pins_disconnect
                0x0000000000027dde       0x1c Output/ble_app_blinky_pca10040_s132 Debug/Obj/nrf_drv_uart.o
 .text.nrf_uarte_tx_pin_get
                0x0000000000027dfa       0x10 Output/ble_app_blinky_pca10040_s132 Debug/Obj/nrf_drv_uart.o
 .text.nrf_uarte_rx_pin_get
                0x0000000000027e0a       0x10 Output/ble_app_blinky_pca10040_s132 Debug/Obj/nrf_drv_uart.o
 .text.nrf_uarte_rts_pin_get
                0x0000000000027e1a       0x10 Output/ble_app_blinky_pca10040_s132 Debug/Obj/nrf_drv_uart.o
 .text.nrf_uarte_cts_pin_get
                0x0000000000027e2a       0x10 Output/ble_app_blinky_pca10040_s132 Debug/Obj/nrf_drv_uart.o
 .text.nrf_uarte_hwfc_pins_set
                0x0000000000027e3a       0x1e Output/ble_app_blinky_pca10040_s132 Debug/Obj/nrf_drv_uart.o
 .text.nrf_uarte_hwfc_pins_disconnect
                0x0000000000027e58       0x1c Output/ble_app_blinky_pca10040_s132 Debug/Obj/nrf_drv_uart.o
 .text.nrf_uarte_task_trigger
                0x0000000000027e74       0x1c Output/ble_app_blinky_pca10040_s132 Debug/Obj/nrf_drv_uart.o
 .text.nrf_uarte_configure
                0x0000000000027e90       0x2a Output/ble_app_blinky_pca10040_s132 Debug/Obj/nrf_drv_uart.o
 .text.nrf_uarte_baudrate_set
                0x0000000000027eba       0x14 Output/ble_app_blinky_pca10040_s132 Debug/Obj/nrf_drv_uart.o
 .text.nrf_uarte_tx_buffer_set
                0x0000000000027ece       0x24 Output/ble_app_blinky_pca10040_s132 Debug/Obj/nrf_drv_uart.o
 .text.nrf_uarte_tx_amount_get
                0x0000000000027ef2       0x10 Output/ble_app_blinky_pca10040_s132 Debug/Obj/nrf_drv_uart.o
 .text.nrf_uarte_rx_amount_get
                0x0000000000027f02       0x10 Output/ble_app_blinky_pca10040_s132 Debug/Obj/nrf_drv_uart.o
 .text.nrf_drv_common_irq_disable
                0x0000000000027f12       0x1c Output/ble_app_blinky_pca10040_s132 Debug/Obj/nrf_drv_uart.o
 .text.nrf_drv_get_IRQn
                0x0000000000027f2e       0x16 Output/ble_app_blinky_pca10040_s132 Debug/Obj/nrf_drv_uart.o
 .text.nrf_drv_is_in_RAM
                0x0000000000027f44       0x1c Output/ble_app_blinky_pca10040_s132 Debug/Obj/nrf_drv_uart.o
 .text.nrf_gpio_pin_port_decode
                0x0000000000027f60       0x28 Output/ble_app_blinky_pca10040_s132 Debug/Obj/nrf_drv_uart.o
 .text.nrf_gpio_cfg
                0x0000000000027f88       0x62 Output/ble_app_blinky_pca10040_s132 Debug/Obj/nrf_drv_uart.o
 .text.nrf_gpio_cfg_output
                0x0000000000027fea       0x22 Output/ble_app_blinky_pca10040_s132 Debug/Obj/nrf_drv_uart.o
 .text.nrf_gpio_cfg_input
                0x000000000002800c       0x2c Output/ble_app_blinky_pca10040_s132 Debug/Obj/nrf_drv_uart.o
 .text.nrf_gpio_cfg_default
                0x0000000000028038       0x22 Output/ble_app_blinky_pca10040_s132 Debug/Obj/nrf_drv_uart.o
 .text.nrf_gpio_pin_set
                0x000000000002805a       0x28 Output/ble_app_blinky_pca10040_s132 Debug/Obj/nrf_drv_uart.o
 .text.nrf_gpio_port_out_set
                0x0000000000028082       0x14 Output/ble_app_blinky_pca10040_s132 Debug/Obj/nrf_drv_uart.o
 *fill*         0x0000000000028096        0x2 
 .text.apply_config
                0x0000000000028098      0x160 Output/ble_app_blinky_pca10040_s132 Debug/Obj/nrf_drv_uart.o
 .text.interrupts_enable
                0x00000000000281f8       0xd4 Output/ble_app_blinky_pca10040_s132 Debug/Obj/nrf_drv_uart.o
 .text.interrupts_disable
                0x00000000000282cc       0x6c Output/ble_app_blinky_pca10040_s132 Debug/Obj/nrf_drv_uart.o
 .text.pins_to_default
                0x0000000000028338       0xe8 Output/ble_app_blinky_pca10040_s132 Debug/Obj/nrf_drv_uart.o
 .text.uart_enable
                0x0000000000028420       0x3c Output/ble_app_blinky_pca10040_s132 Debug/Obj/nrf_drv_uart.o
 .text.uart_disable
                0x000000000002845c       0x3c Output/ble_app_blinky_pca10040_s132 Debug/Obj/nrf_drv_uart.o
 .text.nrf_drv_uart_init
                0x0000000000028498       0xa4 Output/ble_app_blinky_pca10040_s132 Debug/Obj/nrf_drv_uart.o
                0x0000000000028498                nrf_drv_uart_init
 .text.nrf_drv_uart_uninit
                0x000000000002853c       0x44 Output/ble_app_blinky_pca10040_s132 Debug/Obj/nrf_drv_uart.o
                0x000000000002853c                nrf_drv_uart_uninit
 .text.tx_byte  0x0000000000028580       0x46 Output/ble_app_blinky_pca10040_s132 Debug/Obj/nrf_drv_uart.o
 *fill*         0x00000000000285c6        0x2 
 .text.nrf_drv_uart_tx_for_uart
                0x00000000000285c8       0xe4 Output/ble_app_blinky_pca10040_s132 Debug/Obj/nrf_drv_uart.o
 .text.nrf_drv_uart_tx_for_uarte
                0x00000000000286ac       0xbc Output/ble_app_blinky_pca10040_s132 Debug/Obj/nrf_drv_uart.o
 .text.nrf_drv_uart_tx
                0x0000000000028768       0xd8 Output/ble_app_blinky_pca10040_s132 Debug/Obj/nrf_drv_uart.o
                0x0000000000028768                nrf_drv_uart_tx
 .text.nrf_drv_uart_tx_in_progress
                0x0000000000028840       0x28 Output/ble_app_blinky_pca10040_s132 Debug/Obj/nrf_drv_uart.o
                0x0000000000028840                nrf_drv_uart_tx_in_progress
 .text.rx_byte  0x0000000000028868       0x54 Output/ble_app_blinky_pca10040_s132 Debug/Obj/nrf_drv_uart.o
 .text.rx_done_event
                0x00000000000288bc       0x36 Output/ble_app_blinky_pca10040_s132 Debug/Obj/nrf_drv_uart.o
 .text.tx_done_event
                0x00000000000288f2       0x3c Output/ble_app_blinky_pca10040_s132 Debug/Obj/nrf_drv_uart.o
 .text.uart_irq_handler
                0x000000000002892e      0x1d4 Output/ble_app_blinky_pca10040_s132 Debug/Obj/nrf_drv_uart.o
 .text.uarte_irq_handler
                0x0000000000028b02      0x160 Output/ble_app_blinky_pca10040_s132 Debug/Obj/nrf_drv_uart.o
 *fill*         0x0000000000028c62        0x2 
 .text.UARTE0_UART0_IRQHandler
                0x0000000000028c64       0x28 Output/ble_app_blinky_pca10040_s132 Debug/Obj/nrf_drv_uart.o
                0x0000000000028c64                UARTE0_UART0_IRQHandler
 .text.sd_ble_gap_adv_start
                0x0000000000028c8c        0x8 Output/ble_app_blinky_pca10040_s132 Debug/Obj/main.o
 .text.sd_ble_gap_disconnect
                0x0000000000028c94        0x8 Output/ble_app_blinky_pca10040_s132 Debug/Obj/main.o
 .text.sd_ble_gap_ppcp_set
                0x0000000000028c9c        0x8 Output/ble_app_blinky_pca10040_s132 Debug/Obj/main.o
 .text.sd_ble_gap_device_name_set
                0x0000000000028ca4        0x8 Output/ble_app_blinky_pca10040_s132 Debug/Obj/main.o
 .text.sd_ble_gap_sec_params_reply
                0x0000000000028cac        0x8 Output/ble_app_blinky_pca10040_s132 Debug/Obj/main.o
 .text.sd_ble_gap_phy_update
                0x0000000000028cb4        0x8 Output/ble_app_blinky_pca10040_s132 Debug/Obj/main.o
 .text.sd_ble_gatts_rw_authorize_reply
                0x0000000000028cbc        0x8 Output/ble_app_blinky_pca10040_s132 Debug/Obj/main.o
 .text.sd_ble_gatts_sys_attr_set
                0x0000000000028cc4        0x8 Output/ble_app_blinky_pca10040_s132 Debug/Obj/main.o
 .text.sd_ble_user_mem_reply
                0x0000000000028ccc        0x8 Output/ble_app_blinky_pca10040_s132 Debug/Obj/main.o
 .text.sd_app_evt_wait
                0x0000000000028cd4        0x8 Output/ble_app_blinky_pca10040_s132 Debug/Obj/main.o
 .text.assert_nrf_callback
                0x0000000000028cdc       0x28 Output/ble_app_blinky_pca10040_s132 Debug/Obj/main.o
                0x0000000000028cdc                assert_nrf_callback
 .text.leds_init
                0x0000000000028d04        0xa Output/ble_app_blinky_pca10040_s132 Debug/Obj/main.o
 *fill*         0x0000000000028d0e        0x2 
 .text.timers_init
                0x0000000000028d10       0x2c Output/ble_app_blinky_pca10040_s132 Debug/Obj/main.o
 .text.gap_params_init
                0x0000000000028d3c       0xa0 Output/ble_app_blinky_pca10040_s132 Debug/Obj/main.o
 .text.gatt_init
                0x0000000000028ddc       0x34 Output/ble_app_blinky_pca10040_s132 Debug/Obj/main.o
 .text.advertising_init
                0x0000000000028e10       0x7c Output/ble_app_blinky_pca10040_s132 Debug/Obj/main.o
 .text.led_write_handler
                0x0000000000028e8c       0x60 Output/ble_app_blinky_pca10040_s132 Debug/Obj/main.o
 .text.services_init
                0x0000000000028eec       0x3c Output/ble_app_blinky_pca10040_s132 Debug/Obj/main.o
 .text.on_conn_params_evt
                0x0000000000028f28       0x44 Output/ble_app_blinky_pca10040_s132 Debug/Obj/main.o
 .text.conn_params_error_handler
                0x0000000000028f6c       0x20 Output/ble_app_blinky_pca10040_s132 Debug/Obj/main.o
 .text.conn_params_init
                0x0000000000028f8c       0x70 Output/ble_app_blinky_pca10040_s132 Debug/Obj/main.o
 .text.advertising_start
                0x0000000000028ffc       0x60 Output/ble_app_blinky_pca10040_s132 Debug/Obj/main.o
 .text.ble_evt_handler
                0x000000000002905c      0x3ac Output/ble_app_blinky_pca10040_s132 Debug/Obj/main.o
 .text.ble_stack_init
                0x0000000000029408       0x74 Output/ble_app_blinky_pca10040_s132 Debug/Obj/main.o
 .text.button_event_handler
                0x000000000002947c       0xa8 Output/ble_app_blinky_pca10040_s132 Debug/Obj/main.o
 .text.buttons_init
                0x0000000000029524       0x38 Output/ble_app_blinky_pca10040_s132 Debug/Obj/main.o
 .text.log_init
                0x000000000002955c       0x34 Output/ble_app_blinky_pca10040_s132 Debug/Obj/main.o
 .text.power_manage
                0x0000000000029590       0x2c Output/ble_app_blinky_pca10040_s132 Debug/Obj/main.o
 .text.main     0x00000000000295bc       0x60 Output/ble_app_blinky_pca10040_s132 Debug/Obj/main.o
                0x00000000000295bc                main
 .text.sd_ble_gap_addr_get
                0x000000000002961c        0x8 Output/ble_app_blinky_pca10040_s132 Debug/Obj/ble_advdata.o
 .text.sd_ble_gap_adv_data_set
                0x0000000000029624        0x8 Output/ble_app_blinky_pca10040_s132 Debug/Obj/ble_advdata.o
 .text.sd_ble_gap_appearance_get
                0x000000000002962c        0x8 Output/ble_app_blinky_pca10040_s132 Debug/Obj/ble_advdata.o
 .text.sd_ble_gap_device_name_get
                0x0000000000029634        0x8 Output/ble_app_blinky_pca10040_s132 Debug/Obj/ble_advdata.o
 .text.sd_ble_uuid_encode
                0x000000000002963c        0x8 Output/ble_app_blinky_pca10040_s132 Debug/Obj/ble_advdata.o
 .text.uint16_encode
                0x0000000000029644       0x2c Output/ble_app_blinky_pca10040_s132 Debug/Obj/ble_advdata.o
 .text.ble_device_addr_encode
                0x0000000000029670       0xce Output/ble_app_blinky_pca10040_s132 Debug/Obj/ble_advdata.o
 .text.name_encode
                0x000000000002973e      0x13e Output/ble_app_blinky_pca10040_s132 Debug/Obj/ble_advdata.o
 .text.appearance_encode
                0x000000000002987c       0x9c Output/ble_app_blinky_pca10040_s132 Debug/Obj/ble_advdata.o
 .text.flags_encode
                0x0000000000029918       0x7e Output/ble_app_blinky_pca10040_s132 Debug/Obj/ble_advdata.o
 .text.tx_power_level_encode
                0x0000000000029996       0x7e Output/ble_app_blinky_pca10040_s132 Debug/Obj/ble_advdata.o
 .text.uuid_list_sized_encode
                0x0000000000029a14      0x150 Output/ble_app_blinky_pca10040_s132 Debug/Obj/ble_advdata.o
 .text.uuid_list_encode
                0x0000000000029b64       0x66 Output/ble_app_blinky_pca10040_s132 Debug/Obj/ble_advdata.o
 .text.conn_int_check
                0x0000000000029bca       0x78 Output/ble_app_blinky_pca10040_s132 Debug/Obj/ble_advdata.o
 .text.conn_int_encode
                0x0000000000029c42       0xc0 Output/ble_app_blinky_pca10040_s132 Debug/Obj/ble_advdata.o
 .text.manuf_specific_data_encode
                0x0000000000029d02       0xe0 Output/ble_app_blinky_pca10040_s132 Debug/Obj/ble_advdata.o
 .text.service_data_encode
                0x0000000000029de2      0x108 Output/ble_app_blinky_pca10040_s132 Debug/Obj/ble_advdata.o
 .text.ble_advdata_encode
                0x0000000000029eea      0x1d2 Output/ble_app_blinky_pca10040_s132 Debug/Obj/ble_advdata.o
                0x0000000000029eea                ble_advdata_encode
 .text.advdata_check
                0x000000000002a0bc       0x1c Output/ble_app_blinky_pca10040_s132 Debug/Obj/ble_advdata.o
 .text.srdata_check
                0x000000000002a0d8       0x18 Output/ble_app_blinky_pca10040_s132 Debug/Obj/ble_advdata.o
 .text.ble_advdata_set
                0x000000000002a0f0       0xb4 Output/ble_app_blinky_pca10040_s132 Debug/Obj/ble_advdata.o
                0x000000000002a0f0                ble_advdata_set
 .text.sd_ble_gap_conn_param_update
                0x000000000002a1a4        0x8 Output/ble_app_blinky_pca10040_s132 Debug/Obj/ble_conn_params.o
 .text.sd_ble_gap_disconnect
                0x000000000002a1ac        0x8 Output/ble_app_blinky_pca10040_s132 Debug/Obj/ble_conn_params.o
 .text.sd_ble_gap_ppcp_set
                0x000000000002a1b4        0x8 Output/ble_app_blinky_pca10040_s132 Debug/Obj/ble_conn_params.o
 .text.sd_ble_gap_ppcp_get
                0x000000000002a1bc        0x8 Output/ble_app_blinky_pca10040_s132 Debug/Obj/ble_conn_params.o
 .text.instance_get
                0x000000000002a1c4       0x50 Output/ble_app_blinky_pca10040_s132 Debug/Obj/ble_conn_params.o
 .text.instance_claim
                0x000000000002a214       0x34 Output/ble_app_blinky_pca10040_s132 Debug/Obj/ble_conn_params.o
 .text.instance_free
                0x000000000002a248       0x12 Output/ble_app_blinky_pca10040_s132 Debug/Obj/ble_conn_params.o
 .text.is_conn_params_ok
                0x000000000002a25a       0xc2 Output/ble_app_blinky_pca10040_s132 Debug/Obj/ble_conn_params.o
 .text.send_error_evt
                0x000000000002a31c       0x24 Output/ble_app_blinky_pca10040_s132 Debug/Obj/ble_conn_params.o
 .text.send_update_request
                0x000000000002a340       0x40 Output/ble_app_blinky_pca10040_s132 Debug/Obj/ble_conn_params.o
 .text.update_timeout_handler
                0x000000000002a380       0xb0 Output/ble_app_blinky_pca10040_s132 Debug/Obj/ble_conn_params.o
 .text.ble_conn_params_init
                0x000000000002a430       0xd4 Output/ble_app_blinky_pca10040_s132 Debug/Obj/ble_conn_params.o
                0x000000000002a430                ble_conn_params_init
 .text.conn_params_negotiation
                0x000000000002a504       0x7c Output/ble_app_blinky_pca10040_s132 Debug/Obj/ble_conn_params.o
 .text.on_connect
                0x000000000002a580       0x84 Output/ble_app_blinky_pca10040_s132 Debug/Obj/ble_conn_params.o
 .text.on_disconnect
                0x000000000002a604       0x46 Output/ble_app_blinky_pca10040_s132 Debug/Obj/ble_conn_params.o
 *fill*         0x000000000002a64a        0x2 
 .text.on_write
                0x000000000002a64c       0x7c Output/ble_app_blinky_pca10040_s132 Debug/Obj/ble_conn_params.o
 .text.on_conn_params_update
                0x000000000002a6c8       0x54 Output/ble_app_blinky_pca10040_s132 Debug/Obj/ble_conn_params.o
 .text.ble_evt_handler
                0x000000000002a71c       0x4c Output/ble_app_blinky_pca10040_s132 Debug/Obj/ble_conn_params.o
 .text.record_activate
                0x000000000002a768       0x74 Output/ble_app_blinky_pca10040_s132 Debug/Obj/ble_conn_state.o
 .text.record_invalidate
                0x000000000002a7dc       0x30 Output/ble_app_blinky_pca10040_s132 Debug/Obj/ble_conn_state.o
 .text.record_set_disconnected
                0x000000000002a80c       0x28 Output/ble_app_blinky_pca10040_s132 Debug/Obj/ble_conn_state.o
 .text.record_purge_disconnected
                0x000000000002a834       0x5c Output/ble_app_blinky_pca10040_s132 Debug/Obj/ble_conn_state.o
 .text.ble_evt_handler
                0x000000000002a890       0xcc Output/ble_app_blinky_pca10040_s132 Debug/Obj/ble_conn_state.o
 .text.uint16_decode
                0x000000000002a95c       0x20 Output/ble_app_blinky_pca10040_s132 Debug/Obj/ble_srv_common.o
 .text.ble_srv_is_notification_enabled
                0x000000000002a97c       0x2c Output/ble_app_blinky_pca10040_s132 Debug/Obj/ble_srv_common.o
                0x000000000002a97c                ble_srv_is_notification_enabled
 .text.sd_ble_gap_data_length_update
                0x000000000002a9a8        0x8 Output/ble_app_blinky_pca10040_s132 Debug/Obj/nrf_ble_gatt.o
 .text.sd_ble_gattc_exchange_mtu_request
                0x000000000002a9b0        0x8 Output/ble_app_blinky_pca10040_s132 Debug/Obj/nrf_ble_gatt.o
 .text.sd_ble_gatts_exchange_mtu_reply
                0x000000000002a9b8        0x8 Output/ble_app_blinky_pca10040_s132 Debug/Obj/nrf_ble_gatt.o
 .text.link_init
                0x000000000002a9c0       0x2e Output/ble_app_blinky_pca10040_s132 Debug/Obj/nrf_ble_gatt.o
 *fill*         0x000000000002a9ee        0x2 
 .text.data_length_update
                0x000000000002a9f0       0x78 Output/ble_app_blinky_pca10040_s132 Debug/Obj/nrf_ble_gatt.o
 .text.on_connected_evt
                0x000000000002aa68       0xc0 Output/ble_app_blinky_pca10040_s132 Debug/Obj/nrf_ble_gatt.o
 .text.on_disconnected_evt
                0x000000000002ab28       0x22 Output/ble_app_blinky_pca10040_s132 Debug/Obj/nrf_ble_gatt.o
 .text.on_exchange_mtu_rsp_evt
                0x000000000002ab4a       0x92 Output/ble_app_blinky_pca10040_s132 Debug/Obj/nrf_ble_gatt.o
 .text.on_exchange_mtu_request_evt
                0x000000000002abdc       0xc0 Output/ble_app_blinky_pca10040_s132 Debug/Obj/nrf_ble_gatt.o
 .text.on_data_length_update_evt
                0x000000000002ac9c       0x7c Output/ble_app_blinky_pca10040_s132 Debug/Obj/nrf_ble_gatt.o
 .text.on_data_length_update_request_evt
                0x000000000002ad18       0x8c Output/ble_app_blinky_pca10040_s132 Debug/Obj/nrf_ble_gatt.o
 .text.nrf_ble_gatt_init
                0x000000000002ada4       0x56 Output/ble_app_blinky_pca10040_s132 Debug/Obj/nrf_ble_gatt.o
                0x000000000002ada4                nrf_ble_gatt_init
 *fill*         0x000000000002adfa        0x2 
 .text.nrf_ble_gatt_on_ble_evt
                0x000000000002adfc       0xf8 Output/ble_app_blinky_pca10040_s132 Debug/Obj/nrf_ble_gatt.o
                0x000000000002adfc                nrf_ble_gatt_on_ble_evt
 .text.NVIC_SystemReset
                0x000000000002aef4       0x24 Output/ble_app_blinky_pca10040_s132 Debug/Obj/system_nrf52.o
 .text.SystemCoreClockUpdate
                0x000000000002af18       0x14 Output/ble_app_blinky_pca10040_s132 Debug/Obj/system_nrf52.o
                0x000000000002af18                SystemCoreClockUpdate
 .text.SystemInit
                0x000000000002af2c      0x2bc Output/ble_app_blinky_pca10040_s132 Debug/Obj/system_nrf52.o
                0x000000000002af2c                SystemInit
 .text.errata_12
                0x000000000002b1e8       0x58 Output/ble_app_blinky_pca10040_s132 Debug/Obj/system_nrf52.o
 .text.errata_16
                0x000000000002b240       0x38 Output/ble_app_blinky_pca10040_s132 Debug/Obj/system_nrf52.o
 .text.errata_31
                0x000000000002b278       0x58 Output/ble_app_blinky_pca10040_s132 Debug/Obj/system_nrf52.o
 .text.errata_32
                0x000000000002b2d0       0x38 Output/ble_app_blinky_pca10040_s132 Debug/Obj/system_nrf52.o
 .text.errata_36
                0x000000000002b308       0x58 Output/ble_app_blinky_pca10040_s132 Debug/Obj/system_nrf52.o
 .text.errata_37
                0x000000000002b360       0x38 Output/ble_app_blinky_pca10040_s132 Debug/Obj/system_nrf52.o
 .text.errata_57
                0x000000000002b398       0x38 Output/ble_app_blinky_pca10040_s132 Debug/Obj/system_nrf52.o
 .text.errata_66
                0x000000000002b3d0       0x38 Output/ble_app_blinky_pca10040_s132 Debug/Obj/system_nrf52.o
 .text.errata_108
                0x000000000002b408       0x58 Output/ble_app_blinky_pca10040_s132 Debug/Obj/system_nrf52.o
 .text.errata_136
                0x000000000002b460       0x58 Output/ble_app_blinky_pca10040_s132 Debug/Obj/system_nrf52.o
 .text.sd_ble_gatts_service_add
                0x000000000002b4b8        0x8 Output/ble_app_blinky_pca10040_s132 Debug/Obj/ble_lbs.o
 .text.sd_ble_gatts_characteristic_add
                0x000000000002b4c0        0x8 Output/ble_app_blinky_pca10040_s132 Debug/Obj/ble_lbs.o
 .text.sd_ble_gatts_hvx
                0x000000000002b4c8        0x8 Output/ble_app_blinky_pca10040_s132 Debug/Obj/ble_lbs.o
 .text.sd_ble_uuid_vs_add
                0x000000000002b4d0        0x8 Output/ble_app_blinky_pca10040_s132 Debug/Obj/ble_lbs.o
 .text.on_write
                0x000000000002b4d8       0x42 Output/ble_app_blinky_pca10040_s132 Debug/Obj/ble_lbs.o
 .text.ble_lbs_on_ble_evt
                0x000000000002b51a       0x28 Output/ble_app_blinky_pca10040_s132 Debug/Obj/ble_lbs.o
                0x000000000002b51a                ble_lbs_on_ble_evt
 .text.led_char_add
                0x000000000002b542      0x10a Output/ble_app_blinky_pca10040_s132 Debug/Obj/ble_lbs.o
 .text.button_char_add
                0x000000000002b64c      0x158 Output/ble_app_blinky_pca10040_s132 Debug/Obj/ble_lbs.o
 .text.ble_lbs_init
                0x000000000002b7a4       0x94 Output/ble_app_blinky_pca10040_s132 Debug/Obj/ble_lbs.o
                0x000000000002b7a4                ble_lbs_init
 .text.ble_lbs_on_button_change
                0x000000000002b838       0x56 Output/ble_app_blinky_pca10040_s132 Debug/Obj/ble_lbs.o
                0x000000000002b838                ble_lbs_on_button_change
 *fill*         0x000000000002b88e        0x2 
 .text.NVIC_EnableIRQ
                0x000000000002b890       0x2c Output/ble_app_blinky_pca10040_s132 Debug/Obj/nrf_sdh.o
 .text.NVIC_SetPriority
                0x000000000002b8bc       0x50 Output/ble_app_blinky_pca10040_s132 Debug/Obj/nrf_sdh.o
 .text.NVIC_GetPriority
                0x000000000002b90c       0x48 Output/ble_app_blinky_pca10040_s132 Debug/Obj/nrf_sdh.o
 .text.nrf_section_iter_get
                0x000000000002b954       0x24 Output/ble_app_blinky_pca10040_s132 Debug/Obj/nrf_sdh.o
 .text.sd_softdevice_enable
                0x000000000002b978        0x8 Output/ble_app_blinky_pca10040_s132 Debug/Obj/nrf_sdh.o
 .text.__sd_nvic_app_accessible_irq
                0x000000000002b980       0x58 Output/ble_app_blinky_pca10040_s132 Debug/Obj/nrf_sdh.o
 .text.__sd_nvic_is_app_accessible_priority
                0x000000000002b9d8       0x2c Output/ble_app_blinky_pca10040_s132 Debug/Obj/nrf_sdh.o
 .text.sd_nvic_EnableIRQ
                0x000000000002ba04       0x8c Output/ble_app_blinky_pca10040_s132 Debug/Obj/nrf_sdh.o
 .text.sd_nvic_SetPriority
                0x000000000002ba90       0x4a Output/ble_app_blinky_pca10040_s132 Debug/Obj/nrf_sdh.o
 *fill*         0x000000000002bada        0x2 
 .text.sdh_request_observer_notify
                0x000000000002badc       0x64 Output/ble_app_blinky_pca10040_s132 Debug/Obj/nrf_sdh.o
 .text.sdh_state_observer_notify
                0x000000000002bb40       0x58 Output/ble_app_blinky_pca10040_s132 Debug/Obj/nrf_sdh.o
 .text.softdevices_evt_irq_enable
                0x000000000002bb98       0x2c Output/ble_app_blinky_pca10040_s132 Debug/Obj/nrf_sdh.o
 .text.swi_interrupt_priority_workaround
                0x000000000002bbc4       0x4c Output/ble_app_blinky_pca10040_s132 Debug/Obj/nrf_sdh.o
 .text.nrf_sdh_enable_request
                0x000000000002bc10       0x88 Output/ble_app_blinky_pca10040_s132 Debug/Obj/nrf_sdh.o
                0x000000000002bc10                nrf_sdh_enable_request
 .text.nrf_sdh_is_enabled
                0x000000000002bc98        0xc Output/ble_app_blinky_pca10040_s132 Debug/Obj/nrf_sdh.o
                0x000000000002bc98                nrf_sdh_is_enabled
 .text.nrf_sdh_evts_poll
                0x000000000002bca4       0x4c Output/ble_app_blinky_pca10040_s132 Debug/Obj/nrf_sdh.o
                0x000000000002bca4                nrf_sdh_evts_poll
 .text.SWI2_EGU2_IRQHandler
                0x000000000002bcf0        0xa Output/ble_app_blinky_pca10040_s132 Debug/Obj/nrf_sdh.o
                0x000000000002bcf0                SWI2_EGU2_IRQHandler
 .text.sd_ble_enable
                0x000000000002bcfa        0x8 Output/ble_app_blinky_pca10040_s132 Debug/Obj/nrf_sdh_ble.o
 .text.sd_ble_cfg_set
                0x000000000002bd02        0x8 Output/ble_app_blinky_pca10040_s132 Debug/Obj/nrf_sdh_ble.o
 .text.sd_ble_evt_get
                0x000000000002bd0a        0x8 Output/ble_app_blinky_pca10040_s132 Debug/Obj/nrf_sdh_ble.o
 *fill*         0x000000000002bd12        0x2 
 .text.nrf_section_iter_get
                0x000000000002bd14       0x24 Output/ble_app_blinky_pca10040_s132 Debug/Obj/nrf_sdh_ble.o
 .text.nrf_sdh_ble_app_ram_start_get
                0x000000000002bd38       0x24 Output/ble_app_blinky_pca10040_s132 Debug/Obj/nrf_sdh_ble.o
                0x000000000002bd38                nrf_sdh_ble_app_ram_start_get
 .text.nrf_sdh_ble_default_cfg_set
                0x000000000002bd5c      0x1b4 Output/ble_app_blinky_pca10040_s132 Debug/Obj/nrf_sdh_ble.o
                0x000000000002bd5c                nrf_sdh_ble_default_cfg_set
 .text.ram_end_address_get
                0x000000000002bf10       0x1a Output/ble_app_blinky_pca10040_s132 Debug/Obj/nrf_sdh_ble.o
 *fill*         0x000000000002bf2a        0x2 
 .text.nrf_sdh_ble_enable
                0x000000000002bf2c       0x90 Output/ble_app_blinky_pca10040_s132 Debug/Obj/nrf_sdh_ble.o
                0x000000000002bf2c                nrf_sdh_ble_enable
 .text.nrf_sdh_ble_evts_poll
                0x000000000002bfbc       0x8c Output/ble_app_blinky_pca10040_s132 Debug/Obj/nrf_sdh_ble.o
 .text.nrf_section_iter_get
                0x000000000002c048       0x24 Output/ble_app_blinky_pca10040_s132 Debug/Obj/nrf_sdh_soc.o
 .text.sd_evt_get
                0x000000000002c06c        0x8 Output/ble_app_blinky_pca10040_s132 Debug/Obj/nrf_sdh_soc.o
 .text.nrf_sdh_soc_evts_poll
                0x000000000002c074       0x78 Output/ble_app_blinky_pca10040_s132 Debug/Obj/nrf_sdh_soc.o
 .text.libc.__RAL_ascii_isctype
                0x000000000002c0ec       0x1c C:/Program Files/SEGGER/SEGGER Embedded Studio for ARM 4.22/lib/libc_v7em_fpv4_sp_d16_hard_t_le_eabi.a(libc2.o)
 .text.libc.__RAL_ascii_toupper
                0x000000000002c108        0xc C:/Program Files/SEGGER/SEGGER Embedded Studio for ARM 4.22/lib/libc_v7em_fpv4_sp_d16_hard_t_le_eabi.a(libc2.o)
 .text.libc.__RAL_ascii_tolower
                0x000000000002c114        0xc C:/Program Files/SEGGER/SEGGER Embedded Studio for ARM 4.22/lib/libc_v7em_fpv4_sp_d16_hard_t_le_eabi.a(libc2.o)
 .text.libc.__RAL_ascii_iswctype
                0x000000000002c120       0x1c C:/Program Files/SEGGER/SEGGER Embedded Studio for ARM 4.22/lib/libc_v7em_fpv4_sp_d16_hard_t_le_eabi.a(libc2.o)
 .text.libc.__RAL_ascii_towupper
                0x000000000002c13c        0xc C:/Program Files/SEGGER/SEGGER Embedded Studio for ARM 4.22/lib/libc_v7em_fpv4_sp_d16_hard_t_le_eabi.a(libc2.o)
 .text.libc.__RAL_ascii_towlower
                0x000000000002c148        0xc C:/Program Files/SEGGER/SEGGER Embedded Studio for ARM 4.22/lib/libc_v7em_fpv4_sp_d16_hard_t_le_eabi.a(libc2.o)
 .text.libc.__RAL_ascii_wctomb
                0x000000000002c154        0xe C:/Program Files/SEGGER/SEGGER Embedded Studio for ARM 4.22/lib/libc_v7em_fpv4_sp_d16_hard_t_le_eabi.a(libc2.o)
                0x000000000002c154                __RAL_ascii_wctomb
 .text.libc.__RAL_ascii_mbtowc
                0x000000000002c162       0x24 C:/Program Files/SEGGER/SEGGER Embedded Studio for ARM 4.22/lib/libc_v7em_fpv4_sp_d16_hard_t_le_eabi.a(libc2.o)
                0x000000000002c162                __RAL_ascii_mbtowc
 *fill*         0x000000000002c186        0x2 
 .text.libc.__RAL_isctype
                0x000000000002c188       0x14 C:/Program Files/SEGGER/SEGGER Embedded Studio for ARM 4.22/lib/libc_v7em_fpv4_sp_d16_hard_t_le_eabi.a(libc2.o)
                0x000000000002c188                __RAL_isctype
 .text.libc.isprint
                0x000000000002c19c        0xa C:/Program Files/SEGGER/SEGGER Embedded Studio for ARM 4.22/lib/libc_v7em_fpv4_sp_d16_hard_t_le_eabi.a(libc2.o)
                0x000000000002c19c                isprint
 .text.libc.memcpy
                0x000000000002c1a6       0x52 C:/Program Files/SEGGER/SEGGER Embedded Studio for ARM 4.22/lib/libc_v7em_fpv4_sp_d16_hard_t_le_eabi.a(libc2_asm.o)
                0x000000000002c1a6                __aeabi_memcpy
                0x000000000002c1a6                memcpy
                0x000000000002c1b2                __aeabi_memcpy8
                0x000000000002c1b2                __aeabi_memcpy4
 .text.libc.memset
                0x000000000002c1f8       0x66 C:/Program Files/SEGGER/SEGGER Embedded Studio for ARM 4.22/lib/libc_v7em_fpv4_sp_d16_hard_t_le_eabi.a(libc2_asm.o)
                0x000000000002c1f8                memset
 .text.libc.strlen
                0x000000000002c25e       0x60 C:/Program Files/SEGGER/SEGGER Embedded Studio for ARM 4.22/lib/libc_v7em_fpv4_sp_d16_hard_t_le_eabi.a(libc2_asm.o)
                0x000000000002c25e                strlen
                0x000000000002c2be                __text_end__ = (__text_start__ + SIZEOF (.text))
                0x0000000000008fce                __text_size__ = SIZEOF (.text)
                0x000000000002c2be                __text_load_end__ = __text_end__

.vfp11_veneer   0x0000000100000000        0x0
 .vfp11_veneer  0x0000000100000000        0x0 linker stubs

.v4_bx          0x0000000100000000        0x0
 .v4_bx         0x0000000100000000        0x0 linker stubs

.iplt           0x0000000100000000        0x0
 .iplt          0x0000000100000000        0x0 Output/ble_app_blinky_pca10040_s132 Debug/Obj/thumb_crt0.o
                0x0000000000000001                . = ASSERT (((__text_start__ == __text_end__) || ((__text_end__ - __FLASH_segment_start__) <= __FLASH_segment_size__)), error: .text is too large to fit in FLASH memory segment)
                0x000000000002c2c0                __sdh_soc_observers_load_start__ = ALIGN (__text_end__, 0x4)

.sdh_soc_observers
                0x000000000002c2c0        0x8
                0x000000000002c2c0                __sdh_soc_observers_start__ = .
                0x000000000002c2c0                __start_sdh_soc_observers = __sdh_soc_observers_start__
 *(SORT_BY_NAME(.sdh_soc_observers*))
 .sdh_soc_observers0
                0x000000000002c2c0        0x8 Output/ble_app_blinky_pca10040_s132 Debug/Obj/nrf_drv_clock.o
                0x000000000002c2c8                __sdh_soc_observers_end__ = (__sdh_soc_observers_start__ + SIZEOF (.sdh_soc_observers))
                0x0000000000000008                __sdh_soc_observers_size__ = SIZEOF (.sdh_soc_observers)
                0x000000000002c2c8                __stop_sdh_soc_observers = __sdh_soc_observers_end__
                0x000000000002c2c8                __sdh_soc_observers_load_end__ = __sdh_soc_observers_end__
                0x0000000000000001                . = ASSERT (((__sdh_soc_observers_start__ == __sdh_soc_observers_end__) || ((__sdh_soc_observers_end__ - __FLASH_segment_start__) <= __FLASH_segment_size__)), error: .sdh_soc_observers is too large to fit in FLASH memory segment)
                0x000000000002c2c8                __pwr_mgmt_data_load_start__ = ALIGN (__sdh_soc_observers_end__, 0x4)

.pwr_mgmt_data  0x000000000002c2c8        0x0
                0x000000000002c2c8                __pwr_mgmt_data_start__ = .
                0x000000000002c2c8                __start_pwr_mgmt_data = __pwr_mgmt_data_start__
 *(SORT_BY_NAME(.pwr_mgmt_data*))
                0x000000000002c2c8                __pwr_mgmt_data_end__ = (__pwr_mgmt_data_start__ + SIZEOF (.pwr_mgmt_data))
                0x0000000000000000                __pwr_mgmt_data_size__ = SIZEOF (.pwr_mgmt_data)
                0x000000000002c2c8                __stop_pwr_mgmt_data = __pwr_mgmt_data_end__
                0x000000000002c2c8                __pwr_mgmt_data_load_end__ = __pwr_mgmt_data_end__
                0x0000000000000001                . = ASSERT (((__pwr_mgmt_data_start__ == __pwr_mgmt_data_end__) || ((__pwr_mgmt_data_end__ - __FLASH_segment_start__) <= __FLASH_segment_size__)), error: .pwr_mgmt_data is too large to fit in FLASH memory segment)
                0x000000000002c2c8                __sdh_ble_observers_load_start__ = ALIGN (__pwr_mgmt_data_end__, 0x4)

.sdh_ble_observers
                0x000000000002c2c8       0x28
                0x000000000002c2c8                __sdh_ble_observers_start__ = .
                0x000000000002c2c8                __start_sdh_ble_observers = __sdh_ble_observers_start__
 *(SORT_BY_NAME(.sdh_ble_observers*))
 .sdh_ble_observers0
                0x000000000002c2c8        0x8 Output/ble_app_blinky_pca10040_s132 Debug/Obj/ble_conn_state.o
 .sdh_ble_observers1
                0x000000000002c2d0        0x8 Output/ble_app_blinky_pca10040_s132 Debug/Obj/main.o
 .sdh_ble_observers1
                0x000000000002c2d8        0x8 Output/ble_app_blinky_pca10040_s132 Debug/Obj/ble_conn_params.o
 .sdh_ble_observers2
                0x000000000002c2e0        0x8 Output/ble_app_blinky_pca10040_s132 Debug/Obj/main.o
 .sdh_ble_observers3
                0x000000000002c2e8        0x8 Output/ble_app_blinky_pca10040_s132 Debug/Obj/main.o
                0x000000000002c2f0                __sdh_ble_observers_end__ = (__sdh_ble_observers_start__ + SIZEOF (.sdh_ble_observers))
                0x0000000000000028                __sdh_ble_observers_size__ = SIZEOF (.sdh_ble_observers)
                0x000000000002c2f0                __stop_sdh_ble_observers = __sdh_ble_observers_end__
                0x000000000002c2f0                __sdh_ble_observers_load_end__ = __sdh_ble_observers_end__
                0x0000000000000001                . = ASSERT (((__sdh_ble_observers_start__ == __sdh_ble_observers_end__) || ((__sdh_ble_observers_end__ - __FLASH_segment_start__) <= __FLASH_segment_size__)), error: .sdh_ble_observers is too large to fit in FLASH memory segment)
                0x000000000002c2f0                __log_const_data_load_start__ = ALIGN (__sdh_ble_observers_end__, 0x4)

.log_const_data
                0x000000000002c2f0       0x50
                0x000000000002c2f0                __log_const_data_start__ = .
                0x000000000002c2f0                __start_log_const_data = __log_const_data_start__
 *(SORT_BY_NAME(.log_const_data*))
 .log_const_data_app
                0x000000000002c2f0        0x8 Output/ble_app_blinky_pca10040_s132 Debug/Obj/nrf_log_frontend.o
                0x000000000002c2f0                m_nrf_log_app_logs_data_const
 .log_const_data_balloc
                0x000000000002c2f8        0x8 Output/ble_app_blinky_pca10040_s132 Debug/Obj/nrf_balloc.o
                0x000000000002c2f8                m_nrf_log_balloc_logs_data_const
 .log_const_data_ble_gatt
                0x000000000002c300        0x8 Output/ble_app_blinky_pca10040_s132 Debug/Obj/nrf_ble_gatt.o
                0x000000000002c300                m_nrf_log_ble_gatt_logs_data_const
 .log_const_data_clock
                0x000000000002c308        0x8 Output/ble_app_blinky_pca10040_s132 Debug/Obj/nrf_drv_clock.o
                0x000000000002c308                m_nrf_log_clock_logs_data_const
 .log_const_data_gpiote
                0x000000000002c310        0x8 Output/ble_app_blinky_pca10040_s132 Debug/Obj/nrf_drv_gpiote.o
                0x000000000002c310                m_nrf_log_gpiote_logs_data_const
 .log_const_data_nrf_sdh
                0x000000000002c318        0x8 Output/ble_app_blinky_pca10040_s132 Debug/Obj/nrf_sdh.o
                0x000000000002c318                m_nrf_log_nrf_sdh_logs_data_const
 .log_const_data_nrf_sdh_ble
                0x000000000002c320        0x8 Output/ble_app_blinky_pca10040_s132 Debug/Obj/nrf_sdh_ble.o
                0x000000000002c320                m_nrf_log_nrf_sdh_ble_logs_data_const
 .log_const_data_nrf_sdh_soc
                0x000000000002c328        0x8 Output/ble_app_blinky_pca10040_s132 Debug/Obj/nrf_sdh_soc.o
                0x000000000002c328                m_nrf_log_nrf_sdh_soc_logs_data_const
 .log_const_data_pwr_mgmt
                0x000000000002c330        0x8 Output/ble_app_blinky_pca10040_s132 Debug/Obj/nrf_pwr_mgmt.o
                0x000000000002c330                m_nrf_log_pwr_mgmt_logs_data_const
 .log_const_data_uart
                0x000000000002c338        0x8 Output/ble_app_blinky_pca10040_s132 Debug/Obj/nrf_drv_uart.o
                0x000000000002c338                m_nrf_log_uart_logs_data_const
                0x000000000002c340                __log_const_data_end__ = (__log_const_data_start__ + SIZEOF (.log_const_data))
                0x0000000000000050                __log_const_data_size__ = SIZEOF (.log_const_data)
                0x000000000002c340                __stop_log_const_data = __log_const_data_end__
                0x000000000002c340                __log_const_data_load_end__ = __log_const_data_end__
                0x0000000000000001                . = ASSERT (((__log_const_data_start__ == __log_const_data_end__) || ((__log_const_data_end__ - __FLASH_segment_start__) <= __FLASH_segment_size__)), error: .log_const_data is too large to fit in FLASH memory segment)
                0x000000000002c340                __sdh_req_observers_load_start__ = ALIGN (__log_const_data_end__, 0x4)

.sdh_req_observers
                0x000000000002c340        0x0
                0x000000000002c340                __sdh_req_observers_start__ = .
                0x000000000002c340                __start_sdh_req_observers = __sdh_req_observers_start__
 *(SORT_BY_NAME(.sdh_req_observers*))
                0x000000000002c340                __sdh_req_observers_end__ = (__sdh_req_observers_start__ + SIZEOF (.sdh_req_observers))
                0x0000000000000000                __sdh_req_observers_size__ = SIZEOF (.sdh_req_observers)
                0x000000000002c340                __stop_sdh_req_observers = __sdh_req_observers_end__
                0x000000000002c340                __sdh_req_observers_load_end__ = __sdh_req_observers_end__
                0x0000000000000001                . = ASSERT (((__sdh_req_observers_start__ == __sdh_req_observers_end__) || ((__sdh_req_observers_end__ - __FLASH_segment_start__) <= __FLASH_segment_size__)), error: .sdh_req_observers is too large to fit in FLASH memory segment)
                0x000000000002c340                __sdh_state_observers_load_start__ = ALIGN (__sdh_req_observers_end__, 0x4)

.sdh_state_observers
                0x000000000002c340        0x8
                0x000000000002c340                __sdh_state_observers_start__ = .
                0x000000000002c340                __start_sdh_state_observers = __sdh_state_observers_start__
 *(SORT_BY_NAME(.sdh_state_observers*))
 .sdh_state_observers0
                0x000000000002c340        0x8 Output/ble_app_blinky_pca10040_s132 Debug/Obj/nrf_drv_clock.o
                0x000000000002c348                __sdh_state_observers_end__ = (__sdh_state_observers_start__ + SIZEOF (.sdh_state_observers))
                0x0000000000000008                __sdh_state_observers_size__ = SIZEOF (.sdh_state_observers)
                0x000000000002c348                __stop_sdh_state_observers = __sdh_state_observers_end__
                0x000000000002c348                __sdh_state_observers_load_end__ = __sdh_state_observers_end__
                0x0000000000000001                . = ASSERT (((__sdh_state_observers_start__ == __sdh_state_observers_end__) || ((__sdh_state_observers_end__ - __FLASH_segment_start__) <= __FLASH_segment_size__)), error: .sdh_state_observers is too large to fit in FLASH memory segment)
                0x000000000002c348                __sdh_stack_observers_load_start__ = ALIGN (__sdh_state_observers_end__, 0x4)

.sdh_stack_observers
                0x000000000002c348       0x10
                0x000000000002c348                __sdh_stack_observers_start__ = .
                0x000000000002c348                __start_sdh_stack_observers = __sdh_stack_observers_start__
 *(SORT_BY_NAME(.sdh_stack_observers*))
 .sdh_stack_observers0
                0x000000000002c348        0x8 Output/ble_app_blinky_pca10040_s132 Debug/Obj/nrf_sdh_ble.o
 .sdh_stack_observers0
                0x000000000002c350        0x8 Output/ble_app_blinky_pca10040_s132 Debug/Obj/nrf_sdh_soc.o
                0x000000000002c358                __sdh_stack_observers_end__ = (__sdh_stack_observers_start__ + SIZEOF (.sdh_stack_observers))
                0x0000000000000010                __sdh_stack_observers_size__ = SIZEOF (.sdh_stack_observers)
                0x000000000002c358                __stop_sdh_stack_observers = __sdh_stack_observers_end__
                0x000000000002c358                __sdh_stack_observers_load_end__ = __sdh_stack_observers_end__
                0x0000000000000001                . = ASSERT (((__sdh_stack_observers_start__ == __sdh_stack_observers_end__) || ((__sdh_stack_observers_end__ - __FLASH_segment_start__) <= __FLASH_segment_size__)), error: .sdh_stack_observers is too large to fit in FLASH memory segment)
                0x000000000002c358                __cli_command_load_start__ = ALIGN (__sdh_stack_observers_end__, 0x4)

.cli_command    0x000000000002c358        0x0
                0x000000000002c358                __cli_command_start__ = .
                0x000000000002c358                __start_cli_command = __cli_command_start__
 *(.cli_command*)
                0x000000000002c358                __cli_command_end__ = (__cli_command_start__ + SIZEOF (.cli_command))
                0x0000000000000000                __cli_command_size__ = SIZEOF (.cli_command)
                0x000000000002c358                __stop_cli_command = __cli_command_end__
                0x000000000002c358                __cli_command_load_end__ = __cli_command_end__
                0x0000000000000001                . = ASSERT (((__cli_command_start__ == __cli_command_end__) || ((__cli_command_end__ - __FLASH_segment_start__) <= __FLASH_segment_size__)), error: .cli_command is too large to fit in FLASH memory segment)
                0x000000000002c358                __nrf_sections_load_start__ = ALIGN (__cli_command_end__, 0x4)

.nrf_sections   0x000000000002c358        0x0
                0x000000000002c358                __nrf_sections_start__ = .
                0x000000000002c358                __start_nrf_sections = __nrf_sections_start__
 *(.nrf_sections .nrf_sections.*)
                0x000000000002c358                __nrf_sections_end__ = (__nrf_sections_start__ + SIZEOF (.nrf_sections))
                0x0000000000000000                __nrf_sections_size__ = SIZEOF (.nrf_sections)
                0x000000000002c358                __nrf_sections_load_end__ = __nrf_sections_end__
                0x0000000000000001                . = ASSERT (((__nrf_sections_start__ == __nrf_sections_end__) || ((__nrf_sections_end__ - __FLASH_segment_start__) <= __FLASH_segment_size__)), error: .nrf_sections is too large to fit in FLASH memory segment)
                0x000000000002c358                __log_dynamic_data_load_start__ = ALIGN (__nrf_sections_end__, 0x4)

.log_dynamic_data
                0x0000000020002180       0x78 load address 0x000000000002c358
                0x0000000020002180                __log_dynamic_data_start__ = .
 *(SORT_BY_NAME(.log_dynamic_data*))
 .log_dynamic_data_app
                0x0000000020002180        0xc Output/ble_app_blinky_pca10040_s132 Debug/Obj/nrf_log_frontend.o
                0x0000000020002180                m_nrf_log_app_logs_data_dynamic
 .log_dynamic_data_balloc
                0x000000002000218c        0xc Output/ble_app_blinky_pca10040_s132 Debug/Obj/nrf_balloc.o
                0x000000002000218c                m_nrf_log_balloc_logs_data_dynamic
 .log_dynamic_data_ble_gatt
                0x0000000020002198        0xc Output/ble_app_blinky_pca10040_s132 Debug/Obj/nrf_ble_gatt.o
                0x0000000020002198                m_nrf_log_ble_gatt_logs_data_dynamic
 .log_dynamic_data_clock
                0x00000000200021a4        0xc Output/ble_app_blinky_pca10040_s132 Debug/Obj/nrf_drv_clock.o
                0x00000000200021a4                m_nrf_log_clock_logs_data_dynamic
 .log_dynamic_data_gpiote
                0x00000000200021b0        0xc Output/ble_app_blinky_pca10040_s132 Debug/Obj/nrf_drv_gpiote.o
                0x00000000200021b0                m_nrf_log_gpiote_logs_data_dynamic
 .log_dynamic_data_nrf_sdh
                0x00000000200021bc        0xc Output/ble_app_blinky_pca10040_s132 Debug/Obj/nrf_sdh.o
                0x00000000200021bc                m_nrf_log_nrf_sdh_logs_data_dynamic
 .log_dynamic_data_nrf_sdh_ble
                0x00000000200021c8        0xc Output/ble_app_blinky_pca10040_s132 Debug/Obj/nrf_sdh_ble.o
                0x00000000200021c8                m_nrf_log_nrf_sdh_ble_logs_data_dynamic
 .log_dynamic_data_nrf_sdh_soc
                0x00000000200021d4        0xc Output/ble_app_blinky_pca10040_s132 Debug/Obj/nrf_sdh_soc.o
                0x00000000200021d4                m_nrf_log_nrf_sdh_soc_logs_data_dynamic
 .log_dynamic_data_pwr_mgmt
                0x00000000200021e0        0xc Output/ble_app_blinky_pca10040_s132 Debug/Obj/nrf_pwr_mgmt.o
                0x00000000200021e0                m_nrf_log_pwr_mgmt_logs_data_dynamic
 .log_dynamic_data_uart
                0x00000000200021ec        0xc Output/ble_app_blinky_pca10040_s132 Debug/Obj/nrf_drv_uart.o
                0x00000000200021ec                m_nrf_log_uart_logs_data_dynamic
                0x00000000200021f8                __log_dynamic_data_end__ = (__log_dynamic_data_start__ + SIZEOF (.log_dynamic_data))
                0x0000000000000078                __log_dynamic_data_size__ = SIZEOF (.log_dynamic_data)
                0x000000000002c3d0                __log_dynamic_data_load_end__ = (__log_dynamic_data_load_start__ + SIZEOF (.log_dynamic_data))
                0x0000000000000001                . = ASSERT (((__log_dynamic_data_load_start__ == __log_dynamic_data_load_end__) || ((__log_dynamic_data_load_end__ - __FLASH_segment_start__) <= __FLASH_segment_size__)), error: .log_dynamic_data is too large to fit in FLASH memory segment)

.log_dynamic_data_run
                0x0000000020002180       0x78 load address 0x000000000002c358
                0x0000000020002180                __log_dynamic_data_run_start__ = .
                0x0000000020002180                __start_log_dynamic_data = __log_dynamic_data_run_start__
                0x00000000200021f8                . = MAX ((__log_dynamic_data_run_start__ + SIZEOF (.log_dynamic_data)), .)
 *fill*         0x0000000020002180       0x78 
                0x00000000200021f8                __log_dynamic_data_run_end__ = (__log_dynamic_data_run_start__ + SIZEOF (.log_dynamic_data_run))
                0x0000000000000078                __log_dynamic_data_run_size__ = SIZEOF (.log_dynamic_data_run)