Archive member included to satisfy reference by file (symbol)

C:/Program Files/SEGGER/SEGGER Embedded Studio for ARM 4.22/lib/libc_v7em_fpv4_sp_d16_hard_t_le_eabi.a(libc2_asm.o)
                              Output/blinky_FreeRTOS_pca10040 Debug/Obj/queue.o (memcpy)
C:/Program Files/SEGGER/SEGGER Embedded Studio for ARM 4.22/lib/libdebugio_v7em_fpv4_sp_d16_hard_t_le_eabi.a(libdebugio.o)
                              Output/blinky_FreeRTOS_pca10040 Debug/Obj/thumb_crt0.o (debug_fopen)
C:/Program Files/SEGGER/SEGGER Embedded Studio for ARM 4.22/lib/libdebugio_mempoll_v7em_fpv4_sp_d16_hard_t_le_eabi.a(mempoll_debug_operations.o)
                              C:/Program Files/SEGGER/SEGGER Embedded Studio for ARM 4.22/lib/libdebugio_v7em_fpv4_sp_d16_hard_t_le_eabi.a(libdebugio.o) (__do_debug_operation)
C:/Program Files/SEGGER/SEGGER Embedded Studio for ARM 4.22/lib/libdebugio_mempoll_v7em_fpv4_sp_d16_hard_t_le_eabi.a(do_nv_debug_operation.o)
                              C:/Program Files/SEGGER/SEGGER Embedded Studio for ARM 4.22/lib/libdebugio_v7em_fpv4_sp_d16_hard_t_le_eabi.a(libdebugio.o) (__do_nvdebug_operation)
C:/Program Files/SEGGER/SEGGER Embedded Studio for ARM 4.22/lib/libm_v7em_fpv4_sp_d16_hard_t_le_eabi.a(libm_asm.o)
                              C:/Program Files/SEGGER/SEGGER Embedded Studio for ARM 4.22/lib/libvfscanf_v7em_fpv4_sp_d16_hard_t_le_eabi.o (__aeabi_i2d)
C:/Program Files/SEGGER/SEGGER Embedded Studio for ARM 4.22/lib/libm_v7em_fpv4_sp_d16_hard_t_le_eabi.a(libm2.o)
                              C:/Program Files/SEGGER/SEGGER Embedded Studio for ARM 4.22/lib/libvfprintf_v7em_fpv4_sp_d16_hard_t_le_eabi.o (frexp)
C:/Program Files/SEGGER/SEGGER Embedded Studio for ARM 4.22/lib/libm_v7em_fpv4_sp_d16_hard_t_le_eabi.a(libm2_asm.o)
                              C:/Program Files/SEGGER/SEGGER Embedded Studio for ARM 4.22/lib/libm_v7em_fpv4_sp_d16_hard_t_le_eabi.a(libm2.o) (fabs)
C:/Program Files/SEGGER/SEGGER Embedded Studio for ARM 4.22/lib/libc_v7em_fpv4_sp_d16_hard_t_le_eabi.a(libc_asm.o)
                              C:/Program Files/SEGGER/SEGGER Embedded Studio for ARM 4.22/lib/libvfprintf_v7em_fpv4_sp_d16_hard_t_le_eabi.o (__aeabi_uldivmod)
C:/Program Files/SEGGER/SEGGER Embedded Studio for ARM 4.22/lib/libc_v7em_fpv4_sp_d16_hard_t_le_eabi.a(libc2.o)
                              C:/Program Files/SEGGER/SEGGER Embedded Studio for ARM 4.22/lib/libvfscanf_v7em_fpv4_sp_d16_hard_t_le_eabi.o (__getc)
C:/Program Files/SEGGER/SEGGER Embedded Studio for ARM 4.22/lib/libc_v7em_fpv4_sp_d16_hard_t_le_eabi.a(libc.o)
                              C:/Program Files/SEGGER/SEGGER Embedded Studio for ARM 4.22/lib/libc_v7em_fpv4_sp_d16_hard_t_le_eabi.a(libc2.o) (__heap_lock)

Discarded input sections

 .text          0x0000000000000000        0x0 Output/blinky_FreeRTOS_pca10040 Debug/Obj/thumb_crt0.o
 .data          0x0000000000000000        0x0 Output/blinky_FreeRTOS_pca10040 Debug/Obj/thumb_crt0.o
 .bss           0x0000000000000000        0x0 Output/blinky_FreeRTOS_pca10040 Debug/Obj/thumb_crt0.o
 .text.__aeabi_read_tp
                0x0000000000000000        0x8 Output/blinky_FreeRTOS_pca10040 Debug/Obj/thumb_crt0.o
 .text.abort    0x0000000000000000        0x2 Output/blinky_FreeRTOS_pca10040 Debug/Obj/thumb_crt0.o
 .text.__assert
                0x0000000000000000        0x2 Output/blinky_FreeRTOS_pca10040 Debug/Obj/thumb_crt0.o
 .text.__aeabi_assert
                0x0000000000000000        0x2 Output/blinky_FreeRTOS_pca10040 Debug/Obj/thumb_crt0.o
 .text.__sync_synchronize
                0x0000000000000000        0x2 Output/blinky_FreeRTOS_pca10040 Debug/Obj/thumb_crt0.o
 .text.__getchar
                0x0000000000000000        0x4 Output/blinky_FreeRTOS_pca10040 Debug/Obj/thumb_crt0.o
 .text.__putchar
                0x0000000000000000        0x4 Output/blinky_FreeRTOS_pca10040 Debug/Obj/thumb_crt0.o
 .text.__open   0x0000000000000000        0x4 Output/blinky_FreeRTOS_pca10040 Debug/Obj/thumb_crt0.o
 .text.__close  0x0000000000000000        0x4 Output/blinky_FreeRTOS_pca10040 Debug/Obj/thumb_crt0.o
 .text.__write  0x0000000000000000        0xa Output/blinky_FreeRTOS_pca10040 Debug/Obj/thumb_crt0.o
 .text.__read   0x0000000000000000        0xa Output/blinky_FreeRTOS_pca10040 Debug/Obj/thumb_crt0.o
 .text.__seek   0x0000000000000000       0x1a Output/blinky_FreeRTOS_pca10040 Debug/Obj/thumb_crt0.o
 .bss.__user_locale_name_buffer
                0x0000000000000000        0x4 Output/blinky_FreeRTOS_pca10040 Debug/Obj/thumb_crt0.o
 .stack         0x0000000000000000        0x0 Output/blinky_FreeRTOS_pca10040 Debug/Obj/thumb_crt0.o
 .stack_process
                0x0000000000000000        0x0 Output/blinky_FreeRTOS_pca10040 Debug/Obj/thumb_crt0.o
 .heap          0x0000000000000000        0x0 Output/blinky_FreeRTOS_pca10040 Debug/Obj/thumb_crt0.o
 .group         0x0000000000000000        0xc Output/blinky_FreeRTOS_pca10040 Debug/Obj/nrf_log_frontend.o
[...]
Memory Configuration

Name             Origin             Length             Attributes
UNPLACED_SECTIONS 0x0000000100000000 0x0000000000000000 xw
RAM              0x0000000020000000 0x0000000000010000 xw
FLASH            0x0000000000000000 0x0000000000080000 xw
*default*        0x0000000000000000 0xffffffffffffffff

Linker script and memory map

                0x0000000000000000                __vfprintf = __vfprintf_long
                0x0000000000000000                __vfscanf = __vfscanf_int
                0x0000000020000000                __RAM_segment_start__ = 0x20000000
                0x0000000020010000                __RAM_segment_end__ = 0x20010000
                0x0000000000010000                __RAM_segment_size__ = 0x10000
                0x0000000000000000                __FLASH_segment_start__ = 0x0
                0x0000000000080000                __FLASH_segment_end__ = 0x80000
                0x0000000000080000                __FLASH_segment_size__ = 0x80000
                0x0000000000000200                __HEAPSIZE__ = 0x200
                0x0000000000000000                __STACKSIZE_PROCESS__ = 0x0
                0x0000000000000800                __STACKSIZE__ = 0x800
                0x0000000020000000                __vectors_ram_load_start__ = 0x20000000

.vectors_ram    0x0000000020000000        0x0
                0x0000000020000000                __vectors_ram_start__ = .
                0x0000000020000000                __app_ram_start__ = __vectors_ram_start__
 *(.vectors_ram .vectors_ram.*)
                0x0000000020000000                __vectors_ram_end__ = (__vectors_ram_start__ + SIZEOF (.vectors_ram))
                0x0000000000000000                __vectors_ram_size__ = SIZEOF (.vectors_ram)
                0x0000000020000000                __vectors_ram_load_end__ = __vectors_ram_end__
                0x0000000000000001                . = ASSERT (((__vectors_ram_start__ == __vectors_ram_end__) || ((__vectors_ram_end__ - __RAM_segment_start__) <= __RAM_segment_size__)), error: .vectors_ram is too large to fit in RAM memory segment)
                0x0000000020000000                __nrf_sections_run_load_start__ = ALIGN (__vectors_ram_end__, 0x4)

.nrf_sections_run
                0x0000000020000000        0x0
                0x0000000020000000                __nrf_sections_run_start__ = .
                0x0000000020000000                __start_nrf_sections_run = __nrf_sections_run_start__
 *(.nrf_sections_run .nrf_sections_run.*)
                0x0000000020000000                __nrf_sections_run_end__ = (__nrf_sections_run_start__ + SIZEOF (.nrf_sections_run))
                0x0000000000000000                __nrf_sections_run_size__ = SIZEOF (.nrf_sections_run)
                0x0000000020000000                __nrf_sections_run_load_end__ = __nrf_sections_run_end__
                0x0000000000000001                . = ASSERT (((__nrf_sections_run_start__ == __nrf_sections_run_end__) || ((__nrf_sections_run_end__ - __RAM_segment_start__) <= __RAM_segment_size__)), error: .nrf_sections_run is too large to fit in RAM memory segment)
                0x0000000000000000                __vectors_load_start__ = 0x0

.vectors        0x0000000000000000       0xdc
                0x0000000000000000                __vectors_start__ = .
 *(.vectors .vectors.*)
 .vectors       0x0000000000000000       0xdc Output/blinky_FreeRTOS_pca10040 Debug/Obj/ses_nrf52_Vectors.o
                0x0000000000000000                _vectors
                0x00000000000000dc                __vectors_end__ = (__vectors_start__ + SIZEOF (.vectors))
                0x00000000000000dc                __vectors_size__ = SIZEOF (.vectors)
                0x00000000000000dc                __vectors_load_end__ = __vectors_end__
                0x0000000000000001                . = ASSERT (((__vectors_start__ == __vectors_end__) || ((__vectors_end__ - __FLASH_segment_start__) <= __FLASH_segment_size__)), error: .vectors is too large to fit in FLASH memory segment)
                0x00000000000000dc                __init_load_start__ = ALIGN (__vectors_end__, 0x4)

.init           0x00000000000000dc      0x214
                0x00000000000000dc                __init_start__ = .
 *(.init .init.*)
 .init          0x00000000000000dc      0x15c Output/blinky_FreeRTOS_pca10040 Debug/Obj/thumb_crt0.o
                0x00000000000000dc                _start
                0x0000000000000190                exit
 .init          0x0000000000000238       0x58 Output/blinky_FreeRTOS_pca10040 Debug/Obj/ses_nRF_Startup.o
                0x0000000000000238                Reset_Handler
                0x000000000000025c                InitializeUserMemorySections
 .init          0x0000000000000290       0x60 Output/blinky_FreeRTOS_pca10040 Debug/Obj/ses_nrf52_Vectors.o
                0x0000000000000290                NMI_Handler
                0x0000000000000292                HardFault_Handler
                0x0000000000000294                MemoryManagement_Handler
                0x0000000000000296                BusFault_Handler
                0x0000000000000298                UsageFault_Handler
                0x000000000000029c                DebugMon_Handler
                0x00000000000002a0                SysTick_Handler
                0x00000000000002a6                RADIO_IRQHandler
                0x00000000000002a8                UARTE0_UART0_IRQHandler
                0x00000000000002aa                SPIM0_SPIS0_TWIM0_TWIS0_SPI0_TWI0_IRQHandler
                0x00000000000002ac                SPIM1_SPIS1_TWIM1_TWIS1_SPI1_TWI1_IRQHandler
                0x00000000000002ae                NFCT_IRQHandler
                0x00000000000002b2                SAADC_IRQHandler
                0x00000000000002b4                TIMER0_IRQHandler
                0x00000000000002b6                TIMER1_IRQHandler
                0x00000000000002b8                TIMER2_IRQHandler
                0x00000000000002ba                RTC0_IRQHandler
                0x00000000000002bc                TEMP_IRQHandler
                0x00000000000002be                RNG_IRQHandler
                0x00000000000002c0                ECB_IRQHandler
                0x00000000000002c2                CCM_AAR_IRQHandler
                0x00000000000002c4                WDT_IRQHandler
                0x00000000000002c8                QDEC_IRQHandler
                0x00000000000002ca                COMP_LPCOMP_IRQHandler
                0x00000000000002cc                SWI0_EGU0_IRQHandler
                0x00000000000002ce                SWI1_EGU1_IRQHandler
                0x00000000000002d0                SWI2_EGU2_IRQHandler
                0x00000000000002d2                SWI3_EGU3_IRQHandler
                0x00000000000002d4                SWI4_EGU4_IRQHandler
                0x00000000000002d6                SWI5_EGU5_IRQHandler
                0x00000000000002d8                TIMER3_IRQHandler
                0x00000000000002da                TIMER4_IRQHandler
                0x00000000000002dc                PWM0_IRQHandler
                0x00000000000002de                PDM_IRQHandler
                0x00000000000002e0                MWU_IRQHandler
                0x00000000000002e2                PWM1_IRQHandler
                0x00000000000002e4                PWM2_IRQHandler
                0x00000000000002e6                SPIM2_SPIS2_SPI2_IRQHandler
                0x00000000000002e8                RTC2_IRQHandler
                0x00000000000002ea                I2S_IRQHandler
                0x00000000000002ec                FPU_IRQHandler
                0x00000000000002f0                __init_end__ = (__init_start__ + SIZEOF (.init))
                0x0000000000000214                __init_size__ = SIZEOF (.init)
                0x00000000000002f0                __init_load_end__ = __init_end__
                0x0000000000000001                . = ASSERT (((__init_start__ == __init_end__) || ((__init_end__ - __FLASH_segment_start__) <= __FLASH_segment_size__)), error: .init is too large to fit in FLASH memory segment)
                0x00000000000002f0                __init_rodata_load_start__ = ALIGN (__init_end__, 0x4)

.init_rodata    0x00000000000002f0        0x0
                0x00000000000002f0                __init_rodata_start__ = .
 *(.init_rodata .init_rodata.*)
                0x00000000000002f0                __init_rodata_end__ = (__init_rodata_start__ + SIZEOF (.init_rodata))
                0x0000000000000000                __init_rodata_size__ = SIZEOF (.init_rodata)
                0x00000000000002f0                __init_rodata_load_end__ = __init_rodata_end__
                0x0000000000000001                . = ASSERT (((__init_rodata_start__ == __init_rodata_end__) || ((__init_rodata_end__ - __FLASH_segment_start__) <= __FLASH_segment_size__)), error: .init_rodata is too large to fit in FLASH memory segment)
                0x00000000000002f0                __text_load_start__ = ALIGN (__init_rodata_end__, 0x4)

.text           0x00000000000002f0     0x3b48
                0x00000000000002f0                __text_start__ = .
 *(.text .text.* .glue_7t .glue_7 .gnu.linkonce.t.* .gcc_except_table .ARM.extab* .gnu.linkonce.armextab.*)
 .glue_7        0x00000000000002f0        0x0 linker stubs
 .glue_7t       0x00000000000002f0        0x0 linker stubs
 .text.nrf_gpio_pin_port_decode
                0x00000000000002f0       0x28 Output/blinky_FreeRTOS_pca10040 Debug/Obj/boards.o
 .text.nrf_gpio_cfg
                0x0000000000000318       0x62 Output/blinky_FreeRTOS_pca10040 Debug/Obj/boards.o
 .text.nrf_gpio_cfg_output
                0x000000000000037a       0x22 Output/blinky_FreeRTOS_pca10040 Debug/Obj/boards.o
 .text.nrf_gpio_pin_set
                0x000000000000039c       0x28 Output/blinky_FreeRTOS_pca10040 Debug/Obj/boards.o
 .text.nrf_gpio_pin_clear
                0x00000000000003c4       0x28 Output/blinky_FreeRTOS_pca10040 Debug/Obj/boards.o
 .text.nrf_gpio_pin_toggle
                0x00000000000003ec       0x44 Output/blinky_FreeRTOS_pca10040 Debug/Obj/boards.o
 .text.nrf_gpio_pin_write
                0x0000000000000430       0x24 Output/blinky_FreeRTOS_pca10040 Debug/Obj/boards.o
 .text.nrf_gpio_port_out_set
                0x0000000000000454       0x14 Output/blinky_FreeRTOS_pca10040 Debug/Obj/boards.o
 .text.nrf_gpio_port_out_clear
                0x0000000000000468       0x14 Output/blinky_FreeRTOS_pca10040 Debug/Obj/boards.o
 .text.bsp_board_led_off
                0x000000000000047c       0x34 Output/blinky_FreeRTOS_pca10040 Debug/Obj/boards.o
                0x000000000000047c                bsp_board_led_off
 .text.bsp_board_leds_off
                0x00000000000004b0       0x24 Output/blinky_FreeRTOS_pca10040 Debug/Obj/boards.o
                0x00000000000004b0                bsp_board_leds_off
 .text.bsp_board_led_invert
                0x00000000000004d4       0x34 Output/blinky_FreeRTOS_pca10040 Debug/Obj/boards.o
                0x00000000000004d4                bsp_board_led_invert
 .text.bsp_board_leds_init
                0x0000000000000508       0x34 Output/blinky_FreeRTOS_pca10040 Debug/Obj/boards.o
                0x0000000000000508                bsp_board_leds_init
 .text.pvPortMalloc
                0x000000000000053c       0x88 Output/blinky_FreeRTOS_pca10040 Debug/Obj/heap_1.o
                0x000000000000053c                pvPortMalloc
 .text.vPortFree
                0x00000000000005c4       0x20 Output/blinky_FreeRTOS_pca10040 Debug/Obj/heap_1.o
                0x00000000000005c4                vPortFree
 .text.vListInitialise
                0x00000000000005e4       0x36 Output/blinky_FreeRTOS_pca10040 Debug/Obj/list.o
                0x00000000000005e4                vListInitialise
 .text.vListInitialiseItem
                0x000000000000061a       0x10 Output/blinky_FreeRTOS_pca10040 Debug/Obj/list.o
                0x000000000000061a                vListInitialiseItem
 .text.vListInsertEnd
                0x000000000000062a       0x3e Output/blinky_FreeRTOS_pca10040 Debug/Obj/list.o
                0x000000000000062a                vListInsertEnd
 .text.vListInsert
                0x0000000000000668       0x68 Output/blinky_FreeRTOS_pca10040 Debug/Obj/list.o
                0x0000000000000668                vListInsert
 .text.uxListRemove
                0x00000000000006d0       0x4a Output/blinky_FreeRTOS_pca10040 Debug/Obj/list.o
                0x00000000000006d0                uxListRemove
 *fill*         0x000000000000071a        0x2 
 .text.vPortStartFirstTask
                0x000000000000071c       0x20 Output/blinky_FreeRTOS_pca10040 Debug/Obj/port.o
                0x000000000000071c                vPortStartFirstTask
 .text.SVC_Handler
                0x000000000000073c       0x24 Output/blinky_FreeRTOS_pca10040 Debug/Obj/port.o
                0x000000000000073c                SVC_Handler
 .text.PendSV_Handler
                0x0000000000000760       0x64 Output/blinky_FreeRTOS_pca10040 Debug/Obj/port.o
                0x0000000000000760                PendSV_Handler
 .text.NVIC_GetPriorityGrouping
                0x00000000000007c4       0x14 Output/blinky_FreeRTOS_pca10040 Debug/Obj/port_cmsis.o
 .text.NVIC_SetPriority
                0x00000000000007d8       0x50 Output/blinky_FreeRTOS_pca10040 Debug/Obj/port_cmsis.o
 .text.pxPortInitialiseStack
                0x0000000000000828       0x60 Output/blinky_FreeRTOS_pca10040 Debug/Obj/port_cmsis.o
                0x0000000000000828                pxPortInitialiseStack
 .text.prvTaskExitError
                0x0000000000000888       0x2c Output/blinky_FreeRTOS_pca10040 Debug/Obj/port_cmsis.o
 .text.xPortStartScheduler
                0x00000000000008b4       0xe8 Output/blinky_FreeRTOS_pca10040 Debug/Obj/port_cmsis.o
                0x00000000000008b4                xPortStartScheduler
 .text.vPortEnterCritical
                0x000000000000099c       0x4c Output/blinky_FreeRTOS_pca10040 Debug/Obj/port_cmsis.o
                0x000000000000099c                vPortEnterCritical
 .text.vPortExitCritical
                0x00000000000009e8       0x44 Output/blinky_FreeRTOS_pca10040 Debug/Obj/port_cmsis.o
                0x00000000000009e8                vPortExitCritical
 .text.vPortEnableVFP
                0x0000000000000a2c       0x18 Output/blinky_FreeRTOS_pca10040 Debug/Obj/port_cmsis.o
 .text.vPortValidateInterruptPriority
                0x0000000000000a44       0x78 Output/blinky_FreeRTOS_pca10040 Debug/Obj/port_cmsis.o
                0x0000000000000a44                vPortValidateInterruptPriority
 .text.NVIC_EnableIRQ
                0x0000000000000abc       0x2c Output/blinky_FreeRTOS_pca10040 Debug/Obj/port_cmsis_systick.o
 .text.NVIC_ClearPendingIRQ
                0x0000000000000ae8       0x30 Output/blinky_FreeRTOS_pca10040 Debug/Obj/port_cmsis_systick.o
 .text.NVIC_SetPriority
                0x0000000000000b18       0x50 Output/blinky_FreeRTOS_pca10040 Debug/Obj/port_cmsis_systick.o
 .text.ulPortRaiseBASEPRI
                0x0000000000000b68       0x1e Output/blinky_FreeRTOS_pca10040 Debug/Obj/port_cmsis_systick.o
 .text.nrf_rtc_cc_set
                0x0000000000000b86       0x1c Output/blinky_FreeRTOS_pca10040 Debug/Obj/port_cmsis_systick.o
 .text.nrf_rtc_int_enable
                0x0000000000000ba2       0x14 Output/blinky_FreeRTOS_pca10040 Debug/Obj/port_cmsis_systick.o
 .text.nrf_rtc_int_disable
                0x0000000000000bb6       0x14 Output/blinky_FreeRTOS_pca10040 Debug/Obj/port_cmsis_systick.o
 .text.nrf_rtc_event_clear
                0x0000000000000bca       0x2a Output/blinky_FreeRTOS_pca10040 Debug/Obj/port_cmsis_systick.o
 .text.nrf_rtc_counter_get
                0x0000000000000bf4       0x10 Output/blinky_FreeRTOS_pca10040 Debug/Obj/port_cmsis_systick.o
 .text.nrf_rtc_prescaler_set
                0x0000000000000c04       0x30 Output/blinky_FreeRTOS_pca10040 Debug/Obj/port_cmsis_systick.o
 .text.nrf_rtc_task_trigger
                0x0000000000000c34       0x1e Output/blinky_FreeRTOS_pca10040 Debug/Obj/port_cmsis_systick.o
 .text.nrf_rtc_event_enable
                0x0000000000000c52       0x14 Output/blinky_FreeRTOS_pca10040 Debug/Obj/port_cmsis_systick.o
 *fill*         0x0000000000000c66        0x2 
 .text.RTC1_IRQHandler
                0x0000000000000c68       0x90 Output/blinky_FreeRTOS_pca10040 Debug/Obj/port_cmsis_systick.o
                0x0000000000000c68                RTC1_IRQHandler
 .text.vPortSetupTimerInterrupt
                0x0000000000000cf8       0x48 Output/blinky_FreeRTOS_pca10040 Debug/Obj/port_cmsis_systick.o
                0x0000000000000cf8                vPortSetupTimerInterrupt
 .text.vPortSuppressTicksAndSleep
                0x0000000000000d40       0xe8 Output/blinky_FreeRTOS_pca10040 Debug/Obj/port_cmsis_systick.o
                0x0000000000000d40                vPortSuppressTicksAndSleep
 .text.ulPortRaiseBASEPRI
                0x0000000000000e28       0x1e Output/blinky_FreeRTOS_pca10040 Debug/Obj/queue.o
 *fill*         0x0000000000000e46        0x2 
 .text.xQueueGenericReset
                0x0000000000000e48       0xc8 Output/blinky_FreeRTOS_pca10040 Debug/Obj/queue.o
                0x0000000000000e48                xQueueGenericReset
 .text.xQueueGenericCreate
                0x0000000000000f10       0xa0 Output/blinky_FreeRTOS_pca10040 Debug/Obj/queue.o
                0x0000000000000f10                xQueueGenericCreate
 .text.xQueueGenericSend
                0x0000000000000fb0      0x1a4 Output/blinky_FreeRTOS_pca10040 Debug/Obj/queue.o
                0x0000000000000fb0                xQueueGenericSend
 .text.xQueueGenericSendFromISR
                0x0000000000001154       0xd4 Output/blinky_FreeRTOS_pca10040 Debug/Obj/queue.o
                0x0000000000001154                xQueueGenericSendFromISR
 .text.xQueueGenericReceive
                0x0000000000001228      0x1dc Output/blinky_FreeRTOS_pca10040 Debug/Obj/queue.o
                0x0000000000001228                xQueueGenericReceive
 .text.prvCopyDataToQueue
                0x0000000000001404       0xd4 Output/blinky_FreeRTOS_pca10040 Debug/Obj/queue.o
 .text.prvCopyDataFromQueue
                0x00000000000014d8       0x4a Output/blinky_FreeRTOS_pca10040 Debug/Obj/queue.o
 .text.prvUnlockQueue
                0x0000000000001522       0x96 Output/blinky_FreeRTOS_pca10040 Debug/Obj/queue.o
 .text.prvIsQueueEmpty
                0x00000000000015b8       0x2a Output/blinky_FreeRTOS_pca10040 Debug/Obj/queue.o
 .text.prvIsQueueFull
                0x00000000000015e2       0x2e Output/blinky_FreeRTOS_pca10040 Debug/Obj/queue.o
 .text.vQueueAddToRegistry
                0x0000000000001610       0x48 Output/blinky_FreeRTOS_pca10040 Debug/Obj/queue.o
                0x0000000000001610                vQueueAddToRegistry
 .text.vQueueWaitForMessageRestricted
                0x0000000000001658       0x56 Output/blinky_FreeRTOS_pca10040 Debug/Obj/queue.o
                0x0000000000001658                vQueueWaitForMessageRestricted
 *fill*         0x00000000000016ae        0x2 
 .text.xTaskGenericCreate
                0x00000000000016b0      0x184 Output/blinky_FreeRTOS_pca10040 Debug/Obj/tasks.o
                0x00000000000016b0                xTaskGenericCreate
 .text.vTaskDelay
                0x0000000000001834       0xa0 Output/blinky_FreeRTOS_pca10040 Debug/Obj/tasks.o
                0x0000000000001834                vTaskDelay
 .text.vTaskStartScheduler
                0x00000000000018d4       0x80 Output/blinky_FreeRTOS_pca10040 Debug/Obj/tasks.o
                0x00000000000018d4                vTaskStartScheduler
 .text.vTaskSuspendAll
                0x0000000000001954       0x14 Output/blinky_FreeRTOS_pca10040 Debug/Obj/tasks.o
                0x0000000000001954                vTaskSuspendAll
 .text.prvGetExpectedIdleTime
                0x0000000000001968       0x44 Output/blinky_FreeRTOS_pca10040 Debug/Obj/tasks.o
 .text.xTaskResumeAll
                0x00000000000019ac      0x120 Output/blinky_FreeRTOS_pca10040 Debug/Obj/tasks.o
                0x00000000000019ac                xTaskResumeAll
 .text.xTaskGetTickCount
                0x0000000000001acc       0x14 Output/blinky_FreeRTOS_pca10040 Debug/Obj/tasks.o
                0x0000000000001acc                xTaskGetTickCount
 .text.vTaskStepTick
                0x0000000000001ae0       0x40 Output/blinky_FreeRTOS_pca10040 Debug/Obj/tasks.o
                0x0000000000001ae0                vTaskStepTick
 .text.xTaskIncrementTick
                0x0000000000001b20      0x154 Output/blinky_FreeRTOS_pca10040 Debug/Obj/tasks.o
                0x0000000000001b20                xTaskIncrementTick
 .text.vTaskSwitchContext
                0x0000000000001c74       0xa0 Output/blinky_FreeRTOS_pca10040 Debug/Obj/tasks.o
                0x0000000000001c74                vTaskSwitchContext
 .text.vTaskPlaceOnEventList
                0x0000000000001d14       0x94 Output/blinky_FreeRTOS_pca10040 Debug/Obj/tasks.o
                0x0000000000001d14                vTaskPlaceOnEventList
 .text.vTaskPlaceOnEventListRestricted
                0x0000000000001da8       0x78 Output/blinky_FreeRTOS_pca10040 Debug/Obj/tasks.o
                0x0000000000001da8                vTaskPlaceOnEventListRestricted
 .text.xTaskRemoveFromEventList
                0x0000000000001e20       0xc0 Output/blinky_FreeRTOS_pca10040 Debug/Obj/tasks.o
                0x0000000000001e20                xTaskRemoveFromEventList
 .text.vTaskSetTimeOutState
                0x0000000000001ee0       0x3c Output/blinky_FreeRTOS_pca10040 Debug/Obj/tasks.o
                0x0000000000001ee0                vTaskSetTimeOutState
 .text.xTaskCheckForTimeOut
                0x0000000000001f1c       0xac Output/blinky_FreeRTOS_pca10040 Debug/Obj/tasks.o
                0x0000000000001f1c                xTaskCheckForTimeOut
 .text.vTaskMissedYield
                0x0000000000001fc8       0x10 Output/blinky_FreeRTOS_pca10040 Debug/Obj/tasks.o
                0x0000000000001fc8                vTaskMissedYield
 .text.prvIdleTask
                0x0000000000001fd8       0x78 Output/blinky_FreeRTOS_pca10040 Debug/Obj/tasks.o
 .text.eTaskConfirmSleepModeStatus
                0x0000000000002050       0x38 Output/blinky_FreeRTOS_pca10040 Debug/Obj/tasks.o
                0x0000000000002050                eTaskConfirmSleepModeStatus
 .text.prvInitialiseTCBVariables
                0x0000000000002088       0xa6 Output/blinky_FreeRTOS_pca10040 Debug/Obj/tasks.o
 *fill*         0x000000000000212e        0x2 
 .text.prvInitialiseTaskLists
                0x0000000000002130       0x7c Output/blinky_FreeRTOS_pca10040 Debug/Obj/tasks.o
 .text.prvCheckTasksWaitingTermination
                0x00000000000021ac       0x74 Output/blinky_FreeRTOS_pca10040 Debug/Obj/tasks.o
 .text.prvAddCurrentTaskToDelayedList
                0x0000000000002220       0x6c Output/blinky_FreeRTOS_pca10040 Debug/Obj/tasks.o
 .text.prvAllocateTCBAndStack
                0x000000000000228c       0x70 Output/blinky_FreeRTOS_pca10040 Debug/Obj/tasks.o
 .text.prvDeleteTCB
                0x00000000000022fc       0x1e Output/blinky_FreeRTOS_pca10040 Debug/Obj/tasks.o
 *fill*         0x000000000000231a        0x2 
 .text.prvResetNextTaskUnblockTime
                0x000000000000231c       0x40 Output/blinky_FreeRTOS_pca10040 Debug/Obj/tasks.o
 .text.xTaskGetSchedulerState
                0x000000000000235c       0x34 Output/blinky_FreeRTOS_pca10040 Debug/Obj/tasks.o
                0x000000000000235c                xTaskGetSchedulerState
 .text.vTaskPriorityInherit
                0x0000000000002390       0xec Output/blinky_FreeRTOS_pca10040 Debug/Obj/tasks.o
                0x0000000000002390                vTaskPriorityInherit
 .text.xTaskPriorityDisinherit
                0x000000000000247c       0xf4 Output/blinky_FreeRTOS_pca10040 Debug/Obj/tasks.o
                0x000000000000247c                xTaskPriorityDisinherit
 .text.pvTaskIncrementMutexHeldCount
                0x0000000000002570       0x20 Output/blinky_FreeRTOS_pca10040 Debug/Obj/tasks.o
                0x0000000000002570                pvTaskIncrementMutexHeldCount
 .text.xTimerCreateTimerTask
                0x0000000000002590       0x60 Output/blinky_FreeRTOS_pca10040 Debug/Obj/timers.o
                0x0000000000002590                xTimerCreateTimerTask
 .text.xTimerCreate
                0x00000000000025f0       0x70 Output/blinky_FreeRTOS_pca10040 Debug/Obj/timers.o
                0x00000000000025f0                xTimerCreate
 .text.xTimerGenericCommand
                0x0000000000002660       0x78 Output/blinky_FreeRTOS_pca10040 Debug/Obj/timers.o
                0x0000000000002660                xTimerGenericCommand
 .text.prvProcessExpiredTimer
                0x00000000000026d8       0x78 Output/blinky_FreeRTOS_pca10040 Debug/Obj/timers.o
 .text.prvTimerTask
                0x0000000000002750       0x20 Output/blinky_FreeRTOS_pca10040 Debug/Obj/timers.o
 .text.prvProcessTimerOrBlockTask
                0x0000000000002770       0x7c Output/blinky_FreeRTOS_pca10040 Debug/Obj/timers.o
 .text.prvGetNextExpireTime
                0x00000000000027ec       0x40 Output/blinky_FreeRTOS_pca10040 Debug/Obj/timers.o
 .text.prvSampleTimeNow
                0x000000000000282c       0x3c Output/blinky_FreeRTOS_pca10040 Debug/Obj/timers.o
 .text.prvInsertTimerInActiveList
                0x0000000000002868       0x84 Output/blinky_FreeRTOS_pca10040 Debug/Obj/timers.o
 .text.prvProcessReceivedCommands
                0x00000000000028ec      0x13c Output/blinky_FreeRTOS_pca10040 Debug/Obj/timers.o
 .text.prvSwitchTimerLists
                0x0000000000002a28       0xb8 Output/blinky_FreeRTOS_pca10040 Debug/Obj/timers.o
 .text.prvCheckForValidListAndQueue
                0x0000000000002ae0       0x80 Output/blinky_FreeRTOS_pca10040 Debug/Obj/timers.o
 .text.app_error_handler
                0x0000000000002b60       0x30 Output/blinky_FreeRTOS_pca10040 Debug/Obj/app_error.o
                0x0000000000002b60                app_error_handler
 .text.app_error_save_and_stop
                0x0000000000002b90       0x98 Output/blinky_FreeRTOS_pca10040 Debug/Obj/app_error.o
                0x0000000000002b90                app_error_save_and_stop
 .text.app_error_fault_handler
                0x0000000000002c28       0x50 Output/blinky_FreeRTOS_pca10040 Debug/Obj/app_error_weak.o
                0x0000000000002c28                app_error_fault_handler
 .text.app_util_disable_irq
                0x0000000000002c78       0x14 Output/blinky_FreeRTOS_pca10040 Debug/Obj/app_util_platform.o
                0x0000000000002c78                app_util_disable_irq
 .text.app_util_enable_irq
                0x0000000000002c8c       0x1c Output/blinky_FreeRTOS_pca10040 Debug/Obj/app_util_platform.o
                0x0000000000002c8c                app_util_enable_irq
 .text.app_util_critical_region_enter
                0x0000000000002ca8       0x28 Output/blinky_FreeRTOS_pca10040 Debug/Obj/app_util_platform.o
                0x0000000000002ca8                app_util_critical_region_enter
 .text.app_util_critical_region_exit
                0x0000000000002cd0       0x2c Output/blinky_FreeRTOS_pca10040 Debug/Obj/app_util_platform.o
                0x0000000000002cd0                app_util_critical_region_exit
 .text.privilege_level_get
                0x0000000000002cfc       0x3a Output/blinky_FreeRTOS_pca10040 Debug/Obj/app_util_platform.o
                0x0000000000002cfc                privilege_level_get
 .text.assert_nrf_callback
                0x0000000000002d36       0x2e Output/blinky_FreeRTOS_pca10040 Debug/Obj/nrf_assert.o
                0x0000000000002d36                assert_nrf_callback
 .text.nrf_clock_int_enable
                0x0000000000002d64       0x14 Output/blinky_FreeRTOS_pca10040 Debug/Obj/nrf_drv_clock.o
 .text.nrf_clock_int_disable
                0x0000000000002d78       0x14 Output/blinky_FreeRTOS_pca10040 Debug/Obj/nrf_drv_clock.o
 .text.nrf_clock_task_trigger
                0x0000000000002d8c       0x1a Output/blinky_FreeRTOS_pca10040 Debug/Obj/nrf_drv_clock.o
 .text.nrf_clock_event_clear
                0x0000000000002da6       0x28 Output/blinky_FreeRTOS_pca10040 Debug/Obj/nrf_drv_clock.o
 .text.nrf_clock_event_check
                0x0000000000002dce       0x22 Output/blinky_FreeRTOS_pca10040 Debug/Obj/nrf_drv_clock.o
 .text.nrf_clock_lf_src_set
                0x0000000000002df0       0x1e Output/blinky_FreeRTOS_pca10040 Debug/Obj/nrf_drv_clock.o
 *fill*         0x0000000000002e0e        0x2 
 .text.nrf_drv_common_irq_enable_check
                0x0000000000002e10       0x38 Output/blinky_FreeRTOS_pca10040 Debug/Obj/nrf_drv_clock.o
 .text.nrf_drv_common_power_clock_irq_init
                0x0000000000002e48       0x20 Output/blinky_FreeRTOS_pca10040 Debug/Obj/nrf_drv_clock.o
 .text.lfclk_start
                0x0000000000002e68       0x1a Output/blinky_FreeRTOS_pca10040 Debug/Obj/nrf_drv_clock.o
 *fill*         0x0000000000002e82        0x2 
 .text.nrf_drv_clock_init
                0x0000000000002e84       0x4c Output/blinky_FreeRTOS_pca10040 Debug/Obj/nrf_drv_clock.o
                0x0000000000002e84                nrf_drv_clock_init
 .text.item_enqueue
                0x0000000000002ed0       0x38 Output/blinky_FreeRTOS_pca10040 Debug/Obj/nrf_drv_clock.o
 .text.item_dequeue
                0x0000000000002f08       0x20 Output/blinky_FreeRTOS_pca10040 Debug/Obj/nrf_drv_clock.o
 .text.nrf_drv_clock_lfclk_request
                0x0000000000002f28       0x9c Output/blinky_FreeRTOS_pca10040 Debug/Obj/nrf_drv_clock.o
                0x0000000000002f28                nrf_drv_clock_lfclk_request
 .text.clock_clk_started_notify
                0x0000000000002fc4       0x4c Output/blinky_FreeRTOS_pca10040 Debug/Obj/nrf_drv_clock.o
 .text.POWER_CLOCK_IRQHandler
                0x0000000000003010       0x5c Output/blinky_FreeRTOS_pca10040 Debug/Obj/nrf_drv_clock.o
                0x0000000000003010                POWER_CLOCK_IRQHandler
 .text.NVIC_EnableIRQ
                0x000000000000306c       0x2c Output/blinky_FreeRTOS_pca10040 Debug/Obj/nrf_drv_common.o
 .text.NVIC_ClearPendingIRQ
                0x0000000000003098       0x30 Output/blinky_FreeRTOS_pca10040 Debug/Obj/nrf_drv_common.o
 .text.NVIC_SetPriority
                0x00000000000030c8       0x50 Output/blinky_FreeRTOS_pca10040 Debug/Obj/nrf_drv_common.o
 .text.nrf_drv_common_irq_enable
                0x0000000000003118       0x54 Output/blinky_FreeRTOS_pca10040 Debug/Obj/nrf_drv_common.o
                0x0000000000003118                nrf_drv_common_irq_enable
 .text.nrf_gpiote_event_is_set
                0x000000000000316c       0x2a Output/blinky_FreeRTOS_pca10040 Debug/Obj/nrf_drv_gpiote.o
 .text.nrf_gpiote_event_clear
                0x0000000000003196       0x36 Output/blinky_FreeRTOS_pca10040 Debug/Obj/nrf_drv_gpiote.o
 .text.nrf_gpiote_event_addr_get
                0x00000000000031cc       0x1a Output/blinky_FreeRTOS_pca10040 Debug/Obj/nrf_drv_gpiote.o
 *fill*         0x00000000000031e6        0x2 
 .text.nrf_gpiote_int_is_enabled
                0x00000000000031e8       0x18 Output/blinky_FreeRTOS_pca10040 Debug/Obj/nrf_drv_gpiote.o
 .text.nrf_gpiote_event_pin_get
                0x0000000000003200       0x20 Output/blinky_FreeRTOS_pca10040 Debug/Obj/nrf_drv_gpiote.o
 .text.nrf_gpiote_event_polarity_get
                0x0000000000003220       0x24 Output/blinky_FreeRTOS_pca10040 Debug/Obj/nrf_drv_gpiote.o
 .text.nrf_gpio_pin_port_decode
                0x0000000000003244       0x28 Output/blinky_FreeRTOS_pca10040 Debug/Obj/nrf_drv_gpiote.o
 .text.nrf_gpio_cfg_sense_set
                0x000000000000326c       0x5c Output/blinky_FreeRTOS_pca10040 Debug/Obj/nrf_drv_gpiote.o
 .text.nrf_gpio_pin_sense_get
                0x00000000000032c8       0x2c Output/blinky_FreeRTOS_pca10040 Debug/Obj/nrf_drv_gpiote.o
 .text.nrf_gpio_port_in_read
                0x00000000000032f4       0x10 Output/blinky_FreeRTOS_pca10040 Debug/Obj/nrf_drv_gpiote.o
 .text.nrf_gpio_ports_read
                0x0000000000003304       0x68 Output/blinky_FreeRTOS_pca10040 Debug/Obj/nrf_drv_gpiote.o
 .text.nrf_bitmask_bit_is_set
                0x000000000000336c       0x30 Output/blinky_FreeRTOS_pca10040 Debug/Obj/nrf_drv_gpiote.o
 .text.nrf_bitmask_bit_set
                0x000000000000339c       0x40 Output/blinky_FreeRTOS_pca10040 Debug/Obj/nrf_drv_gpiote.o
 .text.channel_port_get
                0x00000000000033dc       0x1c Output/blinky_FreeRTOS_pca10040 Debug/Obj/nrf_drv_gpiote.o
 .text.channel_handler_get
                0x00000000000033f8       0x18 Output/blinky_FreeRTOS_pca10040 Debug/Obj/nrf_drv_gpiote.o
 .text.GPIOTE_IRQHandler
                0x0000000000003410      0x2e0 Output/blinky_FreeRTOS_pca10040 Debug/Obj/nrf_drv_gpiote.o
                0x0000000000003410                GPIOTE_IRQHandler
 .text.led_toggle_task_function
                0x00000000000036f0       0x14 Output/blinky_FreeRTOS_pca10040 Debug/Obj/main.o
 .text.led_toggle_timer_callback
                0x0000000000003704       0x14 Output/blinky_FreeRTOS_pca10040 Debug/Obj/main.o
 .text.main     0x0000000000003718       0xa4 Output/blinky_FreeRTOS_pca10040 Debug/Obj/main.o
                0x0000000000003718                main
 .text.NVIC_SystemReset
                0x00000000000037bc       0x24 Output/blinky_FreeRTOS_pca10040 Debug/Obj/system_nrf52.o
 .text.SystemCoreClockUpdate
                0x00000000000037e0       0x14 Output/blinky_FreeRTOS_pca10040 Debug/Obj/system_nrf52.o
                0x00000000000037e0                SystemCoreClockUpdate
 .text.SystemInit
                0x00000000000037f4      0x2bc Output/blinky_FreeRTOS_pca10040 Debug/Obj/system_nrf52.o
                0x00000000000037f4                SystemInit
 .text.errata_12
                0x0000000000003ab0       0x58 Output/blinky_FreeRTOS_pca10040 Debug/Obj/system_nrf52.o
 .text.errata_16
                0x0000000000003b08       0x38 Output/blinky_FreeRTOS_pca10040 Debug/Obj/system_nrf52.o
 .text.errata_31
                0x0000000000003b40       0x58 Output/blinky_FreeRTOS_pca10040 Debug/Obj/system_nrf52.o
 .text.errata_32
                0x0000000000003b98       0x38 Output/blinky_FreeRTOS_pca10040 Debug/Obj/system_nrf52.o
 .text.errata_36
                0x0000000000003bd0       0x58 Output/blinky_FreeRTOS_pca10040 Debug/Obj/system_nrf52.o
 .text.errata_37
                0x0000000000003c28       0x38 Output/blinky_FreeRTOS_pca10040 Debug/Obj/system_nrf52.o
 .text.errata_57
                0x0000000000003c60       0x38 Output/blinky_FreeRTOS_pca10040 Debug/Obj/system_nrf52.o
 .text.errata_66
                0x0000000000003c98       0x38 Output/blinky_FreeRTOS_pca10040 Debug/Obj/system_nrf52.o
 .text.errata_108
                0x0000000000003cd0       0x58 Output/blinky_FreeRTOS_pca10040 Debug/Obj/system_nrf52.o
 .text.errata_136
                0x0000000000003d28       0x58 Output/blinky_FreeRTOS_pca10040 Debug/Obj/system_nrf52.o
 .text.libc.memcpy
                0x0000000000003d80       0x52 C:/Program Files/SEGGER/SEGGER Embedded Studio for ARM 4.22/lib/libc_v7em_fpv4_sp_d16_hard_t_le_eabi.a(libc2_asm.o)
                0x0000000000003d80                __aeabi_memcpy
                0x0000000000003d80                memcpy
                0x0000000000003d8c                __aeabi_memcpy8
                0x0000000000003d8c                __aeabi_memcpy4
 .text.libc.memset
                0x0000000000003dd2       0x66 C:/Program Files/SEGGER/SEGGER Embedded Studio for ARM 4.22/lib/libc_v7em_fpv4_sp_d16_hard_t_le_eabi.a(libc2_asm.o)
                0x0000000000003dd2                memset
                0x0000000000003e38                __text_end__ = (__text_start__ + SIZEOF (.text))
                0x0000000000003b48                __text_size__ = SIZEOF (.text)
                0x0000000000003e38                __text_load_end__ = __text_end__

.vfp11_veneer   0x0000000100000000        0x0
 .vfp11_veneer  0x0000000100000000        0x0 linker stubs

.v4_bx          0x0000000100000000        0x0
 .v4_bx         0x0000000100000000        0x0 linker stubs

.iplt           0x0000000100000000        0x0
 .iplt          0x0000000100000000        0x0 Output/blinky_FreeRTOS_pca10040 Debug/Obj/thumb_crt0.o
                0x0000000000000001                . = ASSERT (((__text_start__ == __text_end__) || ((__text_end__ - __FLASH_segment_start__) <= __FLASH_segment_size__)), error: .text is too large to fit in FLASH memory segment)
                0x0000000000003e38                __log_const_data_load_start__ = ALIGN (__text_end__, 0x4)

.log_const_data
                0x0000000000003e38        0x0
                0x0000000000003e38                __log_const_data_start__ = .
                0x0000000000003e38                __start_log_const_data = __log_const_data_start__
 *(SORT_BY_NAME(.log_const_data*))
                0x0000000000003e38                __log_const_data_end__ = (__log_const_data_start__ + SIZEOF (.log_const_data))
                0x0000000000000000                __log_const_data_size__ = SIZEOF (.log_const_data)
                0x0000000000003e38                __stop_log_const_data = __log_const_data_end__
                0x0000000000003e38                __log_const_data_load_end__ = __log_const_data_end__
                0x0000000000000001                . = ASSERT (((__log_const_data_start__ == __log_const_data_end__) || ((__log_const_data_end__ - __FLASH_segment_start__) <= __FLASH_segment_size__)), error: .log_const_data is too large to fit in FLASH memory segment)
                0x0000000000003e38                __nrf_sections_load_start__ = ALIGN (__log_const_data_end__, 0x4)

.nrf_sections   0x0000000000003e38        0x0
                0x0000000000003e38                __nrf_sections_start__ = .
                0x0000000000003e38                __start_nrf_sections = __nrf_sections_start__
 *(.nrf_sections .nrf_sections.*)
                0x0000000000003e38                __nrf_sections_end__ = (__nrf_sections_start__ + SIZEOF (.nrf_sections))
                0x0000000000000000                __nrf_sections_size__ = SIZEOF (.nrf_sections)
                0x0000000000003e38                __nrf_sections_load_end__ = __nrf_sections_end__
                0x0000000000000001                . = ASSERT (((__nrf_sections_start__ == __nrf_sections_end__) || ((__nrf_sections_end__ - __FLASH_segment_start__) <= __FLASH_segment_size__)), error: .nrf_sections is too large to fit in FLASH memory segment)
                0x0000000000003e38                __log_dynamic_data_load_start__ = ALIGN (__nrf_sections_end__, 0x4)

.log_dynamic_data
                0x0000000020000000        0x0 load address 0x0000000000003e38
                0x0000000020000000                __log_dynamic_data_start__ = .
 *(SORT_BY_NAME(.log_dynamic_data*))
                0x0000000020000000                __log_dynamic_data_end__ = (__log_dynamic_data_start__ + SIZEOF (.log_dynamic_data))
                0x0000000000000000                __log_dynamic_data_size__ = SIZEOF (.log_dynamic_data)
                0x0000000000003e38                __log_dynamic_data_load_end__ = (__log_dynamic_data_load_start__ + SIZEOF (.log_dynamic_data))
                0x0000000000000001                . = ASSERT (((__log_dynamic_data_load_start__ == __log_dynamic_data_load_end__) || ((__log_dynamic_data_load_end__ - __FLASH_segment_start__) <= __FLASH_segment_size__)), error: .log_dynamic_data is too large to fit in FLASH memory segment)

.log_dynamic_data_run
                0x0000000020000000        0x0
                0x0000000020000000                __log_dynamic_data_run_start__ = .
                0x0000000020000000                __start_log_dynamic_data = __log_dynamic_data_run_start__
                0x0000000020000000                . = MAX ((__log_dynamic_data_run_start__ + SIZEOF (.log_dynamic_data)), .)
                0x0000000020000000                __log_dynamic_data_run_end__ = (__log_dynamic_data_run_start__ + SIZEOF (.log_dynamic_data_run))
                0x0000000000000000                __log_dynamic_data_run_size__ = SIZEOF (.log_dynamic_data_run)
                0x0000000020000000                __stop_log_dynamic_data = __log_dynamic_data_run_end__
                0x0000000020000000                __log_dynamic_data_run_load_end__ = __log_dynamic_data_run_end__
                0x0000000000000001                . = ASSERT (((__log_dynamic_data_run_start__ == __log_dynamic_data_run_end__) || ((__log_dynamic_data_run_end__ - __RAM_segment_start__) <= __RAM_segment_size__)), error: .log_dynamic_data_run is too large to fit in RAM memory segment)
                0x0000000020000000                __nrf_sections_run_end_load_start__ = ALIGN (__log_dynamic_data_run_end__, 0x4)

.nrf_sections_run_end
                0x0000000020000000        0x0
                0x0000000020000000                __nrf_sections_run_end_start__ = .
                0x0000000020000000                __end_nrf_sections_run = __nrf_sections_run_end_start__
 *(.nrf_sections_run_end .nrf_sections_run_end.*)
                0x0000000020000000                __nrf_sections_run_end_end__ = (__nrf_sections_run_end_start__ + SIZEOF (.nrf_sections_run_end))
                0x0000000000000000                __nrf_sections_run_end_size__ = SIZEOF (.nrf_sections_run_end)
                0x0000000020000000                __nrf_sections_run_end_load_end__ = __nrf_sections_run_end_end__
                0x0000000000000001                . = ASSERT (((__nrf_sections_run_end_start__ == __nrf_sections_run_end_end__) || ((__nrf_sections_run_end_end__ - __RAM_segment_start__) <= __RAM_segment_size__)), error: .nrf_sections_run_end is too large to fit in RAM memory segment)
                0x0000000000003e38                __dtors_load_start__ = ALIGN ((__log_dynamic_data_load_start__ + SIZEOF (.log_dynamic_data)), 0x4)

.dtors          0x0000000000003e38        0x0
                0x0000000000003e38                __dtors_start__ = .
 *(SORT_BY_NAME(.dtors.*))
 *(.dtors)
 *(.fini_array)
 *(SORT_BY_NAME(.fini_array.*))
                0x0000000000003e38                __dtors_end__ = (__dtors_start__ + SIZEOF (.dtors))
                0x0000000000000000                __dtors_size__ = SIZEOF (.dtors)
                0x0000000000003e38                __dtors_load_end__ = __dtors_end__
                0x0000000000000001                . = ASSERT (((__dtors_start__ == __dtors_end__) || ((__dtors_end__ - __FLASH_segment_start__) <= __FLASH_segment_size__)), error: .dtors is too large to fit in FLASH memory segment)
                0x0000000000003e38                __ctors_load_start__ = ALIGN (__dtors_end__, 0x4)

.ctors          0x0000000000003e38        0x0
                0x0000000000003e38                __ctors_start__ = .
 *(SORT_BY_NAME(.ctors.*))
 *(.ctors)
 *(.init_array)
 *(SORT_BY_NAME(.init_array.*))
                0x0000000000003e38                __ctors_end__ = (__ctors_start__ + SIZEOF (.ctors))
                0x0000000000000000                __ctors_size__ = SIZEOF (.ctors)
                0x0000000000003e38                __ctors_load_end__ = __ctors_end__
                0x0000000000000001                . = ASSERT (((__ctors_start__ == __ctors_end__) || ((__ctors_end__ - __FLASH_segment_start__) <= __FLASH_segment_size__)), error: .ctors is too large to fit in FLASH memory segment)
                0x0000000000003e38                __rodata_load_start__ = ALIGN (__ctors_end__, 0x4)

.rodata         0x0000000000003e38      0x52d
                0x0000000000003e38                __rodata_start__ = .
 *(.rodata .rodata.* .gnu.linkonce.r.*)
 .rodata        0x0000000000003e38       0x8d Output/blinky_FreeRTOS_pca10040 Debug/Obj/boards.o
 *fill*         0x0000000000003ec5        0x3 
 .rodata.m_board_led_list
                0x0000000000003ec8        0x4 Output/blinky_FreeRTOS_pca10040 Debug/Obj/boards.o
 .rodata        0x0000000000003ecc       0x6d Output/blinky_FreeRTOS_pca10040 Debug/Obj/heap_1.o
 *fill*         0x0000000000003f39        0x3 
 .rodata        0x0000000000003f3c       0x6e Output/blinky_FreeRTOS_pca10040 Debug/Obj/port_cmsis.o
 *fill*         0x0000000000003faa        0x2 
 .rodata        0x0000000000003fac       0x37 Output/blinky_FreeRTOS_pca10040 Debug/Obj/port_cmsis_systick.o
 *fill*         0x0000000000003fe3        0x1 
 .rodata        0x0000000000003fe4       0x5b Output/blinky_FreeRTOS_pca10040 Debug/Obj/queue.o
 *fill*         0x000000000000403f        0x1 
 .rodata        0x0000000000004040       0x61 Output/blinky_FreeRTOS_pca10040 Debug/Obj/tasks.o
 *fill*         0x00000000000040a1        0x3 
 .rodata        0x00000000000040a4       0x69 Output/blinky_FreeRTOS_pca10040 Debug/Obj/timers.o
 *fill*         0x000000000000410d        0x3 
 .rodata        0x0000000000004110       0x68 Output/blinky_FreeRTOS_pca10040 Debug/Obj/app_util_platform.o
 .rodata        0x0000000000004178       0x67 Output/blinky_FreeRTOS_pca10040 Debug/Obj/nrf_drv_clock.o
 *fill*         0x00000000000041df        0x1 
 .rodata        0x00000000000041e0       0x69 Output/blinky_FreeRTOS_pca10040 Debug/Obj/nrf_drv_common.o
 *fill*         0x0000000000004249        0x3 
 .rodata        0x000000000000424c       0xa1 Output/blinky_FreeRTOS_pca10040 Debug/Obj/nrf_drv_gpiote.o
 *fill*         0x00000000000042ed        0x3 
 .rodata        0x00000000000042f0       0x75 Output/blinky_FreeRTOS_pca10040 Debug/Obj/main.o
                0x0000000000004365                __rodata_end__ = (__rodata_start__ + SIZEOF (.rodata))
                0x000000000000052d                __rodata_size__ = SIZEOF (.rodata)
                0x0000000000004365                __rodata_load_end__ = __rodata_end__

.rel.dyn        0x0000000000004368        0x0
 .rel.iplt      0x0000000000004368        0x0 Output/blinky_FreeRTOS_pca10040 Debug/Obj/thumb_crt0.o
                0x0000000000000001                . = ASSERT (((__rodata_start__ == __rodata_end__) || ((__rodata_end__ - __FLASH_segment_start__) <= __FLASH_segment_size__)), error: .rodata is too large to fit in FLASH memory segment)
                0x0000000000004368                __ARM.exidx_load_start__ = ALIGN (__rodata_end__, 0x4)

.ARM.exidx      0x0000000000004368        0x0
                0x0000000000004368                __ARM.exidx_start__ = .
                0x0000000000004368                __exidx_start = __ARM.exidx_start__
 *(.ARM.exidx .ARM.exidx.*)
                0x0000000000004368                __ARM.exidx_end__ = (__ARM.exidx_start__ + SIZEOF (.ARM.exidx))
                0x0000000000000000                __ARM.exidx_size__ = SIZEOF (.ARM.exidx)
                0x0000000000004368                __exidx_end = __ARM.exidx_end__
                0x0000000000004368                __ARM.exidx_load_end__ = __ARM.exidx_end__
                0x0000000000000001                . = ASSERT (((__ARM.exidx_start__ == __ARM.exidx_end__) || ((__ARM.exidx_end__ - __FLASH_segment_start__) <= __FLASH_segment_size__)), error: .ARM.exidx is too large to fit in FLASH memory segment)
                0x0000000000004368                __fast_load_start__ = ALIGN (__ARM.exidx_end__, 0x4)

.fast           0x0000000020000000        0x0 load address 0x0000000000004368
                0x0000000020000000                __fast_start__ = .
 *(.fast .fast.*)
                0x0000000020000000                __fast_end__ = (__fast_start__ + SIZEOF (.fast))
                0x0000000000000000                __fast_size__ = SIZEOF (.fast)
                0x0000000000004368                __fast_load_end__ = (__fast_load_start__ + SIZEOF (.fast))
                0x0000000000000001                . = ASSERT (((__fast_load_start__ == __fast_load_end__) || ((__fast_load_end__ - __FLASH_segment_start__) <= __FLASH_segment_size__)), error: .fast is too large to fit in FLASH memory segment)

.fast_run       0x0000000020000000        0x0
                0x0000000020000000                __fast_run_start__ = .
                0x0000000020000000                . = MAX ((__fast_run_start__ + SIZEOF (.fast)), .)
                0x0000000020000000                __fast_run_end__ = (__fast_run_start__ + SIZEOF (.fast_run))
                0x0000000000000000                __fast_run_size__ = SIZEOF (.fast_run)
                0x0000000020000000                __fast_run_load_end__ = __fast_run_end__
                0x0000000000000001                . = ASSERT (((__fast_run_start__ == __fast_run_end__) || ((__fast_run_end__ - __RAM_segment_start__) <= __RAM_segment_size__)), error: .fast_run is too large to fit in RAM memory segment)
                0x0000000000004368                __data_load_start__ = ALIGN ((__fast_load_start__ + SIZEOF (.fast)), 0x4)

.data           0x0000000020000000        0x8 load address 0x0000000000004368
                0x0000000020000000                __data_start__ = .
 *(.data .data.* .gnu.linkonce.d.*)
 .data.xNextTaskUnblockTime
                0x0000000020000000        0x4 Output/blinky_FreeRTOS_pca10040 Debug/Obj/tasks.o
 .data.SystemCoreClock
                0x0000000020000004        0x4 Output/blinky_FreeRTOS_pca10040 Debug/Obj/system_nrf52.o
                0x0000000020000004                SystemCoreClock
                0x0000000020000008                __data_end__ = (__data_start__ + SIZEOF (.data))
                0x0000000000000008                __data_size__ = SIZEOF (.data)
                0x0000000000004370                __data_load_end__ = (__data_load_start__ + SIZEOF (.data))

.igot.plt       0x0000000100000000        0x0
 .igot.plt      0x0000000100000000        0x0 Output/blinky_FreeRTOS_pca10040 Debug/Obj/thumb_crt0.o
                0x0000000000000001                . = ASSERT (((__data_load_start__ == __data_load_end__) || ((__data_load_end__ - __FLASH_segment_start__) <= __FLASH_segment_size__)), error: .data is too large to fit in FLASH memory segment)

.data_run       0x0000000020000000        0x8 load address 0x0000000000004368
                0x0000000020000000                __data_run_start__ = .
                0x0000000020000008                . = MAX ((__data_run_start__ + SIZEOF (.data)), .)
 *fill*         0x0000000020000000        0x8 
                0x0000000020000008                __data_run_end__ = (__data_run_start__ + SIZEOF (.data_run))
                0x0000000000000008                __data_run_size__ = SIZEOF (.data_run)
                0x0000000020000008                __data_run_load_end__ = __data_run_end__
                0x0000000000000001                . = ASSERT (((__data_run_start__ == __data_run_end__) || ((__data_run_end__ - __RAM_segment_start__) <= __RAM_segment_size__)), error: .data_run is too large to fit in RAM memory segment)
                0x0000000000004370                __tdata_load_start__ = ALIGN ((__data_load_start__ + SIZEOF (.data)), 0x4)

.tdata          0x0000000020000008        0x0 load address 0x0000000000004370
                0x0000000020000008                __tdata_start__ = .
 *(.tdata .tdata.*)
                0x0000000020000008                __tdata_end__ = (__tdata_start__ + SIZEOF (.tdata))
                0x0000000000000000                __tdata_size__ = SIZEOF (.tdata)
                0x0000000000004370                __tdata_load_end__ = (__tdata_load_start__ + SIZEOF (.tdata))
                0x0000000000004370                __FLASH_segment_used_end__ = (ALIGN ((__data_load_start__ + SIZEOF (.data)), 0x4) + SIZEOF (.tdata))
                0x0000000000004370                __FLASH_segment_used_size__ = (__FLASH_segment_used_end__ - __FLASH_segment_start__)
                0x0000000000000001                . = ASSERT (((__tdata_load_start__ == __tdata_load_end__) || ((__tdata_load_end__ - __FLASH_segment_start__) <= __FLASH_segment_size__)), error: .tdata is too large to fit in FLASH memory segment)

.tdata_run      0x0000000020000008        0x0
                0x0000000020000008                __tdata_run_start__ = .
                0x0000000020000008                . = MAX ((__tdata_run_start__ + SIZEOF (.tdata)), .)
                0x0000000020000008                __tdata_run_end__ = (__tdata_run_start__ + SIZEOF (.tdata_run))
                0x0000000000000000                __tdata_run_size__ = SIZEOF (.tdata_run)
                0x0000000020000008                __tdata_run_load_end__ = __tdata_run_end__
                0x0000000000000001                . = ASSERT (((__tdata_run_start__ == __tdata_run_end__) || ((__tdata_run_end__ - __RAM_segment_start__) <= __RAM_segment_size__)), error: .tdata_run is too large to fit in RAM memory segment)
                0x0000000020000008                __bss_load_start__ = ALIGN (__tdata_run_end__, 0x4)

.bss            0x0000000020000008     0x11d0
                0x0000000020000008                __bss_start__ = .
 *(.bss .bss.* .gnu.linkonce.b.*)
 .bss.ucHeap    0x0000000020000008     0x1000 Output/blinky_FreeRTOS_pca10040 Debug/Obj/heap_1.o
 .bss.xNextFreeByte
                0x0000000020001008        0x4 Output/blinky_FreeRTOS_pca10040 Debug/Obj/heap_1.o
 .bss.pucAlignedHeap.7920
                0x000000002000100c        0x4 Output/blinky_FreeRTOS_pca10040 Debug/Obj/heap_1.o
 .bss.uxCriticalNesting
                0x0000000020001010        0x4 Output/blinky_FreeRTOS_pca10040 Debug/Obj/port_cmsis.o
 .bss.ucMaxSysCallPriority
                0x0000000020001014        0x1 Output/blinky_FreeRTOS_pca10040 Debug/Obj/port_cmsis.o
 *fill*         0x0000000020001015        0x3 
 .bss.ulMaxPRIGROUPValue
                0x0000000020001018        0x4 Output/blinky_FreeRTOS_pca10040 Debug/Obj/port_cmsis.o
 .bss.xQueueRegistry
                0x000000002000101c       0x10 Output/blinky_FreeRTOS_pca10040 Debug/Obj/queue.o
                0x000000002000101c                xQueueRegistry
 .bss.pxCurrentTCB
                0x000000002000102c        0x4 Output/blinky_FreeRTOS_pca10040 Debug/Obj/tasks.o
                0x000000002000102c                pxCurrentTCB
 .bss.pxReadyTasksLists
                0x0000000020001030       0x3c Output/blinky_FreeRTOS_pca10040 Debug/Obj/tasks.o
 .bss.xDelayedTaskList1
                0x000000002000106c       0x14 Output/blinky_FreeRTOS_pca10040 Debug/Obj/tasks.o
 .bss.xDelayedTaskList2
                0x0000000020001080       0x14 Output/blinky_FreeRTOS_pca10040 Debug/Obj/tasks.o
 .bss.pxDelayedTaskList
                0x0000000020001094        0x4 Output/blinky_FreeRTOS_pca10040 Debug/Obj/tasks.o
 .bss.pxOverflowDelayedTaskList
                0x0000000020001098        0x4 Output/blinky_FreeRTOS_pca10040 Debug/Obj/tasks.o
 .bss.xPendingReadyList
                0x000000002000109c       0x14 Output/blinky_FreeRTOS_pca10040 Debug/Obj/tasks.o
 .bss.xTasksWaitingTermination
                0x00000000200010b0       0x14 Output/blinky_FreeRTOS_pca10040 Debug/Obj/tasks.o
 .bss.uxTasksDeleted
                0x00000000200010c4        0x4 Output/blinky_FreeRTOS_pca10040 Debug/Obj/tasks.o
 .bss.xSuspendedTaskList
                0x00000000200010c8       0x14 Output/blinky_FreeRTOS_pca10040 Debug/Obj/tasks.o
 .bss.xIdleTaskHandle
                0x00000000200010dc        0x4 Output/blinky_FreeRTOS_pca10040 Debug/Obj/tasks.o
 .bss.uxCurrentNumberOfTasks
                0x00000000200010e0        0x4 Output/blinky_FreeRTOS_pca10040 Debug/Obj/tasks.o
 .bss.xTickCount
                0x00000000200010e4        0x4 Output/blinky_FreeRTOS_pca10040 Debug/Obj/tasks.o
 .bss.uxTopReadyPriority
                0x00000000200010e8        0x4 Output/blinky_FreeRTOS_pca10040 Debug/Obj/tasks.o
 .bss.xSchedulerRunning
                0x00000000200010ec        0x4 Output/blinky_FreeRTOS_pca10040 Debug/Obj/tasks.o
 .bss.uxPendedTicks
                0x00000000200010f0        0x4 Output/blinky_FreeRTOS_pca10040 Debug/Obj/tasks.o
 .bss.xYieldPending
                0x00000000200010f4        0x4 Output/blinky_FreeRTOS_pca10040 Debug/Obj/tasks.o
 .bss.xNumOfOverflows
                0x00000000200010f8        0x4 Output/blinky_FreeRTOS_pca10040 Debug/Obj/tasks.o
 .bss.uxTaskNumber
                0x00000000200010fc        0x4 Output/blinky_FreeRTOS_pca10040 Debug/Obj/tasks.o
 .bss.uxSchedulerSuspended
                0x0000000020001100        0x4 Output/blinky_FreeRTOS_pca10040 Debug/Obj/tasks.o
 .bss.xActiveTimerList1
                0x0000000020001104       0x14 Output/blinky_FreeRTOS_pca10040 Debug/Obj/timers.o
 .bss.xActiveTimerList2
                0x0000000020001118       0x14 Output/blinky_FreeRTOS_pca10040 Debug/Obj/timers.o
 .bss.pxCurrentTimerList
                0x000000002000112c        0x4 Output/blinky_FreeRTOS_pca10040 Debug/Obj/timers.o
 .bss.pxOverflowTimerList
                0x0000000020001130        0x4 Output/blinky_FreeRTOS_pca10040 Debug/Obj/timers.o
 .bss.xTimerQueue
                0x0000000020001134        0x4 Output/blinky_FreeRTOS_pca10040 Debug/Obj/timers.o
 .bss.xTimerTaskHandle
                0x0000000020001138        0x4 Output/blinky_FreeRTOS_pca10040 Debug/Obj/timers.o
 .bss.xLastTime.8176
                0x000000002000113c        0x4 Output/blinky_FreeRTOS_pca10040 Debug/Obj/timers.o
 .bss.m_error_data.7428
                0x0000000020001140       0x20 Output/blinky_FreeRTOS_pca10040 Debug/Obj/app_error.o
 .bss.m_in_critical_region
                0x0000000020001160        0x4 Output/blinky_FreeRTOS_pca10040 Debug/Obj/app_util_platform.o
 .bss.m_clock_cb
                0x0000000020001164       0x14 Output/blinky_FreeRTOS_pca10040 Debug/Obj/nrf_drv_clock.o
 .bss.m_cb      0x0000000020001178       0x58 Output/blinky_FreeRTOS_pca10040 Debug/Obj/nrf_drv_gpiote.o
 .bss.led_toggle_task_handle
                0x00000000200011d0        0x4 Output/blinky_FreeRTOS_pca10040 Debug/Obj/main.o
                0x00000000200011d0                led_toggle_task_handle
 .bss.led_toggle_timer_handle
                0x00000000200011d4        0x4 Output/blinky_FreeRTOS_pca10040 Debug/Obj/main.o
                0x00000000200011d4                led_toggle_timer_handle
 *(COMMON)
                0x00000000200011d8                __bss_end__ = (__bss_start__ + SIZEOF (.bss))
                0x00000000000011d0                __bss_size__ = SIZEOF (.bss)
                0x00000000200011d8                __bss_load_end__ = __bss_end__
                0x0000000000000001                . = ASSERT (((__bss_start__ == __bss_end__) || ((__bss_end__ - __RAM_segment_start__) <= __RAM_segment_size__)), error: .bss is too large to fit in RAM memory segment)
                0x00000000200011d8                __tbss_load_start__ = ALIGN (__bss_end__, 0x4)

.tbss           0x00000000200011d8        0x0
                0x00000000200011d8                __tbss_start__ = .
 *(.tbss .tbss.*)
                0x00000000200011d8                __tbss_end__ = (__tbss_start__ + SIZEOF (.tbss))
                0x0000000000000000                __tbss_size__ = SIZEOF (.tbss)
                0x00000000200011d8                __tbss_load_end__ = __tbss_end__
                0x0000000000000001                . = ASSERT (((__tbss_start__ == __tbss_end__) || ((__tbss_end__ - __RAM_segment_start__) <= __RAM_segment_size__)), error: .tbss is too large to fit in RAM memory segment)
                0x00000000200011d8                __non_init_load_start__ = ALIGN (__tbss_end__, 0x4)

.non_init       0x00000000200011d8        0x0
                0x00000000200011d8                __non_init_start__ = .
 *(.non_init .non_init.*)
                0x00000000200011d8                __non_init_end__ = (__non_init_start__ + SIZEOF (.non_init))
                0x0000000000000000                __non_init_size__ = SIZEOF (.non_init)
                0x00000000200011d8                __non_init_load_end__ = __non_init_end__
                0x0000000000000001                . = ASSERT (((__non_init_start__ == __non_init_end__) || ((__non_init_end__ - __RAM_segment_start__) <= __RAM_segment_size__)), error: .non_init is too large to fit in RAM memory segment)
                0x00000000200011d8                __heap_load_start__ = ALIGN (__non_init_end__, 0x4)

.heap           0x00000000200011d8      0x200
                0x00000000200011d8                __heap_start__ = .
 *(.heap .heap.*)
                0x00000000200013d8                . = ALIGN (MAX ((__heap_start__ + __HEAPSIZE__), .), 0x4)
 *fill*         0x00000000200011d8      0x200 
                0x00000000200013d8                __heap_end__ = (__heap_start__ + SIZEOF (.heap))
                0x0000000000000200                __heap_size__ = SIZEOF (.heap)
                0x00000000200013d8                __heap_load_end__ = __heap_end__
                0x0000000000000001                . = ASSERT (((__heap_start__ == __heap_end__) || ((__heap_end__ - __RAM_segment_start__) <= __RAM_segment_size__)), error: .heap is too large to fit in RAM memory segment)
                0x000000002000f800                __stack_load_start__ = (__RAM_segment_start__ + (__RAM_segment_size__ - 0x800))

.stack          0x000000002000f800      0x800
                0x000000002000f800                __stack_start__ = .
                0x000000002000f800                __StackLimit = __stack_start__
 *(.stack .stack.*)
                0x0000000020010000                . = ALIGN (MAX ((__stack_start__ + __STACKSIZE__), .), 0x8)
 *fill*         0x000000002000f800      0x800 
                0x0000000020010000                __stack_end__ = (__stack_start__ + SIZEOF (.stack))
                0x0000000000000800                __stack_size__ = SIZEOF (.stack)
                0x0000000020010000                __StackTop = __stack_end__
                0x0000000020010000                __stack_load_end__ = __stack_end__
                0x0000000000000001                . = ASSERT (((__stack_start__ == __stack_end__) || ((__stack_end__ - __RAM_segment_start__) <= __RAM_segment_size__)), error: .stack is too large to fit in RAM memory segment)
                0x0000000000000001                . = ASSERT ((__heap_end__ <= __stack_start__), error: section .heap overlaps absolute placed section .stack)
                0x0000000020010000                __stack_process_load_start__ = ALIGN (__stack_end__, 0x8)

.stack_process  0x0000000020010000        0x0
                0x0000000020010000                __stack_process_start__ = .
 *(.stack_process .stack_process.*)
                0x0000000020010000                . = ALIGN (MAX ((__stack_process_start__ + __STACKSIZE_PROCESS__), .), 0x8)
                0x0000000020010000                __stack_process_end__ = (__stack_process_start__ + SIZEOF (.stack_process))
                0x0000000000000000                __stack_process_size__ = SIZEOF (.stack_process)
                0x0000000020010000                __stack_process_load_end__ = __stack_process_end__
                0x0000000020010000                __RAM_segment_used_end__ = (ALIGN (__stack_end__, 0x8) + SIZEOF (.stack_process))
                0x0000000000010000                __RAM_segment_used_size__ = (__RAM_segment_used_end__ - __RAM_segment_start__)
                0x0000000000000001                . = ASSERT (((__stack_process_start__ == __stack_process_end__) || ((__stack_process_end__ - __RAM_segment_start__) <= __RAM_segment_size__)), error: .stack_process is too large to fit in RAM memory segment)
START GROUP
LOAD Output/blinky_FreeRTOS_pca10040 Debug/Obj/thumb_crt0.o
LOAD Output/blinky_FreeRTOS_pca10040 Debug/Obj/nrf_log_frontend.o
LOAD Output/blinky_FreeRTOS_pca10040 Debug/Obj/boards.o
LOAD Output/blinky_FreeRTOS_pca10040 Debug/Obj/croutine.o
LOAD Output/blinky_FreeRTOS_pca10040 Debug/Obj/event_groups.o
LOAD Output/blinky_FreeRTOS_pca10040 Debug/Obj/heap_1.o
LOAD Output/blinky_FreeRTOS_pca10040 Debug/Obj/list.o
LOAD Output/blinky_FreeRTOS_pca10040 Debug/Obj/port.o
LOAD Output/blinky_FreeRTOS_pca10040 Debug/Obj/port_cmsis.o
LOAD Output/blinky_FreeRTOS_pca10040 Debug/Obj/port_cmsis_systick.o
LOAD Output/blinky_FreeRTOS_pca10040 Debug/Obj/queue.o
LOAD Output/blinky_FreeRTOS_pca10040 Debug/Obj/tasks.o
LOAD Output/blinky_FreeRTOS_pca10040 Debug/Obj/timers.o
LOAD Output/blinky_FreeRTOS_pca10040 Debug/Obj/app_button.o
LOAD Output/blinky_FreeRTOS_pca10040 Debug/Obj/app_error.o
LOAD Output/blinky_FreeRTOS_pca10040 Debug/Obj/app_error_weak.o
LOAD Output/blinky_FreeRTOS_pca10040 Debug/Obj/app_timer_freertos.o
LOAD Output/blinky_FreeRTOS_pca10040 Debug/Obj/app_util_platform.o
LOAD Output/blinky_FreeRTOS_pca10040 Debug/Obj/nrf_assert.o
LOAD Output/blinky_FreeRTOS_pca10040 Debug/Obj/nrf_balloc.o
LOAD Output/blinky_FreeRTOS_pca10040 Debug/Obj/nrf_memobj.o
LOAD Output/blinky_FreeRTOS_pca10040 Debug/Obj/nrf_strerror.o
LOAD Output/blinky_FreeRTOS_pca10040 Debug/Obj/nrf_drv_clock.o
LOAD Output/blinky_FreeRTOS_pca10040 Debug/Obj/nrf_drv_common.o
LOAD Output/blinky_FreeRTOS_pca10040 Debug/Obj/nrf_drv_gpiote.o
LOAD Output/blinky_FreeRTOS_pca10040 Debug/Obj/nrf_nvic.o
LOAD Output/blinky_FreeRTOS_pca10040 Debug/Obj/nrf_soc.o
LOAD Output/blinky_FreeRTOS_pca10040 Debug/Obj/bsp.o
LOAD Output/blinky_FreeRTOS_pca10040 Debug/Obj/bsp_nfc.o
LOAD Output/blinky_FreeRTOS_pca10040 Debug/Obj/main.o
LOAD Output/blinky_FreeRTOS_pca10040 Debug/Obj/ses_nRF_Startup.o
LOAD Output/blinky_FreeRTOS_pca10040 Debug/Obj/ses_nrf52_Vectors.o
LOAD Output/blinky_FreeRTOS_pca10040 Debug/Obj/system_nrf52.o
LOAD C:/Program Files/SEGGER/SEGGER Embedded Studio for ARM 4.22/lib/libdebugio_mempoll_v7em_fpv4_sp_d16_hard_t_le_eabi.a
LOAD C:/Program Files/SEGGER/SEGGER Embedded Studio for ARM 4.22/lib/libm_v7em_fpv4_sp_d16_hard_t_le_eabi.a
LOAD C:/Program Files/SEGGER/SEGGER Embedded Studio for ARM 4.22/lib/libc_v7em_fpv4_sp_d16_hard_t_le_eabi.a
LOAD C:/Program Files/SEGGER/SEGGER Embedded Studio for ARM 4.22/lib/libcpp_v7em_fpv4_sp_d16_hard_t_le_eabi.a
LOAD C:/Program Files/SEGGER/SEGGER Embedded Studio for ARM 4.22/lib/libdebugio_v7em_fpv4_sp_d16_hard_t_le_eabi.a
LOAD C:/Program Files/SEGGER/SEGGER Embedded Studio for ARM 4.22/lib/libvfprintf_v7em_fpv4_sp_d16_hard_t_le_eabi.o
LOAD C:/Program Files/SEGGER/SEGGER Embedded Studio for ARM 4.22/lib/libvfscanf_v7em_fpv4_sp_d16_hard_t_le_eabi.o
END GROUP
OUTPUT(Output/Debug/Exe/blinky_FreeRTOS_pca10040.elf elf32-littlearm)

.ARM.attributes
                0x0000000000000000       0x35
 .ARM.attributes
                0x0000000000000000       0x25 Output/blinky_FreeRTOS_pca10040 Debug/Obj/thumb_crt0.o
 .ARM.attributes
                0x0000000000000025       0x39 Output/blinky_FreeRTOS_pca10040 Debug/Obj/boards.o
 .ARM.attributes
                0x000000000000005e       0x39 Output/blinky_FreeRTOS_pca10040 Debug/Obj/heap_1.o
 .ARM.attributes
                0x0000000000000097       0x39 Output/blinky_FreeRTOS_pca10040 Debug/Obj/list.o
 .ARM.attributes
                0x00000000000000d0       0x39 Output/blinky_FreeRTOS_pca10040 Debug/Obj/port.o
 .ARM.attributes
                0x0000000000000109       0x39 Output/blinky_FreeRTOS_pca10040 Debug/Obj/port_cmsis.o
 .ARM.attributes
                0x0000000000000142       0x39 Output/blinky_FreeRTOS_pca10040 Debug/Obj/port_cmsis_systick.o
 .ARM.attributes
                0x000000000000017b       0x39 Output/blinky_FreeRTOS_pca10040 Debug/Obj/queue.o
 .ARM.attributes
                0x00000000000001b4       0x39 Output/blinky_FreeRTOS_pca10040 Debug/Obj/tasks.o
 .ARM.attributes
                0x00000000000001ed       0x39 Output/blinky_FreeRTOS_pca10040 Debug/Obj/timers.o
 .ARM.attributes
                0x0000000000000226       0x39 Output/blinky_FreeRTOS_pca10040 Debug/Obj/app_error.o
 .ARM.attributes
                0x000000000000025f       0x39 Output/blinky_FreeRTOS_pca10040 Debug/Obj/app_error_weak.o
 .ARM.attributes
                0x0000000000000298       0x39 Output/blinky_FreeRTOS_pca10040 Debug/Obj/app_util_platform.o
 .ARM.attributes
                0x00000000000002d1       0x39 Output/blinky_FreeRTOS_pca10040 Debug/Obj/nrf_assert.o
 .ARM.attributes
                0x000000000000030a       0x39 Output/blinky_FreeRTOS_pca10040 Debug/Obj/nrf_drv_clock.o
 .ARM.attributes
                0x0000000000000343       0x39 Output/blinky_FreeRTOS_pca10040 Debug/Obj/nrf_drv_common.o
 .ARM.attributes
                0x000000000000037c       0x39 Output/blinky_FreeRTOS_pca10040 Debug/Obj/nrf_drv_gpiote.o
 .ARM.attributes
                0x00000000000003b5       0x39 Output/blinky_FreeRTOS_pca10040 Debug/Obj/main.o
 .ARM.attributes
                0x00000000000003ee       0x25 Output/blinky_FreeRTOS_pca10040 Debug/Obj/ses_nRF_Startup.o
 .ARM.attributes
                0x0000000000000413       0x25 Output/blinky_FreeRTOS_pca10040 Debug/Obj/ses_nrf52_Vectors.o
 .ARM.attributes
                0x0000000000000438       0x39 Output/blinky_FreeRTOS_pca10040 Debug/Obj/system_nrf52.o
 .ARM.attributes
                0x0000000000000471       0x20 C:/Program Files/SEGGER/SEGGER Embedded Studio for ARM 4.22/lib/libc_v7em_fpv4_sp_d16_hard_t_le_eabi.a(libc2_asm.o)

.comment        0x0000000000000000       0x43
 .comment       0x0000000000000000       0x43 Output/blinky_FreeRTOS_pca10040 Debug/Obj/boards.o
                                         0x44 (size before relaxing)
 .comment       0x0000000000000043       0x44 Output/blinky_FreeRTOS_pca10040 Debug/Obj/heap_1.o
 .comment       0x0000000000000043       0x44 Output/blinky_FreeRTOS_pca10040 Debug/Obj/list.o
 .comment       0x0000000000000043       0x44 Output/blinky_FreeRTOS_pca10040 Debug/Obj/port.o
 .comment       0x0000000000000043       0x44 Output/blinky_FreeRTOS_pca10040 Debug/Obj/port_cmsis.o
 .comment       0x0000000000000043       0x44 Output/blinky_FreeRTOS_pca10040 Debug/Obj/port_cmsis_systick.o
 .comment       0x0000000000000043       0x44 Output/blinky_FreeRTOS_pca10040 Debug/Obj/queue.o
 .comment       0x0000000000000043       0x44 Output/blinky_FreeRTOS_pca10040 Debug/Obj/tasks.o
 .comment       0x0000000000000043       0x44 Output/blinky_FreeRTOS_pca10040 Debug/Obj/timers.o
 .comment       0x0000000000000043       0x44 Output/blinky_FreeRTOS_pca10040 Debug/Obj/app_error.o
 .comment       0x0000000000000043       0x44 Output/blinky_FreeRTOS_pca10040 Debug/Obj/app_error_weak.o
 .comment       0x0000000000000043       0x44 Output/blinky_FreeRTOS_pca10040 Debug/Obj/app_util_platform.o
 .comment       0x0000000000000043       0x44 Output/blinky_FreeRTOS_pca10040 Debug/Obj/nrf_assert.o
 .comment       0x0000000000000043       0x44 Output/blinky_FreeRTOS_pca10040 Debug/Obj/nrf_drv_clock.o
 .comment       0x0000000000000043       0x44 Output/blinky_FreeRTOS_pca10040 Debug/Obj/nrf_drv_common.o
 .comment       0x0000000000000043       0x44 Output/blinky_FreeRTOS_pca10040 Debug/Obj/nrf_drv_gpiote.o
 .comment       0x0000000000000043       0x44 Output/blinky_FreeRTOS_pca10040 Debug/Obj/main.o
 .comment       0x0000000000000043       0x44 Output/blinky_FreeRTOS_pca10040 Debug/Obj/system_nrf52.o

.debug_line     0x0000000000000000     0xa0d8
 .debug_line    0x0000000000000000      0x1ed Output/blinky_FreeRTOS_pca10040 Debug/Obj/thumb_crt0.o
 .debug_line    0x00000000000001ed      0x7eb Output/blinky_FreeRTOS_pca10040 Debug/Obj/boards.o
 .debug_line    0x00000000000009d8      0x57e Output/blinky_FreeRTOS_pca10040 Debug/Obj/heap_1.o
 .debug_line    0x0000000000000f56      0x5c9 Output/blinky_FreeRTOS_pca10040 Debug/Obj/list.o
 .debug_line    0x000000000000151f      0x50a Output/blinky_FreeRTOS_pca10040 Debug/Obj/port.o
 .debug_line    0x0000000000001a29      0x6ff Output/blinky_FreeRTOS_pca10040 Debug/Obj/port_cmsis.o
 .debug_line    0x0000000000002128      0x9ee Output/blinky_FreeRTOS_pca10040 Debug/Obj/port_cmsis_systick.o
 .debug_line    0x0000000000002b16      0xf24 Output/blinky_FreeRTOS_pca10040 Debug/Obj/queue.o
 .debug_line    0x0000000000003a3a     0x17da Output/blinky_FreeRTOS_pca10040 Debug/Obj/tasks.o
 .debug_line    0x0000000000005214      0x962 Output/blinky_FreeRTOS_pca10040 Debug/Obj/timers.o
 .debug_line    0x0000000000005b76      0x3b4 Output/blinky_FreeRTOS_pca10040 Debug/Obj/app_error.o
 .debug_line    0x0000000000005f2a      0x609 Output/blinky_FreeRTOS_pca10040 Debug/Obj/app_error_weak.o
 .debug_line    0x0000000000006533      0x45b Output/blinky_FreeRTOS_pca10040 Debug/Obj/app_util_platform.o
 .debug_line    0x000000000000698e      0x31b Output/blinky_FreeRTOS_pca10040 Debug/Obj/nrf_assert.o
 .debug_line    0x0000000000006ca9      0xa32 Output/blinky_FreeRTOS_pca10040 Debug/Obj/nrf_drv_clock.o
 .debug_line    0x00000000000076db      0x517 Output/blinky_FreeRTOS_pca10040 Debug/Obj/nrf_drv_common.o
 .debug_line    0x0000000000007bf2     0x1451 Output/blinky_FreeRTOS_pca10040 Debug/Obj/nrf_drv_gpiote.o
 .debug_line    0x0000000000009043      0x72a Output/blinky_FreeRTOS_pca10040 Debug/Obj/main.o
 .debug_line    0x000000000000976d       0xbe Output/blinky_FreeRTOS_pca10040 Debug/Obj/ses_nRF_Startup.o
 .debug_line    0x000000000000982b       0xc7 Output/blinky_FreeRTOS_pca10040 Debug/Obj/ses_nrf52_Vectors.o
 .debug_line    0x00000000000098f2      0x7e6 Output/blinky_FreeRTOS_pca10040 Debug/Obj/system_nrf52.o

.debug_info     0x0000000000000000    0x10ee0
 .debug_info    0x0000000000000000       0x22 Output/blinky_FreeRTOS_pca10040 Debug/Obj/thumb_crt0.o
 .debug_info    0x0000000000000022      0xe60 Output/blinky_FreeRTOS_pca10040 Debug/Obj/boards.o
 .debug_info    0x0000000000000e82      0x756 Output/blinky_FreeRTOS_pca10040 Debug/Obj/heap_1.o
 .debug_info    0x00000000000015d8      0x891 Output/blinky_FreeRTOS_pca10040 Debug/Obj/list.o
 .debug_info    0x0000000000001e69      0x697 Output/blinky_FreeRTOS_pca10040 Debug/Obj/port.o
 .debug_info    0x0000000000002500      0xf2c Output/blinky_FreeRTOS_pca10040 Debug/Obj/port_cmsis.o
 .debug_info    0x000000000000342c     0x1278 Output/blinky_FreeRTOS_pca10040 Debug/Obj/port_cmsis_systick.o
 .debug_info    0x00000000000046a4     0x1656 Output/blinky_FreeRTOS_pca10040 Debug/Obj/queue.o
 .debug_info    0x0000000000005cfa     0x210e Output/blinky_FreeRTOS_pca10040 Debug/Obj/tasks.o
 .debug_info    0x0000000000007e08     0x1238 Output/blinky_FreeRTOS_pca10040 Debug/Obj/timers.o
 .debug_info    0x0000000000009040      0x889 Output/blinky_FreeRTOS_pca10040 Debug/Obj/app_error.o
 .debug_info    0x00000000000098c9      0x827 Output/blinky_FreeRTOS_pca10040 Debug/Obj/app_error_weak.o
 .debug_info    0x000000000000a0f0      0xcf2 Output/blinky_FreeRTOS_pca10040 Debug/Obj/app_util_platform.o
 .debug_info    0x000000000000ade2      0x6d5 Output/blinky_FreeRTOS_pca10040 Debug/Obj/nrf_assert.o
 .debug_info    0x000000000000b4b7     0x128b Output/blinky_FreeRTOS_pca10040 Debug/Obj/nrf_drv_clock.o
 .debug_info    0x000000000000c742      0xbb8 Output/blinky_FreeRTOS_pca10040 Debug/Obj/nrf_drv_common.o
 .debug_info    0x000000000000d2fa     0x211e Output/blinky_FreeRTOS_pca10040 Debug/Obj/nrf_drv_gpiote.o
 .debug_info    0x000000000000f418      0x913 Output/blinky_FreeRTOS_pca10040 Debug/Obj/main.o
 .debug_info    0x000000000000fd2b       0x26 Output/blinky_FreeRTOS_pca10040 Debug/Obj/ses_nRF_Startup.o
 .debug_info    0x000000000000fd51       0x26 Output/blinky_FreeRTOS_pca10040 Debug/Obj/ses_nrf52_Vectors.o
 .debug_info    0x000000000000fd77     0x1169 Output/blinky_FreeRTOS_pca10040 Debug/Obj/system_nrf52.o

.debug_abbrev   0x0000000000000000     0x2c8a
 .debug_abbrev  0x0000000000000000       0x12 Output/blinky_FreeRTOS_pca10040 Debug/Obj/thumb_crt0.o
 .debug_abbrev  0x0000000000000012      0x2a1 Output/blinky_FreeRTOS_pca10040 Debug/Obj/boards.o
 .debug_abbrev  0x00000000000002b3      0x1c1 Output/blinky_FreeRTOS_pca10040 Debug/Obj/heap_1.o
 .debug_abbrev  0x0000000000000474      0x18d Output/blinky_FreeRTOS_pca10040 Debug/Obj/list.o
 .debug_abbrev  0x0000000000000601      0x12a Output/blinky_FreeRTOS_pca10040 Debug/Obj/port.o
 .debug_abbrev  0x000000000000072b      0x388 Output/blinky_FreeRTOS_pca10040 Debug/Obj/port_cmsis.o
 .debug_abbrev  0x0000000000000ab3      0x397 Output/blinky_FreeRTOS_pca10040 Debug/Obj/port_cmsis_systick.o
 .debug_abbrev  0x0000000000000e4a      0x320 Output/blinky_FreeRTOS_pca10040 Debug/Obj/queue.o
 .debug_abbrev  0x000000000000116a      0x3b7 Output/blinky_FreeRTOS_pca10040 Debug/Obj/tasks.o
 .debug_abbrev  0x0000000000001521      0x2c9 Output/blinky_FreeRTOS_pca10040 Debug/Obj/timers.o
 .debug_abbrev  0x00000000000017ea      0x1ae Output/blinky_FreeRTOS_pca10040 Debug/Obj/app_error.o
 .debug_abbrev  0x0000000000001998      0x182 Output/blinky_FreeRTOS_pca10040 Debug/Obj/app_error_weak.o
 .debug_abbrev  0x0000000000001b1a      0x2c6 Output/blinky_FreeRTOS_pca10040 Debug/Obj/app_util_platform.o
 .debug_abbrev  0x0000000000001de0      0x14c Output/blinky_FreeRTOS_pca10040 Debug/Obj/nrf_assert.o
 .debug_abbrev  0x0000000000001f2c      0x3ae Output/blinky_FreeRTOS_pca10040 Debug/Obj/nrf_drv_clock.o
 .debug_abbrev  0x00000000000022da      0x222 Output/blinky_FreeRTOS_pca10040 Debug/Obj/nrf_drv_common.o
 .debug_abbrev  0x00000000000024fc      0x38d Output/blinky_FreeRTOS_pca10040 Debug/Obj/nrf_drv_gpiote.o
 .debug_abbrev  0x0000000000002889      0x1c5 Output/blinky_FreeRTOS_pca10040 Debug/Obj/main.o
 .debug_abbrev  0x0000000000002a4e       0x14 Output/blinky_FreeRTOS_pca10040 Debug/Obj/ses_nRF_Startup.o
 .debug_abbrev  0x0000000000002a62       0x14 Output/blinky_FreeRTOS_pca10040 Debug/Obj/ses_nrf52_Vectors.o
 .debug_abbrev  0x0000000000002a76      0x214 Output/blinky_FreeRTOS_pca10040 Debug/Obj/system_nrf52.o

.debug_aranges  0x0000000000000000      0xbe8
 .debug_aranges
                0x0000000000000000       0x80 Output/blinky_FreeRTOS_pca10040 Debug/Obj/thumb_crt0.o
 .debug_aranges
                0x0000000000000080       0xf0 Output/blinky_FreeRTOS_pca10040 Debug/Obj/boards.o
 .debug_aranges
                0x0000000000000170       0x38 Output/blinky_FreeRTOS_pca10040 Debug/Obj/heap_1.o
 .debug_aranges
                0x00000000000001a8       0x40 Output/blinky_FreeRTOS_pca10040 Debug/Obj/list.o
 .debug_aranges
                0x00000000000001e8       0x30 Output/blinky_FreeRTOS_pca10040 Debug/Obj/port.o
 .debug_aranges
                0x0000000000000218       0x68 Output/blinky_FreeRTOS_pca10040 Debug/Obj/port_cmsis.o
 .debug_aranges
                0x0000000000000280       0x90 Output/blinky_FreeRTOS_pca10040 Debug/Obj/port_cmsis_systick.o
 .debug_aranges
                0x0000000000000310       0xf0 Output/blinky_FreeRTOS_pca10040 Debug/Obj/queue.o
 .debug_aranges
                0x0000000000000400      0x1d8 Output/blinky_FreeRTOS_pca10040 Debug/Obj/tasks.o
 .debug_aranges
                0x00000000000005d8       0xb0 Output/blinky_FreeRTOS_pca10040 Debug/Obj/timers.o
 .debug_aranges
                0x0000000000000688       0x30 Output/blinky_FreeRTOS_pca10040 Debug/Obj/app_error.o
 .debug_aranges
                0x00000000000006b8       0x20 Output/blinky_FreeRTOS_pca10040 Debug/Obj/app_error_weak.o
 .debug_aranges
                0x00000000000006d8       0x50 Output/blinky_FreeRTOS_pca10040 Debug/Obj/app_util_platform.o
 .debug_aranges
                0x0000000000000728       0x20 Output/blinky_FreeRTOS_pca10040 Debug/Obj/nrf_assert.o
 .debug_aranges
                0x0000000000000748      0x108 Output/blinky_FreeRTOS_pca10040 Debug/Obj/nrf_drv_clock.o
 .debug_aranges
                0x0000000000000850       0x50 Output/blinky_FreeRTOS_pca10040 Debug/Obj/nrf_drv_common.o
 .debug_aranges
                0x00000000000008a0      0x258 Output/blinky_FreeRTOS_pca10040 Debug/Obj/nrf_drv_gpiote.o
 .debug_aranges
                0x0000000000000af8       0x30 Output/blinky_FreeRTOS_pca10040 Debug/Obj/main.o
 .debug_aranges
                0x0000000000000b28       0x20 Output/blinky_FreeRTOS_pca10040 Debug/Obj/ses_nRF_Startup.o
 .debug_aranges
                0x0000000000000b48       0x20 Output/blinky_FreeRTOS_pca10040 Debug/Obj/ses_nrf52_Vectors.o
 .debug_aranges
                0x0000000000000b68       0x80 Output/blinky_FreeRTOS_pca10040 Debug/Obj/system_nrf52.o

.debug_str      0x0000000000000000    0x7087a
 .debug_str     0x0000000000000000       0xcf Output/blinky_FreeRTOS_pca10040 Debug/Obj/thumb_crt0.o
 .debug_str     0x00000000000000cf    0x5f605 Output/blinky_FreeRTOS_pca10040 Debug/Obj/boards.o
                                      0x601f3 (size before relaxing)
 .debug_str     0x000000000005f6d4     0x7751 Output/blinky_FreeRTOS_pca10040 Debug/Obj/heap_1.o
                                      0x65ba0 (size before relaxing)
 .debug_str     0x0000000000066e25      0x17c Output/blinky_FreeRTOS_pca10040 Debug/Obj/list.o
                                      0x6560f (size before relaxing)
 .debug_str     0x0000000000066fa1       0x7a Output/blinky_FreeRTOS_pca10040 Debug/Obj/port.o
                                      0x65a3d (size before relaxing)
 .debug_str     0x000000000006701b      0x5f9 Output/blinky_FreeRTOS_pca10040 Debug/Obj/port_cmsis.o
                                      0x660de (size before relaxing)
 .debug_str     0x0000000000067614     0x2761 Output/blinky_FreeRTOS_pca10040 Debug/Obj/port_cmsis_systick.o
                                      0x68e26 (size before relaxing)
 .debug_str     0x0000000000069d75     0x1128 Output/blinky_FreeRTOS_pca10040 Debug/Obj/queue.o
                                      0x66d75 (size before relaxing)
 .debug_str     0x000000000006ae9d     0x1893 Output/blinky_FreeRTOS_pca10040 Debug/Obj/tasks.o
                                      0x675d7 (size before relaxing)
 .debug_str     0x000000000006c730      0x4d9 Output/blinky_FreeRTOS_pca10040 Debug/Obj/timers.o
                                      0x672e6 (size before relaxing)
 .debug_str     0x000000000006cc09      0x126 Output/blinky_FreeRTOS_pca10040 Debug/Obj/app_error.o
                                      0x5e43d (size before relaxing)
 .debug_str     0x000000000006cd2f      0xf17 Output/blinky_FreeRTOS_pca10040 Debug/Obj/app_error_weak.o
                                      0x657cc (size before relaxing)
 .debug_str     0x000000000006dc46      0x20d Output/blinky_FreeRTOS_pca10040 Debug/Obj/app_util_platform.o
                                      0x5eb67 (size before relaxing)
 .debug_str     0x000000000006de53       0x75 Output/blinky_FreeRTOS_pca10040 Debug/Obj/nrf_assert.o
                                      0x5e436 (size before relaxing)
 .debug_str     0x000000000006dec8      0x940 Output/blinky_FreeRTOS_pca10040 Debug/Obj/nrf_drv_clock.o
                                      0x655f5 (size before relaxing)
 .debug_str     0x000000000006e808       0xcf Output/blinky_FreeRTOS_pca10040 Debug/Obj/nrf_drv_common.o
                                      0x63b1d (size before relaxing)
 .debug_str     0x000000000006e8d7     0x165f Output/blinky_FreeRTOS_pca10040 Debug/Obj/nrf_drv_gpiote.o
                                      0x67055 (size before relaxing)
 .debug_str     0x000000000006ff36      0x4dc Output/blinky_FreeRTOS_pca10040 Debug/Obj/main.o
                                      0x684e1 (size before relaxing)
 .debug_str     0x0000000000070412       0x65 Output/blinky_FreeRTOS_pca10040 Debug/Obj/ses_nRF_Startup.o
                                         0xe4 (size before relaxing)
 .debug_str     0x0000000000070477       0x67 Output/blinky_FreeRTOS_pca10040 Debug/Obj/ses_nrf52_Vectors.o
                                         0xe6 (size before relaxing)
 .debug_str     0x00000000000704de      0x39c Output/blinky_FreeRTOS_pca10040 Debug/Obj/system_nrf52.o
                                      0x5bad0 (size before relaxing)

.debug_ranges   0x0000000000000000      0xa98
 .debug_ranges  0x0000000000000000       0x78 Output/blinky_FreeRTOS_pca10040 Debug/Obj/thumb_crt0.o
 .debug_ranges  0x0000000000000078       0xe0 Output/blinky_FreeRTOS_pca10040 Debug/Obj/boards.o
 .debug_ranges  0x0000000000000158       0x28 Output/blinky_FreeRTOS_pca10040 Debug/Obj/heap_1.o
 .debug_ranges  0x0000000000000180       0x30 Output/blinky_FreeRTOS_pca10040 Debug/Obj/list.o
 .debug_ranges  0x00000000000001b0       0x20 Output/blinky_FreeRTOS_pca10040 Debug/Obj/port.o
 .debug_ranges  0x00000000000001d0       0x58 Output/blinky_FreeRTOS_pca10040 Debug/Obj/port_cmsis.o
 .debug_ranges  0x0000000000000228       0x80 Output/blinky_FreeRTOS_pca10040 Debug/Obj/port_cmsis_systick.o
 .debug_ranges  0x00000000000002a8       0xe0 Output/blinky_FreeRTOS_pca10040 Debug/Obj/queue.o
 .debug_ranges  0x0000000000000388      0x1c8 Output/blinky_FreeRTOS_pca10040 Debug/Obj/tasks.o
 .debug_ranges  0x0000000000000550       0xa0 Output/blinky_FreeRTOS_pca10040 Debug/Obj/timers.o
 .debug_ranges  0x00000000000005f0       0x20 Output/blinky_FreeRTOS_pca10040 Debug/Obj/app_error.o
 .debug_ranges  0x0000000000000610       0x10 Output/blinky_FreeRTOS_pca10040 Debug/Obj/app_error_weak.o
 .debug_ranges  0x0000000000000620       0x40 Output/blinky_FreeRTOS_pca10040 Debug/Obj/app_util_platform.o
 .debug_ranges  0x0000000000000660       0x10 Output/blinky_FreeRTOS_pca10040 Debug/Obj/nrf_assert.o
 .debug_ranges  0x0000000000000670      0x110 Output/blinky_FreeRTOS_pca10040 Debug/Obj/nrf_drv_clock.o
 .debug_ranges  0x0000000000000780       0x40 Output/blinky_FreeRTOS_pca10040 Debug/Obj/nrf_drv_common.o
 .debug_ranges  0x00000000000007c0      0x248 Output/blinky_FreeRTOS_pca10040 Debug/Obj/nrf_drv_gpiote.o
 .debug_ranges  0x0000000000000a08       0x20 Output/blinky_FreeRTOS_pca10040 Debug/Obj/main.o
 .debug_ranges  0x0000000000000a28       0x70 Output/blinky_FreeRTOS_pca10040 Debug/Obj/system_nrf52.o

.debug_frame    0x0000000000000000     0x2a14
 .debug_frame   0x0000000000000000      0x418 Output/blinky_FreeRTOS_pca10040 Debug/Obj/boards.o
 .debug_frame   0x0000000000000418       0x80 Output/blinky_FreeRTOS_pca10040 Debug/Obj/heap_1.o
 .debug_frame   0x0000000000000498       0xb0 Output/blinky_FreeRTOS_pca10040 Debug/Obj/list.o
 .debug_frame   0x0000000000000548       0x40 Output/blinky_FreeRTOS_pca10040 Debug/Obj/port.o
 .debug_frame   0x0000000000000588      0x14c Output/blinky_FreeRTOS_pca10040 Debug/Obj/port_cmsis.o
 .debug_frame   0x00000000000006d4      0x204 Output/blinky_FreeRTOS_pca10040 Debug/Obj/port_cmsis_systick.o
 .debug_frame   0x00000000000008d8      0x438 Output/blinky_FreeRTOS_pca10040 Debug/Obj/queue.o
 .debug_frame   0x0000000000000d10      0x814 Output/blinky_FreeRTOS_pca10040 Debug/Obj/tasks.o
 .debug_frame   0x0000000000001524      0x2d8 Output/blinky_FreeRTOS_pca10040 Debug/Obj/timers.o
 .debug_frame   0x00000000000017fc       0x80 Output/blinky_FreeRTOS_pca10040 Debug/Obj/app_error.o
 .debug_frame   0x000000000000187c       0x38 Output/blinky_FreeRTOS_pca10040 Debug/Obj/app_error_weak.o
 .debug_frame   0x00000000000018b4       0xe8 Output/blinky_FreeRTOS_pca10040 Debug/Obj/app_util_platform.o
 .debug_frame   0x000000000000199c       0x38 Output/blinky_FreeRTOS_pca10040 Debug/Obj/nrf_assert.o
 .debug_frame   0x00000000000019d4      0x3a4 Output/blinky_FreeRTOS_pca10040 Debug/Obj/nrf_drv_clock.o
 .debug_frame   0x0000000000001d78       0xfc Output/blinky_FreeRTOS_pca10040 Debug/Obj/nrf_drv_common.o
 .debug_frame   0x0000000000001e74      0xa38 Output/blinky_FreeRTOS_pca10040 Debug/Obj/nrf_drv_gpiote.o
 .debug_frame   0x00000000000028ac       0x7c Output/blinky_FreeRTOS_pca10040 Debug/Obj/main.o
 .debug_frame   0x0000000000002928       0xec Output/blinky_FreeRTOS_pca10040 Debug/Obj/system_nrf52.o

.debug_pubnames
                0x0000000000000000     0x45bd
 .debug_pubnames
                0x0000000000000000      0x4aa Output/blinky_FreeRTOS_pca10040 Debug/Obj/boards.o
 .debug_pubnames
                0x00000000000004aa       0x8c Output/blinky_FreeRTOS_pca10040 Debug/Obj/heap_1.o
 .debug_pubnames
                0x0000000000000536       0x72 Output/blinky_FreeRTOS_pca10040 Debug/Obj/list.o
 .debug_pubnames
                0x00000000000005a8       0x4d Output/blinky_FreeRTOS_pca10040 Debug/Obj/port.o
 .debug_pubnames
                0x00000000000005f5      0x4b6 Output/blinky_FreeRTOS_pca10040 Debug/Obj/port_cmsis.o
 .debug_pubnames
                0x0000000000000aab      0x71e Output/blinky_FreeRTOS_pca10040 Debug/Obj/port_cmsis_systick.o
 .debug_pubnames
                0x00000000000011c9      0x326 Output/blinky_FreeRTOS_pca10040 Debug/Obj/queue.o
 .debug_pubnames
                0x00000000000014ef      0x986 Output/blinky_FreeRTOS_pca10040 Debug/Obj/tasks.o
 .debug_pubnames
                0x0000000000001e75      0x2fa Output/blinky_FreeRTOS_pca10040 Debug/Obj/timers.o
 .debug_pubnames
                0x000000000000216f       0x82 Output/blinky_FreeRTOS_pca10040 Debug/Obj/app_error.o
 .debug_pubnames
                0x00000000000021f1       0x2e Output/blinky_FreeRTOS_pca10040 Debug/Obj/app_error_weak.o
 .debug_pubnames
                0x000000000000221f      0x204 Output/blinky_FreeRTOS_pca10040 Debug/Obj/app_util_platform.o
 .debug_pubnames
                0x0000000000002423       0x2a Output/blinky_FreeRTOS_pca10040 Debug/Obj/nrf_assert.o
 .debug_pubnames
                0x000000000000244d      0x92c Output/blinky_FreeRTOS_pca10040 Debug/Obj/nrf_drv_clock.o
 .debug_pubnames
                0x0000000000002d79      0x414 Output/blinky_FreeRTOS_pca10040 Debug/Obj/nrf_drv_common.o
 .debug_pubnames
                0x000000000000318d     0x125c Output/blinky_FreeRTOS_pca10040 Debug/Obj/nrf_drv_gpiote.o
 .debug_pubnames
                0x00000000000043e9       0xc4 Output/blinky_FreeRTOS_pca10040 Debug/Obj/main.o
 .debug_pubnames
                0x00000000000044ad      0x110 Output/blinky_FreeRTOS_pca10040 Debug/Obj/system_nrf52.o

.debug_pubtypes
                0x0000000000000000     0x29a7
 .debug_pubtypes
                0x0000000000000000      0x23c Output/blinky_FreeRTOS_pca10040 Debug/Obj/boards.o
 .debug_pubtypes
                0x000000000000023c      0x1c7 Output/blinky_FreeRTOS_pca10040 Debug/Obj/heap_1.o
 .debug_pubtypes
                0x0000000000000403      0x21c Output/blinky_FreeRTOS_pca10040 Debug/Obj/list.o
 .debug_pubtypes
                0x000000000000061f      0x1a3 Output/blinky_FreeRTOS_pca10040 Debug/Obj/port.o
 .debug_pubtypes
                0x00000000000007c2      0x250 Output/blinky_FreeRTOS_pca10040 Debug/Obj/port_cmsis.o
 .debug_pubtypes
                0x0000000000000a12      0x25d Output/blinky_FreeRTOS_pca10040 Debug/Obj/port_cmsis_systick.o
 .debug_pubtypes
                0x0000000000000c6f      0x307 Output/blinky_FreeRTOS_pca10040 Debug/Obj/queue.o
 .debug_pubtypes
                0x0000000000000f76      0x346 Output/blinky_FreeRTOS_pca10040 Debug/Obj/tasks.o
 .debug_pubtypes
                0x00000000000012bc      0x372 Output/blinky_FreeRTOS_pca10040 Debug/Obj/timers.o
 .debug_pubtypes
                0x000000000000162e      0x1e2 Output/blinky_FreeRTOS_pca10040 Debug/Obj/app_error.o
 .debug_pubtypes
                0x0000000000001810      0x208 Output/blinky_FreeRTOS_pca10040 Debug/Obj/app_error_weak.o
 .debug_pubtypes
                0x0000000000001a18      0x1cf Output/blinky_FreeRTOS_pca10040 Debug/Obj/app_util_platform.o
 .debug_pubtypes
                0x0000000000001be7      0x1b8 Output/blinky_FreeRTOS_pca10040 Debug/Obj/nrf_assert.o
 .debug_pubtypes
                0x0000000000001d9f      0x2ff Output/blinky_FreeRTOS_pca10040 Debug/Obj/nrf_drv_clock.o
 .debug_pubtypes
                0x000000000000209e      0x1cf Output/blinky_FreeRTOS_pca10040 Debug/Obj/nrf_drv_common.o
 .debug_pubtypes
                0x000000000000226d      0x396 Output/blinky_FreeRTOS_pca10040 Debug/Obj/nrf_drv_gpiote.o
 .debug_pubtypes
                0x0000000000002603      0x1fd Output/blinky_FreeRTOS_pca10040 Debug/Obj/main.o
 .debug_pubtypes
                0x0000000000002800      0x1a7 Output/blinky_FreeRTOS_pca10040 Debug/Obj/system_nrf52.o

.debug_macro    0x0000000000000000     0x2e9e
 .debug_macro   0x0000000000000000      0x155 Output/blinky_FreeRTOS_pca10040 Debug/Obj/boards.o
 .debug_macro   0x0000000000000155       0x35 Output/blinky_FreeRTOS_pca10040 Debug/Obj/boards.o
 .debug_macro   0x000000000000018a       0x22 Output/blinky_FreeRTOS_pca10040 Debug/Obj/boards.o
 .debug_macro   0x00000000000001ac      0x372 Output/blinky_FreeRTOS_pca10040 Debug/Obj/boards.o
 .debug_macro   0x000000000000051e       0x78 Output/blinky_FreeRTOS_pca10040 Debug/Obj/boards.o
 .debug_macro   0x0000000000000596       0x2a Output/blinky_FreeRTOS_pca10040 Debug/Obj/boards.o
 .debug_macro   0x00000000000005c0       0x10 Output/blinky_FreeRTOS_pca10040 Debug/Obj/boards.o
 .debug_macro   0x00000000000005d0       0x28 Output/blinky_FreeRTOS_pca10040 Debug/Obj/boards.o
 .debug_macro   0x00000000000005f8       0x16 Output/blinky_FreeRTOS_pca10040 Debug/Obj/boards.o
 .debug_macro   0x000000000000060e      0x261 Output/blinky_FreeRTOS_pca10040 Debug/Obj/boards.o
 .debug_macro   0x000000000000086f      0x115 Output/blinky_FreeRTOS_pca10040 Debug/Obj/boards.o
 .debug_macro   0x0000000000000984      0x1d0 Output/blinky_FreeRTOS_pca10040 Debug/Obj/heap_1.o
 .debug_macro   0x0000000000000b54      0x1af Output/blinky_FreeRTOS_pca10040 Debug/Obj/list.o
 .debug_macro   0x0000000000000d03      0x1b5 Output/blinky_FreeRTOS_pca10040 Debug/Obj/port.o
 .debug_macro   0x0000000000000eb8      0x1df Output/blinky_FreeRTOS_pca10040 Debug/Obj/port_cmsis.o
 .debug_macro   0x0000000000001097      0x253 Output/blinky_FreeRTOS_pca10040 Debug/Obj/port_cmsis_systick.o
 .debug_macro   0x00000000000012ea       0x31 Output/blinky_FreeRTOS_pca10040 Debug/Obj/port_cmsis_systick.o
 .debug_macro   0x000000000000131b       0x10 Output/blinky_FreeRTOS_pca10040 Debug/Obj/port_cmsis_systick.o
 .debug_macro   0x000000000000132b      0x16d Output/blinky_FreeRTOS_pca10040 Debug/Obj/port_cmsis_systick.o
 .debug_macro   0x0000000000001498       0x68 Output/blinky_FreeRTOS_pca10040 Debug/Obj/port_cmsis_systick.o
 .debug_macro   0x0000000000001500       0x28 Output/blinky_FreeRTOS_pca10040 Debug/Obj/port_cmsis_systick.o
 .debug_macro   0x0000000000001528       0x16 Output/blinky_FreeRTOS_pca10040 Debug/Obj/port_cmsis_systick.o
 .debug_macro   0x000000000000153e       0x28 Output/blinky_FreeRTOS_pca10040 Debug/Obj/port_cmsis_systick.o
 .debug_macro   0x0000000000001566      0x214 Output/blinky_FreeRTOS_pca10040 Debug/Obj/queue.o
 .debug_macro   0x000000000000177a       0xb0 Output/blinky_FreeRTOS_pca10040 Debug/Obj/queue.o
 .debug_macro   0x000000000000182a      0x250 Output/blinky_FreeRTOS_pca10040 Debug/Obj/tasks.o
 .debug_macro   0x0000000000001a7a       0x16 Output/blinky_FreeRTOS_pca10040 Debug/Obj/tasks.o
 .debug_macro   0x0000000000001a90      0x1ec Output/blinky_FreeRTOS_pca10040 Debug/Obj/timers.o
 .debug_macro   0x0000000000001c7c      0x103 Output/blinky_FreeRTOS_pca10040 Debug/Obj/app_error.o